Archive member included to satisfy reference by file (symbol)

C:/Program Files/SEGGER/SEGGER Embedded Studio for ARM 5.68/lib/libc_v7em_fpv4_sp_d16_hard_t_le_eabi.a(libc_asm.o)
                              Output/Release/Obj/ble_app_beacon_pca10040_s132/bsp.o (__aeabi_uldivmod)
C:/Program Files/SEGGER/SEGGER Embedded Studio for ARM 5.68/lib/libc_v7em_fpv4_sp_d16_hard_t_le_eabi.a(libc2.o)
                              Output/Release/Obj/ble_app_beacon_pca10040_s132/nrf_log_str_formatter.o (isprint)
C:/Program Files/SEGGER/SEGGER Embedded Studio for ARM 5.68/lib/libc_v7em_fpv4_sp_d16_hard_t_le_eabi.a(libc2_asm.o)
                              Output/Release/Obj/ble_app_beacon_pca10040_s132/nrf_log_frontend.o (memcpy)
C:/Program Files/SEGGER/SEGGER Embedded Studio for ARM 5.68/lib/libc_v7em_fpv4_sp_d16_hard_t_le_eabi.a(libvfprintf.o)
                              (__vfprintf_long)
C:/Program Files/SEGGER/SEGGER Embedded Studio for ARM 5.68/lib/libc_v7em_fpv4_sp_d16_hard_t_le_eabi.a(libvfscanf.o)
                              (__vfscanf_long)
C:/Program Files/SEGGER/SEGGER Embedded Studio for ARM 5.68/lib/libc_v7em_fpv4_sp_d16_hard_t_le_eabi.a(libc.o)
                              C:/Program Files/SEGGER/SEGGER Embedded Studio for ARM 5.68/lib/libc_v7em_fpv4_sp_d16_hard_t_le_eabi.a(libc2.o) (__heap_lock)
C:/Program Files/SEGGER/SEGGER Embedded Studio for ARM 5.68/lib/libdebugio_v7em_fpv4_sp_d16_hard_t_le_eabi.a(libdebugio.o)
                              Output/Release/Obj/ble_app_beacon_pca10040_s132/thumb_crt0.o (debug_fopen)
C:/Program Files/SEGGER/SEGGER Embedded Studio for ARM 5.68/lib/libdebugio_v7em_fpv4_sp_d16_hard_t_le_eabi.a(do_nv_debug_operation.o)
                              C:/Program Files/SEGGER/SEGGER Embedded Studio for ARM 5.68/lib/libdebugio_v7em_fpv4_sp_d16_hard_t_le_eabi.a(libdebugio.o) (__do_nvdebug_operation)
C:/Program Files/SEGGER/SEGGER Embedded Studio for ARM 5.68/lib/libdebugio_v7em_fpv4_sp_d16_hard_t_le_eabi.a(mempoll_debug_operations.o)
                              (__do_debug_operation_mempoll)
C:/Program Files/SEGGER/SEGGER Embedded Studio for ARM 5.68/lib/libm_v7em_fpv4_sp_d16_hard_t_le_eabi.a(libm_asm.o)
                              C:/Program Files/SEGGER/SEGGER Embedded Studio for ARM 5.68/lib/libc_v7em_fpv4_sp_d16_hard_t_le_eabi.a(libc2.o) (__aeabi_dadd)
C:/Program Files/SEGGER/SEGGER Embedded Studio for ARM 5.68/lib/libm_v7em_fpv4_sp_d16_hard_t_le_eabi.a(libm2.o)
                              C:/Program Files/SEGGER/SEGGER Embedded Studio for ARM 5.68/lib/libc_v7em_fpv4_sp_d16_hard_t_le_eabi.a(libvfprintf.o) (frexp)

Discarded input sections

 .text          0x0000000000000000        0x0 Output/Release/Obj/ble_app_beacon_pca10040_s132/thumb_crt0.o
 .data          0x0000000000000000        0x0 Output/Release/Obj/ble_app_beacon_pca10040_s132/thumb_crt0.o
 .bss           0x0000000000000000        0x0 Output/Release/Obj/ble_app_beacon_pca10040_s132/thumb_crt0.o
 .text.__aeabi_read_tp
                0x0000000000000000        0x8 Output/Release/Obj/ble_app_beacon_pca10040_s132/thumb_crt0.o
 .text.abort    0x0000000000000000        0x2 Output/Release/Obj/ble_app_beacon_pca10040_s132/thumb_crt0.o
 .text.__assert
                0x0000000000000000        0x2 Output/Release/Obj/ble_app_beacon_pca10040_s132/thumb_crt0.o
 .text.__assert_func
                0x0000000000000000        0x2 Output/Release/Obj/ble_app_beacon_pca10040_s132/thumb_crt0.o
 .text.__aeabi_assert
                0x0000000000000000        0x2 Output/Release/Obj/ble_app_beacon_pca10040_s132/thumb_crt0.o
 .text.__sync_synchronize
                0x0000000000000000        0x2 Output/Release/Obj/ble_app_beacon_pca10040_s132/thumb_crt0.o
 .text.__getchar
                0x0000000000000000        0x4 Output/Release/Obj/ble_app_beacon_pca10040_s132/thumb_crt0.o
 .text.__putchar
                0x0000000000000000        0x4 Output/Release/Obj/ble_app_beacon_pca10040_s132/thumb_crt0.o
 .text.__open   0x0000000000000000        0x4 Output/Release/Obj/ble_app_beacon_pca10040_s132/thumb_crt0.o
 .text.__close  0x0000000000000000        0x4 Output/Release/Obj/ble_app_beacon_pca10040_s132/thumb_crt0.o
 .text.__write  0x0000000000000000        0xa Output/Release/Obj/ble_app_beacon_pca10040_s132/thumb_crt0.o
 .text.__read   0x0000000000000000        0xa Output/Release/Obj/ble_app_beacon_pca10040_s132/thumb_crt0.o
 .text.__seek   0x0000000000000000       0x1a Output/Release/Obj/ble_app_beacon_pca10040_s132/thumb_crt0.o
 .text.remove   0x0000000000000000        0x4 Output/Release/Obj/ble_app_beacon_pca10040_s132/thumb_crt0.o
 .text.rename   0x0000000000000000        0x4 Output/Release/Obj/ble_app_beacon_pca10040_s132/thumb_crt0.o
 .bss.__user_locale_name_buffer
                0x0000000000000000        0x4 Output/Release/Obj/ble_app_beacon_pca10040_s132/thumb_crt0.o
 .stack         0x0000000000000000        0x0 Output/Release/Obj/ble_app_beacon_pca10040_s132/thumb_crt0.o
 .stack_process
[...]
Memory Configuration

Name             Origin             Length             Attributes
UNPLACED_SECTIONS 0x0000000100000000 0x0000000000000000 xw
RAM1             0x0000000020000000 0x0000000000010000 xw
FLASH1           0x0000000000000000 0x0000000000080000 xw
*default*        0x0000000000000000 0xffffffffffffffff

Linker script and memory map

                0x0000000000000000                __do_debug_operation = __do_debug_operation_mempoll
                0x0000000000000000                __vfprintf = __vfprintf_long
                0x0000000000000000                __vfscanf = __vfscanf_long
                0x0000000020000000                __RAM1_segment_start__ = 0x20000000
                0x0000000020010000                __RAM1_segment_end__ = 0x20010000
                0x0000000000010000                __RAM1_segment_size__ = 0x10000
                0x0000000000000000                __FLASH1_segment_start__ = 0x0
                0x0000000000080000                __FLASH1_segment_end__ = 0x80000
                0x0000000000080000                __FLASH1_segment_size__ = 0x80000
                0x0000000000002000                __HEAPSIZE__ = 0x2000
                0x0000000000000000                __STACKSIZE_PROCESS__ = 0x0
                0x0000000000002000                __STACKSIZE__ = 0x2000
                0x0000000020000000                __reserved_ram_load_start__ = 0x20000000

.reserved_ram   0x0000000020000000     0x18c8
                0x0000000020000000                __reserved_ram_start__ = .
 *(.reserved_ram .reserved_ram.*)
                0x00000000200018c8                . = MAX (((__reserved_ram_start__ + 0x200018c8) - 0x20000000), .)
 *fill*         0x0000000020000000     0x18c8 
                0x00000000200018c8                __reserved_ram_end__ = (__reserved_ram_start__ + SIZEOF (.reserved_ram))
                0x00000000000018c8                __reserved_ram_size__ = SIZEOF (.reserved_ram)
                0x00000000200018c8                __reserved_ram_load_end__ = __reserved_ram_end__
                0x0000000000000001                . = ASSERT (((__reserved_ram_start__ == __reserved_ram_end__) || ((__reserved_ram_end__ - __RAM1_segment_start__) <= __RAM1_segment_size__)), error: .reserved_ram is too large to fit in RAM1 memory segment)
                0x00000000200018c8                __vectors_ram_load_start__ = 0x200018c8

.vectors_ram    0x00000000200018c8        0x0
                0x00000000200018c8                __vectors_ram_start__ = .
                0x00000000200018c8                __app_ram_start__ = __vectors_ram_start__
 *(.vectors_ram .vectors_ram.*)
                0x00000000200018c8                __vectors_ram_end__ = (__vectors_ram_start__ + SIZEOF (.vectors_ram))
                0x0000000000000000                __vectors_ram_size__ = SIZEOF (.vectors_ram)
                0x00000000200018c8                __vectors_ram_load_end__ = __vectors_ram_end__
                0x0000000000000001                . = ASSERT (((__vectors_ram_start__ == __vectors_ram_end__) || ((__vectors_ram_end__ - __RAM1_segment_start__) <= __RAM1_segment_size__)), error: .vectors_ram is too large to fit in RAM1 memory segment)
                0x0000000000000001                . = ASSERT ((__reserved_ram_end__ <= __vectors_ram_start__), error: section .reserved_ram overlaps absolute placed section .vectors_ram)
                0x00000000200018c8                __nrf_sections_run_load_start__ = ALIGN (__vectors_ram_end__, 0x4)

.nrf_sections_run
                0x00000000200018c8        0x0
                0x00000000200018c8                __nrf_sections_run_start__ = .
                0x00000000200018c8                __start_nrf_sections_run = __nrf_sections_run_start__
 *(.nrf_sections_run .nrf_sections_run.*)
                0x00000000200018c8                __nrf_sections_run_end__ = (__nrf_sections_run_start__ + SIZEOF (.nrf_sections_run))
                0x0000000000000000                __nrf_sections_run_size__ = SIZEOF (.nrf_sections_run)
                0x00000000200018c8                __nrf_sections_run_load_end__ = __nrf_sections_run_end__
                0x0000000000000001                . = ASSERT (((__nrf_sections_run_start__ == __nrf_sections_run_end__) || ((__nrf_sections_run_end__ - __RAM1_segment_start__) <= __RAM1_segment_size__)), error: .nrf_sections_run is too large to fit in RAM1 memory segment)
                0x0000000000000000                __reserved_flash_load_start__ = 0x0

.reserved_flash
                0x0000000000000000    0x26000
                0x0000000000000000                __reserved_flash_start__ = .
 *(.reserved_flash .reserved_flash.*)
                0x0000000000026000                . = MAX (((__reserved_flash_start__ + 0x26000) - 0x0), .)
 *fill*         0x0000000000000000    0x26000 
                0x0000000000026000                __reserved_flash_end__ = (__reserved_flash_start__ + SIZEOF (.reserved_flash))
                0x0000000000026000                __reserved_flash_size__ = SIZEOF (.reserved_flash)
                0x0000000000026000                __reserved_flash_load_end__ = __reserved_flash_end__
                0x0000000000000001                . = ASSERT (((__reserved_flash_start__ == __reserved_flash_end__) || ((__reserved_flash_end__ - __FLASH1_segment_start__) <= __FLASH1_segment_size__)), error: .reserved_flash is too large to fit in FLASH1 memory segment)
                0x0000000000026000                __vectors_load_start__ = 0x26000

.vectors        0x0000000000026000      0x200
                0x0000000000026000                __vectors_start__ = .
 *(.vectors .vectors.*)
 .vectors       0x0000000000026000      0x200 Output/Release/Obj/ble_app_beacon_pca10040_s132/ses_startup_nrf52.o
                0x0000000000026000                _vectors
                0x0000000000026200                __vectors_end__ = (__vectors_start__ + SIZEOF (.vectors))
                0x0000000000000200                __vectors_size__ = SIZEOF (.vectors)
                0x0000000000026200                __vectors_load_end__ = __vectors_end__
                0x0000000000000001                . = ASSERT (((__vectors_start__ == __vectors_end__) || ((__vectors_end__ - __FLASH1_segment_start__) <= __FLASH1_segment_size__)), error: .vectors is too large to fit in FLASH1 memory segment)
                0x0000000000000001                . = ASSERT ((__reserved_flash_end__ <= __vectors_start__), error: section .reserved_flash overlaps absolute placed section .vectors)
                0x0000000000026200                __init_load_start__ = ALIGN (__vectors_end__, 0x4)

.init           0x0000000000026200      0x1d0
                0x0000000000026200                __init_start__ = .
 *(.init .init.*)
 .init          0x0000000000026200      0x15c Output/Release/Obj/ble_app_beacon_pca10040_s132/thumb_crt0.o
                0x0000000000026200                _start
                0x00000000000262b4                exit
 .init          0x000000000002635c       0x18 Output/Release/Obj/ble_app_beacon_pca10040_s132/ses_startup_nrf52.o
                0x000000000002635c                NMI_Handler
                0x000000000002635e                HardFault_Handler
                0x0000000000026360                MemoryManagement_Handler
                0x0000000000026362                BusFault_Handler
                0x0000000000026364                UsageFault_Handler
                0x0000000000026366                SVC_Handler
                0x0000000000026368                DebugMon_Handler
                0x000000000002636a                PendSV_Handler
                0x000000000002636c                SysTick_Handler
                0x000000000002636e                SWI0_EGU0_IRQHandler
                0x000000000002636e                RADIO_IRQHandler
                0x000000000002636e                PDM_IRQHandler
                0x000000000002636e                PWM1_IRQHandler
                0x000000000002636e                QDEC_IRQHandler
                0x000000000002636e                TIMER3_IRQHandler
                0x000000000002636e                RTC0_IRQHandler
                0x000000000002636e                SPIM0_SPIS0_TWIM0_TWIS0_SPI0_TWI0_IRQHandler
                0x000000000002636e                TEMP_IRQHandler
                0x000000000002636e                TIMER4_IRQHandler
                0x000000000002636e                I2S_IRQHandler
                0x000000000002636e                SWI4_EGU4_IRQHandler
                0x000000000002636e                TIMER0_IRQHandler
                0x000000000002636e                Dummy_Handler
                0x000000000002636e                TIMER1_IRQHandler
                0x000000000002636e                PWM2_IRQHandler
                0x000000000002636e                ECB_IRQHandler
                0x000000000002636e                SPIM1_SPIS1_TWIM1_TWIS1_SPI1_TWI1_IRQHandler
                0x000000000002636e                CCM_AAR_IRQHandler
                0x000000000002636e                WDT_IRQHandler
                0x000000000002636e                FPU_IRQHandler
                0x000000000002636e                SWI5_EGU5_IRQHandler
                0x000000000002636e                RNG_IRQHandler
                0x000000000002636e                RTC2_IRQHandler
                0x000000000002636e                PWM0_IRQHandler
                0x000000000002636e                SWI3_EGU3_IRQHandler
                0x000000000002636e                SWI1_EGU1_IRQHandler
                0x000000000002636e                SPIM2_SPIS2_SPI2_IRQHandler
                0x000000000002636e                NFCT_IRQHandler
                0x000000000002636e                TIMER2_IRQHandler
                0x000000000002636e                MWU_IRQHandler
                0x000000000002636e                COMP_LPCOMP_IRQHandler
                0x0000000000026370                nRFInitialize
 .init          0x0000000000026374       0x5c Output/Release/Obj/ble_app_beacon_pca10040_s132/ses_startup_nrf_common.o
                0x0000000000026374                Reset_Handler
                0x0000000000026378                afterInitialize
                0x000000000002639c                InitializeUserMemorySections
                0x00000000000263d0                __init_end__ = (__init_start__ + SIZEOF (.init))
                0x00000000000001d0                __init_size__ = SIZEOF (.init)
                0x00000000000263d0                __init_load_end__ = __init_end__
                0x0000000000000001                . = ASSERT (((__init_start__ == __init_end__) || ((__init_end__ - __FLASH1_segment_start__) <= __FLASH1_segment_size__)), error: .init is too large to fit in FLASH1 memory segment)
                0x00000000000263d0                __init_rodata_load_start__ = ALIGN (__init_end__, 0x4)

.init_rodata    0x00000000000263d0        0x0
                0x00000000000263d0                __init_rodata_start__ = .
 *(.init_rodata .init_rodata.*)
                0x00000000000263d0                __init_rodata_end__ = (__init_rodata_start__ + SIZEOF (.init_rodata))
                0x0000000000000000                __init_rodata_size__ = SIZEOF (.init_rodata)
                0x00000000000263d0                __init_rodata_load_end__ = __init_rodata_end__
                0x0000000000000001                . = ASSERT (((__init_rodata_start__ == __init_rodata_end__) || ((__init_rodata_end__ - __FLASH1_segment_start__) <= __FLASH1_segment_size__)), error: .init_rodata is too large to fit in FLASH1 memory segment)
                0x00000000000263d0                __text_load_start__ = ALIGN (__init_rodata_end__, 0x4)

.text           0x00000000000263d0     0x3f20
                0x00000000000263d0                __text_start__ = .
 *(.text .text.* .glue_7t .glue_7 .gnu.linkonce.t.* .gcc_except_table .ARM.extab* .gnu.linkonce.armextab.*)
 .glue_7        0x00000000000263d0        0x0 linker stubs
 .glue_7t       0x00000000000263d0        0x0 linker stubs
 .text.nrf_log_backend_rtt_flush
                0x00000000000263d0        0x2 Output/Release/Obj/ble_app_beacon_pca10040_s132/nrf_log_backend_rtt.o
 *fill*         0x00000000000263d2        0x2 
 .text.nrf_log_backend_rtt_put
                0x00000000000263d4       0x1c Output/Release/Obj/ble_app_beacon_pca10040_s132/nrf_log_backend_rtt.o
 .text.serial_tx
                0x00000000000263f0       0x50 Output/Release/Obj/ble_app_beacon_pca10040_s132/nrf_log_backend_rtt.o
 .text.nrf_log_backend_rtt_panic_set
                0x0000000000026440        0x2 Output/Release/Obj/ble_app_beacon_pca10040_s132/nrf_log_backend_rtt.o
 .text.nrf_log_backend_rtt_init
                0x0000000000026442        0x4 Output/Release/Obj/ble_app_beacon_pca10040_s132/nrf_log_backend_rtt.o
                0x0000000000026442                nrf_log_backend_rtt_init
 .text.nrf_log_backend_serial_put
                0x0000000000026446       0xc2 Output/Release/Obj/ble_app_beacon_pca10040_s132/nrf_log_backend_serial.o
                0x0000000000026446                nrf_log_backend_serial_put
 .text.uart_evt_handler
                0x0000000000026508        0xc Output/Release/Obj/ble_app_beacon_pca10040_s132/nrf_log_backend_uart.o
 .text.nrf_log_backend_uart_flush
                0x0000000000026514        0x2 Output/Release/Obj/ble_app_beacon_pca10040_s132/nrf_log_backend_uart.o
 *fill*         0x0000000000026516        0x2 
 .text.uart_init
                0x0000000000026518       0x4c Output/Release/Obj/ble_app_beacon_pca10040_s132/nrf_log_backend_uart.o
 .text.nrf_log_backend_uart_put
                0x0000000000026564       0x1c Output/Release/Obj/ble_app_beacon_pca10040_s132/nrf_log_backend_uart.o
 .text.serial_tx
                0x0000000000026580       0x48 Output/Release/Obj/ble_app_beacon_pca10040_s132/nrf_log_backend_uart.o
 .text.nrf_log_backend_uart_panic_set
                0x00000000000265c8       0x2c Output/Release/Obj/ble_app_beacon_pca10040_s132/nrf_log_backend_uart.o
 .text.nrf_log_backend_uart_init
                0x00000000000265f4        0x6 Output/Release/Obj/ble_app_beacon_pca10040_s132/nrf_log_backend_uart.o
                0x00000000000265f4                nrf_log_backend_uart_init
 *fill*         0x00000000000265fa        0x2 
 .text.nrf_log_default_backends_init
                0x00000000000265fc       0x38 Output/Release/Obj/ble_app_beacon_pca10040_s132/nrf_log_default_backends.o
                0x00000000000265fc                nrf_log_default_backends_init
 .text.invalid_packets_omit
                0x0000000000026634       0x3a Output/Release/Obj/ble_app_beacon_pca10040_s132/nrf_log_frontend.o
 *fill*         0x000000000002666e        0x2 
 .text.buf_prealloc
                0x0000000000026670      0x128 Output/Release/Obj/ble_app_beacon_pca10040_s132/nrf_log_frontend.o
 .text.nrf_log_init
                0x0000000000026798       0x28 Output/Release/Obj/ble_app_beacon_pca10040_s132/nrf_log_frontend.o
                0x0000000000026798                nrf_log_init
 .text.nrf_log_module_name_get
                0x00000000000267c0       0x38 Output/Release/Obj/ble_app_beacon_pca10040_s132/nrf_log_frontend.o
                0x00000000000267c0                nrf_log_module_name_get
 .text.nrf_log_color_id_get
                0x00000000000267f8       0x2c Output/Release/Obj/ble_app_beacon_pca10040_s132/nrf_log_frontend.o
                0x00000000000267f8                nrf_log_color_id_get
 .text.log_pending_hook
                0x0000000000026824        0x2 Output/Release/Obj/ble_app_beacon_pca10040_s132/nrf_log_frontend.o
                0x0000000000026824                log_pending_hook
 *fill*         0x0000000000026826        0x2 
 .text.buffer_is_empty
                0x0000000000026828       0x14 Output/Release/Obj/ble_app_beacon_pca10040_s132/nrf_log_frontend.o
                0x0000000000026828                buffer_is_empty
 .text.nrf_log_frontend_dequeue
                0x000000000002683c      0x208 Output/Release/Obj/ble_app_beacon_pca10040_s132/nrf_log_frontend.o
                0x000000000002683c                nrf_log_frontend_dequeue
 .text.std_n    0x0000000000026a44       0x90 Output/Release/Obj/ble_app_beacon_pca10040_s132/nrf_log_frontend.o
 .text.nrf_log_frontend_std_0
                0x0000000000026ad4        0x8 Output/Release/Obj/ble_app_beacon_pca10040_s132/nrf_log_frontend.o
                0x0000000000026ad4                nrf_log_frontend_std_0
 .text.nrf_log_frontend_std_1
                0x0000000000026adc       0x12 Output/Release/Obj/ble_app_beacon_pca10040_s132/nrf_log_frontend.o
                0x0000000000026adc                nrf_log_frontend_std_1
 .text.nrf_log_frontend_std_2
                0x0000000000026aee       0x14 Output/Release/Obj/ble_app_beacon_pca10040_s132/nrf_log_frontend.o
                0x0000000000026aee                nrf_log_frontend_std_2
 .text.nrf_log_frontend_std_6
                0x0000000000026b02       0x24 Output/Release/Obj/ble_app_beacon_pca10040_s132/nrf_log_frontend.o
                0x0000000000026b02                nrf_log_frontend_std_6
 *fill*         0x0000000000026b26        0x2 
 .text.nrf_log_backend_add
                0x0000000000026b28       0x44 Output/Release/Obj/ble_app_beacon_pca10040_s132/nrf_log_frontend.o
                0x0000000000026b28                nrf_log_backend_add
 .text.nrf_log_panic
                0x0000000000026b6c       0x28 Output/Release/Obj/ble_app_beacon_pca10040_s132/nrf_log_frontend.o
                0x0000000000026b6c                nrf_log_panic
 .text.prefix_process
                0x0000000000026b94       0x7c Output/Release/Obj/ble_app_beacon_pca10040_s132/nrf_log_str_formatter.o
 .text.postfix_process
                0x0000000000026c10       0x44 Output/Release/Obj/ble_app_beacon_pca10040_s132/nrf_log_str_formatter.o
 .text.nrf_log_std_entry_process
                0x0000000000026c54       0xc8 Output/Release/Obj/ble_app_beacon_pca10040_s132/nrf_log_str_formatter.o
                0x0000000000026c54                nrf_log_std_entry_process
 .text.nrf_log_hexdump_entry_process
                0x0000000000026d1c       0xc0 Output/Release/Obj/ble_app_beacon_pca10040_s132/nrf_log_str_formatter.o
                0x0000000000026d1c                nrf_log_hexdump_entry_process
 .text.app_error_handler_bare
                0x0000000000026ddc       0x1a Output/Release/Obj/ble_app_beacon_pca10040_s132/app_error.o
                0x0000000000026ddc                app_error_handler_bare
 *fill*         0x0000000000026df6        0x2 
 .text.app_error_fault_handler
                0x0000000000026df8       0x6c Output/Release/Obj/ble_app_beacon_pca10040_s132/app_error_weak.o
                0x0000000000026df8                app_error_fault_handler
 .text.compare_func
                0x0000000000026e64       0x18 Output/Release/Obj/ble_app_beacon_pca10040_s132/app_timer2.o
 .text.get_now  0x0000000000026e7c       0x38 Output/Release/Obj/ble_app_beacon_pca10040_s132/app_timer2.o
 .text.timer_req_schedule
                0x0000000000026eb4       0x38 Output/Release/Obj/ble_app_beacon_pca10040_s132/app_timer2.o
 .text.timer_expire
                0x0000000000026eec       0xb0 Output/Release/Obj/ble_app_beacon_pca10040_s132/app_timer2.o
 .text.app_timer_init
                0x0000000000026f9c       0x64 Output/Release/Obj/ble_app_beacon_pca10040_s132/app_timer2.o
                0x0000000000026f9c                app_timer_init
 .text.app_timer_create
                0x0000000000027000       0x24 Output/Release/Obj/ble_app_beacon_pca10040_s132/app_timer2.o
                0x0000000000027000                app_timer_create
 .text.app_timer_start
                0x0000000000027024       0x5c Output/Release/Obj/ble_app_beacon_pca10040_s132/app_timer2.o
                0x0000000000027024                app_timer_start
 .text.app_timer_stop
                0x0000000000027080       0x4e Output/Release/Obj/ble_app_beacon_pca10040_s132/app_timer2.o
                0x0000000000027080                app_timer_stop
 *fill*         0x00000000000270ce        0x2 
 .text.app_timer_cnt_get
                0x00000000000270d0        0xc Output/Release/Obj/ble_app_beacon_pca10040_s132/app_timer2.o
                0x00000000000270d0                app_timer_cnt_get
 .text.rtc_irq  0x00000000000270dc      0x1b8 Output/Release/Obj/ble_app_beacon_pca10040_s132/app_timer2.o
 .text.app_util_critical_region_enter
                0x0000000000027294       0x48 Output/Release/Obj/ble_app_beacon_pca10040_s132/app_util_platform.o
                0x0000000000027294                app_util_critical_region_enter
 .text.app_util_critical_region_exit
                0x00000000000272dc       0x2c Output/Release/Obj/ble_app_beacon_pca10040_s132/app_util_platform.o
                0x00000000000272dc                app_util_critical_region_exit
 .text.evt_pending.isra.0
                0x0000000000027308       0x1a Output/Release/Obj/ble_app_beacon_pca10040_s132/drv_rtc.o
 *fill*         0x0000000000027322        0x2 
 .text.drv_rtc_init
                0x0000000000027324       0xa4 Output/Release/Obj/ble_app_beacon_pca10040_s132/drv_rtc.o
                0x0000000000027324                drv_rtc_init
 .text.drv_rtc_start
                0x00000000000273c8        0x8 Output/Release/Obj/ble_app_beacon_pca10040_s132/drv_rtc.o
                0x00000000000273c8                drv_rtc_start
 .text.drv_rtc_stop
                0x00000000000273d0        0x8 Output/Release/Obj/ble_app_beacon_pca10040_s132/drv_rtc.o
                0x00000000000273d0                drv_rtc_stop
 .text.drv_rtc_compare_set
                0x00000000000273d8       0x3e Output/Release/Obj/ble_app_beacon_pca10040_s132/drv_rtc.o
                0x00000000000273d8                drv_rtc_compare_set
 *fill*         0x0000000000027416        0x2 
 .text.drv_rtc_windowed_compare_set
                0x0000000000027418       0xf0 Output/Release/Obj/ble_app_beacon_pca10040_s132/drv_rtc.o
                0x0000000000027418                drv_rtc_windowed_compare_set
 .text.drv_rtc_overflow_enable
                0x0000000000027508       0x10 Output/Release/Obj/ble_app_beacon_pca10040_s132/drv_rtc.o
                0x0000000000027508                drv_rtc_overflow_enable
 .text.drv_rtc_overflow_pending
                0x0000000000027518        0xa Output/Release/Obj/ble_app_beacon_pca10040_s132/drv_rtc.o
                0x0000000000027518                drv_rtc_overflow_pending
 .text.drv_rtc_compare_disable
                0x0000000000027522       0x14 Output/Release/Obj/ble_app_beacon_pca10040_s132/drv_rtc.o
                0x0000000000027522                drv_rtc_compare_disable
 .text.drv_rtc_compare_pending
                0x0000000000027536        0xc Output/Release/Obj/ble_app_beacon_pca10040_s132/drv_rtc.o
                0x0000000000027536                drv_rtc_compare_pending
 .text.drv_rtc_counter_get
                0x0000000000027542        0x8 Output/Release/Obj/ble_app_beacon_pca10040_s132/drv_rtc.o
                0x0000000000027542                drv_rtc_counter_get
 *fill*         0x000000000002754a        0x2 
 .text.drv_rtc_irq_trigger
                0x000000000002754c       0x24 Output/Release/Obj/ble_app_beacon_pca10040_s132/drv_rtc.o
                0x000000000002754c                drv_rtc_irq_trigger
 .text.RTC1_IRQHandler
                0x0000000000027570       0x14 Output/Release/Obj/ble_app_beacon_pca10040_s132/drv_rtc.o
                0x0000000000027570                RTC1_IRQHandler
 .text.nrf_atfifo_init
                0x0000000000027584       0x26 Output/Release/Obj/ble_app_beacon_pca10040_s132/nrf_atfifo.o
                0x0000000000027584                nrf_atfifo_init
 .text.nrf_atfifo_item_alloc
                0x00000000000275aa       0x54 Output/Release/Obj/ble_app_beacon_pca10040_s132/nrf_atfifo.o
                0x00000000000275aa                nrf_atfifo_item_alloc
 .text.nrf_atfifo_item_put
                0x00000000000275fe       0x20 Output/Release/Obj/ble_app_beacon_pca10040_s132/nrf_atfifo.o
                0x00000000000275fe                nrf_atfifo_item_put
 .text.nrf_atfifo_item_get
                0x000000000002761e       0x56 Output/Release/Obj/ble_app_beacon_pca10040_s132/nrf_atfifo.o
                0x000000000002761e                nrf_atfifo_item_get
 .text.nrf_atfifo_item_free
                0x0000000000027674       0x20 Output/Release/Obj/ble_app_beacon_pca10040_s132/nrf_atfifo.o
                0x0000000000027674                nrf_atfifo_item_free
 .text.nrf_atomic_u32_fetch_store
                0x0000000000027694       0x16 Output/Release/Obj/ble_app_beacon_pca10040_s132/nrf_atomic.o
                0x0000000000027694                nrf_atomic_u32_fetch_store
 .text.nrf_atomic_u32_or
                0x00000000000276aa       0x18 Output/Release/Obj/ble_app_beacon_pca10040_s132/nrf_atomic.o
                0x00000000000276aa                nrf_atomic_u32_or
 .text.nrf_atomic_u32_fetch_and
                0x00000000000276c2       0x18 Output/Release/Obj/ble_app_beacon_pca10040_s132/nrf_atomic.o
                0x00000000000276c2                nrf_atomic_u32_fetch_and
 .text.nrf_atomic_u32_add
                0x00000000000276da       0x18 Output/Release/Obj/ble_app_beacon_pca10040_s132/nrf_atomic.o
                0x00000000000276da                nrf_atomic_u32_add
 .text.nrf_atomic_u32_sub
                0x00000000000276f2       0x18 Output/Release/Obj/ble_app_beacon_pca10040_s132/nrf_atomic.o
                0x00000000000276f2                nrf_atomic_u32_sub
 .text.nrf_atomic_flag_set
                0x000000000002770a        0x6 Output/Release/Obj/ble_app_beacon_pca10040_s132/nrf_atomic.o
                0x000000000002770a                nrf_atomic_flag_set
 .text.nrf_atomic_flag_clear_fetch
                0x0000000000027710        0x6 Output/Release/Obj/ble_app_beacon_pca10040_s132/nrf_atomic.o
                0x0000000000027710                nrf_atomic_flag_clear_fetch
 .text.nrf_balloc_init
                0x0000000000027716       0x2e Output/Release/Obj/ble_app_beacon_pca10040_s132/nrf_balloc.o
                0x0000000000027716                nrf_balloc_init
 .text.nrf_balloc_alloc
                0x0000000000027744       0x48 Output/Release/Obj/ble_app_beacon_pca10040_s132/nrf_balloc.o
                0x0000000000027744                nrf_balloc_alloc
 .text.nrf_balloc_free
                0x000000000002778c       0x34 Output/Release/Obj/ble_app_beacon_pca10040_s132/nrf_balloc.o
                0x000000000002778c                nrf_balloc_free
 .text.nrf_fprintf_buffer_flush
                0x00000000000277c0       0x16 Output/Release/Obj/ble_app_beacon_pca10040_s132/nrf_fprintf.o
                0x00000000000277c0                nrf_fprintf_buffer_flush
 .text.nrf_fprintf
                0x00000000000277d6       0x1c Output/Release/Obj/ble_app_beacon_pca10040_s132/nrf_fprintf.o
                0x00000000000277d6                nrf_fprintf
 .text.buffer_add
                0x00000000000277f2       0x2e Output/Release/Obj/ble_app_beacon_pca10040_s132/nrf_fprintf_format.o
 .text.unsigned_print
                0x0000000000027820       0xb4 Output/Release/Obj/ble_app_beacon_pca10040_s132/nrf_fprintf_format.o
 .text.nrf_fprintf_fmt
                0x00000000000278d4      0x294 Output/Release/Obj/ble_app_beacon_pca10040_s132/nrf_fprintf_format.o
                0x00000000000278d4                nrf_fprintf_fmt
 .text.memobj_op
                0x0000000000027b68       0x86 Output/Release/Obj/ble_app_beacon_pca10040_s132/nrf_memobj.o
 .text.nrf_memobj_pool_init
                0x0000000000027bee        0x4 Output/Release/Obj/ble_app_beacon_pca10040_s132/nrf_memobj.o
                0x0000000000027bee                nrf_memobj_pool_init
 .text.nrf_memobj_free
                0x0000000000027bf2       0x2c Output/Release/Obj/ble_app_beacon_pca10040_s132/nrf_memobj.o
                0x0000000000027bf2                nrf_memobj_free
 .text.nrf_memobj_alloc
                0x0000000000027c1e       0x5e Output/Release/Obj/ble_app_beacon_pca10040_s132/nrf_memobj.o
                0x0000000000027c1e                nrf_memobj_alloc
 .text.nrf_memobj_get
                0x0000000000027c7c        0x8 Output/Release/Obj/ble_app_beacon_pca10040_s132/nrf_memobj.o
                0x0000000000027c7c                nrf_memobj_get
 .text.nrf_memobj_put
                0x0000000000027c84       0x1c Output/Release/Obj/ble_app_beacon_pca10040_s132/nrf_memobj.o
                0x0000000000027c84                nrf_memobj_put
 .text.nrf_memobj_write
                0x0000000000027ca0       0x14 Output/Release/Obj/ble_app_beacon_pca10040_s132/nrf_memobj.o
                0x0000000000027ca0                nrf_memobj_write
 .text.nrf_memobj_read
                0x0000000000027cb4       0x14 Output/Release/Obj/ble_app_beacon_pca10040_s132/nrf_memobj.o
                0x0000000000027cb4                nrf_memobj_read
 .text.sd_app_evt_wait
                0x0000000000027cc8        0x4 Output/Release/Obj/ble_app_beacon_pca10040_s132/nrf_pwr_mgmt.o
 .text.nrf_pwr_mgmt_init
                0x0000000000027ccc       0x2c Output/Release/Obj/ble_app_beacon_pca10040_s132/nrf_pwr_mgmt.o
                0x0000000000027ccc                nrf_pwr_mgmt_init
 .text.nrf_pwr_mgmt_run
                0x0000000000027cf8       0x50 Output/Release/Obj/ble_app_beacon_pca10040_s132/nrf_pwr_mgmt.o
                0x0000000000027cf8                nrf_pwr_mgmt_run
 .text.nrf_ringbuf_init
                0x0000000000027d48       0x12 Output/Release/Obj/ble_app_beacon_pca10040_s132/nrf_ringbuf.o
                0x0000000000027d48                nrf_ringbuf_init
 .text.nrf_section_iter_init
                0x0000000000027d5a       0x14 Output/Release/Obj/ble_app_beacon_pca10040_s132/nrf_section_iter.o
                0x0000000000027d5a                nrf_section_iter_init
 .text.nrf_section_iter_next
                0x0000000000027d6e       0x18 Output/Release/Obj/ble_app_beacon_pca10040_s132/nrf_section_iter.o
                0x0000000000027d6e                nrf_section_iter_next
 .text.nrf_sortlist_add
                0x0000000000027d86       0x20 Output/Release/Obj/ble_app_beacon_pca10040_s132/nrf_sortlist.o
                0x0000000000027d86                nrf_sortlist_add
 .text.nrf_sortlist_pop
                0x0000000000027da6        0xc Output/Release/Obj/ble_app_beacon_pca10040_s132/nrf_sortlist.o
                0x0000000000027da6                nrf_sortlist_pop
 .text.nrf_sortlist_peek
                0x0000000000027db2        0x6 Output/Release/Obj/ble_app_beacon_pca10040_s132/nrf_sortlist.o
                0x0000000000027db2                nrf_sortlist_peek
 .text.nrf_sortlist_remove
                0x0000000000027db8       0x1a Output/Release/Obj/ble_app_beacon_pca10040_s132/nrf_sortlist.o
                0x0000000000027db8                nrf_sortlist_remove
 *fill*         0x0000000000027dd2        0x2 
 .text.nrf_strerror_find
                0x0000000000027dd4       0x3c Output/Release/Obj/ble_app_beacon_pca10040_s132/nrf_strerror.o
                0x0000000000027dd4                nrf_strerror_find
 .text.nrf_strerror_get
                0x0000000000027e10       0x14 Output/Release/Obj/ble_app_beacon_pca10040_s132/nrf_strerror.o
                0x0000000000027e10                nrf_strerror_get
 .text.nrf52_errata_12
                0x0000000000027e24       0x1c Output/Release/Obj/ble_app_beacon_pca10040_s132/system_nrf52.o
 .text.nrf52_errata_16
                0x0000000000027e40       0x28 Output/Release/Obj/ble_app_beacon_pca10040_s132/system_nrf52.o
 .text.nvmc_wait
                0x0000000000027e68       0x10 Output/Release/Obj/ble_app_beacon_pca10040_s132/system_nrf52.o
                0x0000000000027e68                nvmc_wait
 .text.SystemInit
                0x0000000000027e78      0x298 Output/Release/Obj/ble_app_beacon_pca10040_s132/system_nrf52.o
                0x0000000000027e78                SystemInit
 .text.bsp_board_led_state_get
                0x0000000000028110       0x1c Output/Release/Obj/ble_app_beacon_pca10040_s132/boards.o
                0x0000000000028110                bsp_board_led_state_get
 .text.bsp_board_led_on
                0x000000000002812c       0x18 Output/Release/Obj/ble_app_beacon_pca10040_s132/boards.o
                0x000000000002812c                bsp_board_led_on
 .text.bsp_board_led_off
                0x0000000000028144       0x18 Output/Release/Obj/ble_app_beacon_pca10040_s132/boards.o
                0x0000000000028144                bsp_board_led_off
 .text.bsp_board_leds_off
                0x000000000002815c       0x1e Output/Release/Obj/ble_app_beacon_pca10040_s132/boards.o
                0x000000000002815c                bsp_board_leds_off
 .text.bsp_board_leds_on
                0x000000000002817a       0x1e Output/Release/Obj/ble_app_beacon_pca10040_s132/boards.o
                0x000000000002817a                bsp_board_leds_on
 .text.bsp_board_led_invert
                0x0000000000028198       0x24 Output/Release/Obj/ble_app_beacon_pca10040_s132/boards.o
                0x0000000000028198                bsp_board_led_invert
 .text.clock_clk_started_notify
                0x00000000000281bc       0x24 Output/Release/Obj/ble_app_beacon_pca10040_s132/nrf_drv_clock.o
 .text.clock_irq_handler
                0x00000000000281e0       0x1c Output/Release/Obj/ble_app_beacon_pca10040_s132/nrf_drv_clock.o
 .text.soc_evt_handler
                0x00000000000281fc       0x14 Output/Release/Obj/ble_app_beacon_pca10040_s132/nrf_drv_clock.o
 .text.nrf_drv_clock_init
                0x0000000000028210       0x48 Output/Release/Obj/ble_app_beacon_pca10040_s132/nrf_drv_clock.o
                0x0000000000028210                nrf_drv_clock_init
 .text.nrf_drv_clock_lfclk_request
                0x0000000000028258       0x68 Output/Release/Obj/ble_app_beacon_pca10040_s132/nrf_drv_clock.o
                0x0000000000028258                nrf_drv_clock_lfclk_request
 .text.nrf_drv_clock_lfclk_release
                0x00000000000282c0       0x40 Output/Release/Obj/ble_app_beacon_pca10040_s132/nrf_drv_clock.o
                0x00000000000282c0                nrf_drv_clock_lfclk_release
 .text.sd_state_evt_handler
                0x0000000000028300       0x64 Output/Release/Obj/ble_app_beacon_pca10040_s132/nrf_drv_clock.o
 .text.uarte_evt_handler
                0x0000000000028364       0x34 Output/Release/Obj/ble_app_beacon_pca10040_s132/nrf_drv_uart.o
 .text.uart_evt_handler
                0x0000000000028398       0x34 Output/Release/Obj/ble_app_beacon_pca10040_s132/nrf_drv_uart.o
 .text.nrf_drv_uart_init
                0x00000000000283cc       0x7c Output/Release/Obj/ble_app_beacon_pca10040_s132/nrf_drv_uart.o
                0x00000000000283cc                nrf_drv_uart_init
 .text.nrf_clock_event_clear
                0x0000000000028448       0x14 Output/Release/Obj/ble_app_beacon_pca10040_s132/nrfx_clock.o
 .text.nrfx_clock_init
                0x000000000002845c       0x18 Output/Release/Obj/ble_app_beacon_pca10040_s132/nrfx_clock.o
                0x000000000002845c                nrfx_clock_init
 .text.nrfx_clock_enable
                0x0000000000028474       0x24 Output/Release/Obj/ble_app_beacon_pca10040_s132/nrfx_clock.o
                0x0000000000028474                nrfx_clock_enable
 .text.nrfx_clock_lfclk_start
                0x0000000000028498       0x50 Output/Release/Obj/ble_app_beacon_pca10040_s132/nrfx_clock.o
                0x0000000000028498                nrfx_clock_lfclk_start
 .text.nrfx_clock_lfclk_stop
                0x00000000000284e8       0x22 Output/Release/Obj/ble_app_beacon_pca10040_s132/nrfx_clock.o
                0x00000000000284e8                nrfx_clock_lfclk_stop
 *fill*         0x000000000002850a        0x2 
 .text.POWER_CLOCK_IRQHandler
                0x000000000002850c       0x50 Output/Release/Obj/ble_app_beacon_pca10040_s132/nrfx_clock.o
                0x000000000002850c                POWER_CLOCK_IRQHandler
 .text.nrf_gpiote_event_clear
                0x000000000002855c       0x18 Output/Release/Obj/ble_app_beacon_pca10040_s132/nrfx_gpiote.o
 .text.nrf_gpio_cfg_sense_set
                0x0000000000028574       0x20 Output/Release/Obj/ble_app_beacon_pca10040_s132/nrfx_gpiote.o
 .text.GPIOTE_IRQHandler
                0x0000000000028594      0x14c Output/Release/Obj/ble_app_beacon_pca10040_s132/nrfx_gpiote.o
                0x0000000000028594                GPIOTE_IRQHandler
 .text.UARTE0_UART0_IRQHandler
                0x00000000000286e0        0xc Output/Release/Obj/ble_app_beacon_pca10040_s132/nrfx_prs.o
                0x00000000000286e0                UARTE0_UART0_IRQHandler
 .text.nrfx_prs_acquire
                0x00000000000286ec       0x44 Output/Release/Obj/ble_app_beacon_pca10040_s132/nrfx_prs.o
                0x00000000000286ec                nrfx_prs_acquire
 .text.nrfx_prs_release
                0x0000000000028730       0x18 Output/Release/Obj/ble_app_beacon_pca10040_s132/nrfx_prs.o
                0x0000000000028730                nrfx_prs_release
 .text.nrf_uart_event_clear
                0x0000000000028748       0x10 Output/Release/Obj/ble_app_beacon_pca10040_s132/nrfx_uart.o
 .text.tx_byte  0x0000000000028758       0x1e Output/Release/Obj/ble_app_beacon_pca10040_s132/nrfx_uart.o
 .text.rx_byte  0x0000000000028776       0x2c Output/Release/Obj/ble_app_beacon_pca10040_s132/nrfx_uart.o
 *fill*         0x00000000000287a2        0x2 
 .text.rx_done_event.constprop.0
                0x00000000000287a4       0x20 Output/Release/Obj/ble_app_beacon_pca10040_s132/nrfx_uart.o
 .text.nrfx_uart_0_irq_handler
                0x00000000000287c4      0x140 Output/Release/Obj/ble_app_beacon_pca10040_s132/nrfx_uart.o
                0x00000000000287c4                nrfx_uart_0_irq_handler
 .text.nrfx_uart_init
                0x0000000000028904      0x168 Output/Release/Obj/ble_app_beacon_pca10040_s132/nrfx_uart.o
                0x0000000000028904                nrfx_uart_init
 .text.nrfx_uart_uninit
                0x0000000000028a6c       0xd4 Output/Release/Obj/ble_app_beacon_pca10040_s132/nrfx_uart.o
                0x0000000000028a6c                nrfx_uart_uninit
 .text.nrfx_uart_tx_in_progress
                0x0000000000028b40       0x18 Output/Release/Obj/ble_app_beacon_pca10040_s132/nrfx_uart.o
                0x0000000000028b40                nrfx_uart_tx_in_progress
 .text.nrfx_uart_tx
                0x0000000000028b58       0xa0 Output/Release/Obj/ble_app_beacon_pca10040_s132/nrfx_uart.o
                0x0000000000028b58                nrfx_uart_tx
 .text.nrf_uarte_event_clear
                0x0000000000028bf8       0x10 Output/Release/Obj/ble_app_beacon_pca10040_s132/nrfx_uarte.o
 .text.rx_done_event.constprop.0
                0x0000000000028c08       0x20 Output/Release/Obj/ble_app_beacon_pca10040_s132/nrfx_uarte.o
 .text.nrfx_uarte_0_irq_handler
                0x0000000000028c28      0x118 Output/Release/Obj/ble_app_beacon_pca10040_s132/nrfx_uarte.o
                0x0000000000028c28                nrfx_uarte_0_irq_handler
 .text.nrfx_uarte_init
                0x0000000000028d40      0x184 Output/Release/Obj/ble_app_beacon_pca10040_s132/nrfx_uarte.o
                0x0000000000028d40                nrfx_uarte_init
 .text.nrfx_uarte_uninit
                0x0000000000028ec4      0x120 Output/Release/Obj/ble_app_beacon_pca10040_s132/nrfx_uarte.o
                0x0000000000028ec4                nrfx_uarte_uninit
 .text.nrfx_uarte_tx_in_progress
                0x0000000000028fe4       0x18 Output/Release/Obj/ble_app_beacon_pca10040_s132/nrfx_uarte.o
                0x0000000000028fe4                nrfx_uarte_tx_in_progress
 .text.nrfx_uarte_tx
                0x0000000000028ffc       0x9c Output/Release/Obj/ble_app_beacon_pca10040_s132/nrfx_uarte.o
                0x0000000000028ffc                nrfx_uarte_tx
 .text.nrf_saadc_event_clear
                0x0000000000029098       0x18 Output/Release/Obj/ble_app_beacon_pca10040_s132/nrfx_saadc.o
 .text.SAADC_IRQHandler
                0x00000000000290b0      0x154 Output/Release/Obj/ble_app_beacon_pca10040_s132/nrfx_saadc.o
                0x00000000000290b0                SAADC_IRQHandler
 .text.nrfx_saadc_init
                0x0000000000029204       0x90 Output/Release/Obj/ble_app_beacon_pca10040_s132/nrfx_saadc.o
                0x0000000000029204                nrfx_saadc_init
 .text.nrfx_saadc_channel_init
                0x0000000000029294       0xb4 Output/Release/Obj/ble_app_beacon_pca10040_s132/nrfx_saadc.o
                0x0000000000029294                nrfx_saadc_channel_init
 .text.nrfx_saadc_buffer_convert
                0x0000000000029348       0xa4 Output/Release/Obj/ble_app_beacon_pca10040_s132/nrfx_saadc.o
                0x0000000000029348                nrfx_saadc_buffer_convert
 .text.leds_off
                0x00000000000293ec       0x2c Output/Release/Obj/ble_app_beacon_pca10040_s132/bsp.o
 .text.bsp_led_indication
                0x0000000000029418      0x200 Output/Release/Obj/ble_app_beacon_pca10040_s132/bsp.o
 .text.bsp_indication_set
                0x0000000000029618       0x18 Output/Release/Obj/ble_app_beacon_pca10040_s132/bsp.o
                0x0000000000029618                bsp_indication_set
 .text.sd_ble_gap_addr_set
                0x0000000000029630        0x4 Output/Release/Obj/ble_app_beacon_pca10040_s132/main.o
 .text.sd_ble_gap_adv_set_configure
                0x0000000000029634        0x4 Output/Release/Obj/ble_app_beacon_pca10040_s132/main.o
 .text.sd_ble_gap_adv_start
                0x0000000000029638        0x4 Output/Release/Obj/ble_app_beacon_pca10040_s132/main.o
 .text.sd_clock_hfclk_release
                0x000000000002963c        0x4 Output/Release/Obj/ble_app_beacon_pca10040_s132/main.o
 .text.BLE_ctrl
                0x0000000000029640        0x2 Output/Release/Obj/ble_app_beacon_pca10040_s132/main.o
 *fill*         0x0000000000029642        0x2 
 .text.advertising_findmy_init
                0x0000000000029644       0xc4 Output/Release/Obj/ble_app_beacon_pca10040_s132/main.o
 .text.advertising_start
                0x0000000000029708       0x28 Output/Release/Obj/ble_app_beacon_pca10040_s132/main.o
 .text.ble_evt_handler
                0x0000000000029730       0x24 Output/Release/Obj/ble_app_beacon_pca10040_s132/main.o
                0x0000000000029730                ble_evt_handler
 .text.saadc_callback
                0x0000000000029754       0x64 Output/Release/Obj/ble_app_beacon_pca10040_s132/main.o
 .text.setMacAddress
                0x00000000000297b8       0x2c Output/Release/Obj/ble_app_beacon_pca10040_s132/main.o
                0x00000000000297b8                setMacAddress
 .text.print_ble_address
                0x00000000000297e4       0x44 Output/Release/Obj/ble_app_beacon_pca10040_s132/main.o
                0x00000000000297e4                print_ble_address
 .text.fill_adv_template_from_key
                0x0000000000029828       0x2c Output/Release/Obj/ble_app_beacon_pca10040_s132/main.o
                0x0000000000029828                fill_adv_template_from_key
 .text.startup.main
                0x0000000000029854      0x120 Output/Release/Obj/ble_app_beacon_pca10040_s132/main.o
                0x0000000000029854                main
 .text.log_init
                0x0000000000029974       0x1a Output/Release/Obj/ble_app_beacon_pca10040_s132/dong_printer.o
                0x0000000000029974                log_init
 *fill*         0x000000000002998e        0x2 
 .text.set_addr_from_key
                0x0000000000029990       0x24 Output/Release/Obj/ble_app_beacon_pca10040_s132/openhaystack.o
                0x0000000000029990                set_addr_from_key
 .text.setAdvertisementKey
                0x00000000000299b4       0x24 Output/Release/Obj/ble_app_beacon_pca10040_s132/openhaystack.o
                0x00000000000299b4                setAdvertisementKey
 .text._GetAvailWriteSpace
                0x00000000000299d8       0x12 Output/Release/Obj/ble_app_beacon_pca10040_s132/SEGGER_RTT.o
 .text._WriteNoCheck
                0x00000000000299ea       0x38 Output/Release/Obj/ble_app_beacon_pca10040_s132/SEGGER_RTT.o
 .text._WriteBlocking
                0x0000000000029a22       0x52 Output/Release/Obj/ble_app_beacon_pca10040_s132/SEGGER_RTT.o
 .text._DoInit  0x0000000000029a74       0x60 Output/Release/Obj/ble_app_beacon_pca10040_s132/SEGGER_RTT.o
 .text.SEGGER_RTT_WriteNoLock
                0x0000000000029ad4       0x60 Output/Release/Obj/ble_app_beacon_pca10040_s132/SEGGER_RTT.o
                0x0000000000029ad4                SEGGER_RTT_WriteNoLock
 .text.SEGGER_RTT_Init
                0x0000000000029b34        0x4 Output/Release/Obj/ble_app_beacon_pca10040_s132/SEGGER_RTT.o
                0x0000000000029b34                SEGGER_RTT_Init
 .text.sd_softdevice_enable
                0x0000000000029b38        0x4 Output/Release/Obj/ble_app_beacon_pca10040_s132/nrf_sdh.o
 .text.sd_softdevice_disable
                0x0000000000029b3c        0x4 Output/Release/Obj/ble_app_beacon_pca10040_s132/nrf_sdh.o
 .text.sdh_request_observer_notify
                0x0000000000029b40       0x30 Output/Release/Obj/ble_app_beacon_pca10040_s132/nrf_sdh.o
 .text.sdh_state_observer_notify
                0x0000000000029b70       0x28 Output/Release/Obj/ble_app_beacon_pca10040_s132/nrf_sdh.o
 .text.softdevice_evt_irq_disable
                0x0000000000029b98       0x2c Output/Release/Obj/ble_app_beacon_pca10040_s132/nrf_sdh.o
 .text.softdevices_evt_irq_enable
                0x0000000000029bc4       0x38 Output/Release/Obj/ble_app_beacon_pca10040_s132/nrf_sdh.o
 .text.nrf_sdh_enable_request
                0x0000000000029bfc       0x7c Output/Release/Obj/ble_app_beacon_pca10040_s132/nrf_sdh.o
                0x0000000000029bfc                nrf_sdh_enable_request
 .text.nrf_sdh_disable_request
                0x0000000000029c78       0x60 Output/Release/Obj/ble_app_beacon_pca10040_s132/nrf_sdh.o
                0x0000000000029c78                nrf_sdh_disable_request
 .text.nrf_sdh_is_enabled
                0x0000000000029cd8        0xc Output/Release/Obj/ble_app_beacon_pca10040_s132/nrf_sdh.o
                0x0000000000029cd8                nrf_sdh_is_enabled
 .text.nrf_sdh_evts_poll
                0x0000000000029ce4       0x28 Output/Release/Obj/ble_app_beacon_pca10040_s132/nrf_sdh.o
                0x0000000000029ce4                nrf_sdh_evts_poll
 .text.SWI2_EGU2_IRQHandler
                0x0000000000029d0c        0x4 Output/Release/Obj/ble_app_beacon_pca10040_s132/nrf_sdh.o
                0x0000000000029d0c                SWI2_EGU2_IRQHandler
 .text.sd_ble_enable
                0x0000000000029d10        0x4 Output/Release/Obj/ble_app_beacon_pca10040_s132/nrf_sdh_ble.o
 .text.sd_ble_cfg_set
                0x0000000000029d14        0x4 Output/Release/Obj/ble_app_beacon_pca10040_s132/nrf_sdh_ble.o
 .text.sd_ble_evt_get
                0x0000000000029d18        0x4 Output/Release/Obj/ble_app_beacon_pca10040_s132/nrf_sdh_ble.o
 .text.nrf_sdh_ble_evts_poll
                0x0000000000029d1c       0x58 Output/Release/Obj/ble_app_beacon_pca10040_s132/nrf_sdh_ble.o
 .text.nrf_sdh_ble_default_cfg_set
                0x0000000000029d74      0x134 Output/Release/Obj/ble_app_beacon_pca10040_s132/nrf_sdh_ble.o
                0x0000000000029d74                nrf_sdh_ble_default_cfg_set
 .text.nrf_sdh_ble_enable
                0x0000000000029ea8       0x98 Output/Release/Obj/ble_app_beacon_pca10040_s132/nrf_sdh_ble.o
                0x0000000000029ea8                nrf_sdh_ble_enable
 .text.sd_evt_get
                0x0000000000029f40        0x4 Output/Release/Obj/ble_app_beacon_pca10040_s132/nrf_sdh_soc.o
 .text.nrf_sdh_soc_evts_poll
                0x0000000000029f44       0x40 Output/Release/Obj/ble_app_beacon_pca10040_s132/nrf_sdh_soc.o
 .text.libc.__int64_udivmod
                0x0000000000029f84       0xce C:/Program Files/SEGGER/SEGGER Embedded Studio for ARM 5.68/lib/libc_v7em_fpv4_sp_d16_hard_t_le_eabi.a(libc_asm.o)
                0x0000000000029f84                __aeabi_uldivmod
                0x0000000000029f84                __int64_udiv
                0x0000000000029f84                __udivdi3
                0x0000000000029f84                __int64_udivmod
 *fill*         0x000000000002a052        0x2 
 .text.libc.__RAL_ascii_isctype
                0x000000000002a054       0x1c C:/Program Files/SEGGER/SEGGER Embedded Studio for ARM 5.68/lib/libc_v7em_fpv4_sp_d16_hard_t_le_eabi.a(libc2.o)
 .text.libc.__RAL_ascii_toupper
                0x000000000002a070        0xc C:/Program Files/SEGGER/SEGGER Embedded Studio for ARM 5.68/lib/libc_v7em_fpv4_sp_d16_hard_t_le_eabi.a(libc2.o)
 .text.libc.__RAL_ascii_tolower
                0x000000000002a07c        0xc C:/Program Files/SEGGER/SEGGER Embedded Studio for ARM 5.68/lib/libc_v7em_fpv4_sp_d16_hard_t_le_eabi.a(libc2.o)
 .text.libc.__RAL_ascii_wctomb
                0x000000000002a088       0x10 C:/Program Files/SEGGER/SEGGER Embedded Studio for ARM 5.68/lib/libc_v7em_fpv4_sp_d16_hard_t_le_eabi.a(libc2.o)
                0x000000000002a088                __RAL_ascii_wctomb
 .text.libc.__RAL_ascii_mbtowc
                0x000000000002a098       0x24 C:/Program Files/SEGGER/SEGGER Embedded Studio for ARM 5.68/lib/libc_v7em_fpv4_sp_d16_hard_t_le_eabi.a(libc2.o)
                0x000000000002a098                __RAL_ascii_mbtowc
 .text.libc.__RAL_ascii_towupper
                0x000000000002a0bc        0xc C:/Program Files/SEGGER/SEGGER Embedded Studio for ARM 5.68/lib/libc_v7em_fpv4_sp_d16_hard_t_le_eabi.a(libc2.o)
 .text.libc.__RAL_ascii_towlower
                0x000000000002a0c8        0xc C:/Program Files/SEGGER/SEGGER Embedded Studio for ARM 5.68/lib/libc_v7em_fpv4_sp_d16_hard_t_le_eabi.a(libc2.o)
 .text.libc.__RAL_ascii_iswctype
                0x000000000002a0d4       0x1c C:/Program Files/SEGGER/SEGGER Embedded Studio for ARM 5.68/lib/libc_v7em_fpv4_sp_d16_hard_t_le_eabi.a(libc2.o)
 .text.libc.isprint
                0x000000000002a0f0       0x10 C:/Program Files/SEGGER/SEGGER Embedded Studio for ARM 5.68/lib/libc_v7em_fpv4_sp_d16_hard_t_le_eabi.a(libc2.o)
                0x000000000002a0f0                isprint
 .text.libc.malloc
                0x000000000002a100       0x8c C:/Program Files/SEGGER/SEGGER Embedded Studio for ARM 5.68/lib/libc_v7em_fpv4_sp_d16_hard_t_le_eabi.a(libc2.o)
                0x000000000002a100                malloc
 .text.libc.memcpy
                0x000000000002a18c       0x52 C:/Program Files/SEGGER/SEGGER Embedded Studio for ARM 5.68/lib/libc_v7em_fpv4_sp_d16_hard_t_le_eabi.a(libc2_asm.o)
                0x000000000002a18c                __aeabi_memcpy
                0x000000000002a18c                memcpy
                0x000000000002a198                __aeabi_memcpy8
                0x000000000002a198                __aeabi_memcpy4
 .text.libc.memset
                0x000000000002a1de       0x66 C:/Program Files/SEGGER/SEGGER Embedded Studio for ARM 5.68/lib/libc_v7em_fpv4_sp_d16_hard_t_le_eabi.a(libc2_asm.o)
                0x000000000002a1de                memset
 .text.libc.strcpy
                0x000000000002a244       0x44 C:/Program Files/SEGGER/SEGGER Embedded Studio for ARM 5.68/lib/libc_v7em_fpv4_sp_d16_hard_t_le_eabi.a(libc2_asm.o)
                0x000000000002a244                strcpy
 .text.libc.strlen
                0x000000000002a288       0x60 C:/Program Files/SEGGER/SEGGER Embedded Studio for ARM 5.68/lib/libc_v7em_fpv4_sp_d16_hard_t_le_eabi.a(libc2_asm.o)
                0x000000000002a288                strlen
 .text.libc.__heap_lock
                0x000000000002a2e8        0x4 C:/Program Files/SEGGER/SEGGER Embedded Studio for ARM 5.68/lib/libc_v7em_fpv4_sp_d16_hard_t_le_eabi.a(libc.o)
                0x000000000002a2e8                __heap_lock
 .text.libc.__heap_unlock
                0x000000000002a2ec        0x4 C:/Program Files/SEGGER/SEGGER Embedded Studio for ARM 5.68/lib/libc_v7em_fpv4_sp_d16_hard_t_le_eabi.a(libc.o)
                0x000000000002a2ec                __heap_unlock
                0x000000000002a2f0                . = ALIGN (MAX ((__text_start__ + 0x4), .), 0x4)
                0x000000000002a2f0                __text_end__ = (__text_start__ + SIZEOF (.text))
                0x0000000000003f20                __text_size__ = SIZEOF (.text)
                0x000000000002a2f0                __text_load_end__ = __text_end__

.vfp11_veneer   0x0000000100000000        0x0
 .vfp11_veneer  0x0000000100000000        0x0 linker stubs

.v4_bx          0x0000000100000000        0x0
 .v4_bx         0x0000000100000000        0x0 linker stubs

.iplt           0x0000000100000000        0x0
 .iplt          0x0000000100000000        0x0 Output/Release/Obj/ble_app_beacon_pca10040_s132/thumb_crt0.o
                0x0000000000000001                . = ASSERT (((__text_start__ == __text_end__) || ((__text_end__ - __FLASH1_segment_start__) <= __FLASH1_segment_size__)), error: .text is too large to fit in FLASH1 memory segment)
                0x000000000002a2f0                __sdh_soc_observers_load_start__ = ALIGN (__text_end__, 0x4)

.sdh_soc_observers
                0x000000000002a2f0        0x8
                0x000000000002a2f0                __sdh_soc_observers_start__ = .
                0x000000000002a2f0                __start_sdh_soc_observers = __sdh_soc_observers_start__
 *(SORT_BY_NAME(.sdh_soc_observers*))
 .sdh_soc_observers0
                0x000000000002a2f0        0x8 Output/Release/Obj/ble_app_beacon_pca10040_s132/nrf_drv_clock.o
                0x000000000002a2f8                __sdh_soc_observers_end__ = (__sdh_soc_observers_start__ + SIZEOF (.sdh_soc_observers))
                0x0000000000000008                __sdh_soc_observers_size__ = SIZEOF (.sdh_soc_observers)
                0x000000000002a2f8                __stop_sdh_soc_observers = __sdh_soc_observers_end__
                0x000000000002a2f8                __sdh_soc_observers_load_end__ = __sdh_soc_observers_end__
                0x0000000000000001                . = ASSERT (((__sdh_soc_observers_start__ == __sdh_soc_observers_end__) || ((__sdh_soc_observers_end__ - __FLASH1_segment_start__) <= __FLASH1_segment_size__)), error: .sdh_soc_observers is too large to fit in FLASH1 memory segment)
                0x000000000002a2f8                __sdh_ble_observers_load_start__ = ALIGN (__sdh_soc_observers_end__, 0x4)

.sdh_ble_observers
                0x000000000002a2f8        0x8
                0x000000000002a2f8                __sdh_ble_observers_start__ = .
                0x000000000002a2f8                __start_sdh_ble_observers = __sdh_ble_observers_start__
 *(SORT_BY_NAME(.sdh_ble_observers*))
 .sdh_ble_observers3
                0x000000000002a2f8        0x8 Output/Release/Obj/ble_app_beacon_pca10040_s132/main.o
                0x000000000002a300                __sdh_ble_observers_end__ = (__sdh_ble_observers_start__ + SIZEOF (.sdh_ble_observers))
                0x0000000000000008                __sdh_ble_observers_size__ = SIZEOF (.sdh_ble_observers)
                0x000000000002a300                __stop_sdh_ble_observers = __sdh_ble_observers_end__
                0x000000000002a300                __sdh_ble_observers_load_end__ = __sdh_ble_observers_end__
                0x0000000000000001                . = ASSERT (((__sdh_ble_observers_start__ == __sdh_ble_observers_end__) || ((__sdh_ble_observers_end__ - __FLASH1_segment_start__) <= __FLASH1_segment_size__)), error: .sdh_ble_observers is too large to fit in FLASH1 memory segment)
                0x000000000002a300                __pwr_mgmt_data_load_start__ = ALIGN (__sdh_ble_observers_end__, 0x4)

.pwr_mgmt_data  0x000000000002a300        0x0
                0x000000000002a300                __pwr_mgmt_data_start__ = .
                0x000000000002a300                __start_pwr_mgmt_data = __pwr_mgmt_data_start__
 *(SORT_BY_NAME(.pwr_mgmt_data*))
                0x000000000002a300                __pwr_mgmt_data_end__ = (__pwr_mgmt_data_start__ + SIZEOF (.pwr_mgmt_data))
                0x0000000000000000                __pwr_mgmt_data_size__ = SIZEOF (.pwr_mgmt_data)
                0x000000000002a300                __stop_pwr_mgmt_data = __pwr_mgmt_data_end__
                0x000000000002a300                __pwr_mgmt_data_load_end__ = __pwr_mgmt_data_end__
                0x0000000000000001                . = ASSERT (((__pwr_mgmt_data_start__ == __pwr_mgmt_data_end__) || ((__pwr_mgmt_data_end__ - __FLASH1_segment_start__) <= __FLASH1_segment_size__)), error: .pwr_mgmt_data is too large to fit in FLASH1 memory segment)
                0x000000000002a300                __sdh_req_observers_load_start__ = ALIGN (__pwr_mgmt_data_end__, 0x4)

.sdh_req_observers
                0x000000000002a300        0x0
                0x000000000002a300                __sdh_req_observers_start__ = .
                0x000000000002a300                __start_sdh_req_observers = __sdh_req_observers_start__
 *(SORT_BY_NAME(.sdh_req_observers*))
                0x000000000002a300                __sdh_req_observers_end__ = (__sdh_req_observers_start__ + SIZEOF (.sdh_req_observers))
                0x0000000000000000                __sdh_req_observers_size__ = SIZEOF (.sdh_req_observers)
                0x000000000002a300                __stop_sdh_req_observers = __sdh_req_observers_end__
                0x000000000002a300                __sdh_req_observers_load_end__ = __sdh_req_observers_end__
                0x0000000000000001                . = ASSERT (((__sdh_req_observers_start__ == __sdh_req_observers_end__) || ((__sdh_req_observers_end__ - __FLASH1_segment_start__) <= __FLASH1_segment_size__)), error: .sdh_req_observers is too large to fit in FLASH1 memory segment)
                0x000000000002a300                __sdh_state_observers_load_start__ = ALIGN (__sdh_req_observers_end__, 0x4)

.sdh_state_observers
                0x000000000002a300        0x8
                0x000000000002a300                __sdh_state_observers_start__ = .
                0x000000000002a300                __start_sdh_state_observers = __sdh_state_observers_start__
 *(SORT_BY_NAME(.sdh_state_observers*))
 .sdh_state_observers0
                0x000000000002a300        0x8 Output/Release/Obj/ble_app_beacon_pca10040_s132/nrf_drv_clock.o
                0x000000000002a308                __sdh_state_observers_end__ = (__sdh_state_observers_start__ + SIZEOF (.sdh_state_observers))
                0x0000000000000008                __sdh_state_observers_size__ = SIZEOF (.sdh_state_observers)
                0x000000000002a308                __stop_sdh_state_observers = __sdh_state_observers_end__
                0x000000000002a308                __sdh_state_observers_load_end__ = __sdh_state_observers_end__
                0x0000000000000001                . = ASSERT (((__sdh_state_observers_start__ == __sdh_state_observers_end__) || ((__sdh_state_observers_end__ - __FLASH1_segment_start__) <= __FLASH1_segment_size__)), error: .sdh_state_observers is too large to fit in FLASH1 memory segment)
                0x000000000002a308                __sdh_stack_observers_load_start__ = ALIGN (__sdh_state_observers_end__, 0x4)

.sdh_stack_observers
                0x000000000002a308       0x10
                0x000000000002a308                __sdh_stack_observers_start__ = .
                0x000000000002a308                __start_sdh_stack_observers = __sdh_stack_observers_start__
 *(SORT_BY_NAME(.sdh_stack_observers*))
 .sdh_stack_observers0
                0x000000000002a308        0x8 Output/Release/Obj/ble_app_beacon_pca10040_s132/nrf_sdh_ble.o
 .sdh_stack_observers0
                0x000000000002a310        0x8 Output/Release/Obj/ble_app_beacon_pca10040_s132/nrf_sdh_soc.o
                0x000000000002a318                __sdh_stack_observers_end__ = (__sdh_stack_observers_start__ + SIZEOF (.sdh_stack_observers))
                0x0000000000000010                __sdh_stack_observers_size__ = SIZEOF (.sdh_stack_observers)
                0x000000000002a318                __stop_sdh_stack_observers = __sdh_stack_observers_end__
                0x000000000002a318                __sdh_stack_observers_load_end__ = __sdh_stack_observers_end__
                0x0000000000000001                . = ASSERT (((__sdh_stack_observers_start__ == __sdh_stack_observers_end__) || ((__sdh_stack_observers_end__ - __FLASH1_segment_start__) <= __FLASH1_segment_size__)), error: .sdh_stack_observers is too large to fit in FLASH1 memory segment)
                0x000000000002a318                __nrf_queue_load_start__ = ALIGN (__sdh_stack_observers_end__, 0x4)

.nrf_queue      0x000000000002a318        0x0
                0x000000000002a318                __nrf_queue_start__ = .
                0x000000000002a318                __start_nrf_queue = __nrf_queue_start__
 *(.nrf_queue*)
                0x000000000002a318                __nrf_queue_end__ = (__nrf_queue_start__ + SIZEOF (.nrf_queue))
                0x0000000000000000                __nrf_queue_size__ = SIZEOF (.nrf_queue)
                0x000000000002a318                __stop_nrf_queue = __nrf_queue_end__
                0x000000000002a318                __nrf_queue_load_end__ = __nrf_queue_end__
                0x0000000000000001                . = ASSERT (((__nrf_queue_start__ == __nrf_queue_end__) || ((__nrf_queue_end__ - __FLASH1_segment_start__) <= __FLASH1_segment_size__)), error: .nrf_queue is too large to fit in FLASH1 memory segment)
                0x000000000002a318                __nrf_balloc_load_start__ = ALIGN (__nrf_queue_end__, 0x4)

.nrf_balloc     0x000000000002a318       0x14
                0x000000000002a318                __nrf_balloc_start__ = .
                0x000000000002a318                __start_nrf_balloc = __nrf_balloc_start__
 *(.nrf_balloc*)
 .nrf_balloc    0x000000000002a318       0x14 Output/Release/Obj/ble_app_beacon_pca10040_s132/nrf_log_frontend.o
                0x000000000002a318                log_mempool
                0x000000000002a32c                __nrf_balloc_end__ = (__nrf_balloc_start__ + SIZEOF (.nrf_balloc))
                0x0000000000000014                __nrf_balloc_size__ = SIZEOF (.nrf_balloc)
                0x000000000002a32c                __stop_nrf_balloc = __nrf_balloc_end__
                0x000000000002a32c                __nrf_balloc_load_end__ = __nrf_balloc_end__
                0x0000000000000001                . = ASSERT (((__nrf_balloc_start__ == __nrf_balloc_end__) || ((__nrf_balloc_end__ - __FLASH1_segment_start__) <= __FLASH1_segment_size__)), error: .nrf_balloc is too large to fit in FLASH1 memory segment)
                0x000000000002a32c                __cli_command_load_start__ = ALIGN (__nrf_balloc_end__, 0x4)

.cli_command    0x000000000002a32c        0x0
                0x000000000002a32c                __cli_command_start__ = .
                0x000000000002a32c                __start_cli_command = __cli_command_start__
 *(.cli_command*)
                0x000000000002a32c                __cli_command_end__ = (__cli_command_start__ + SIZEOF (.cli_command))
                0x0000000000000000                __cli_command_size__ = SIZEOF (.cli_command)
                0x000000000002a32c                __stop_cli_command = __cli_command_end__
                0x000000000002a32c                __cli_command_load_end__ = __cli_command_end__
                0x0000000000000001                . = ASSERT (((__cli_command_start__ == __cli_command_end__) || ((__cli_command_end__ - __FLASH1_segment_start__) <= __FLASH1_segment_size__)), error: .cli_command is too large to fit in FLASH1 memory segment)
                0x000000000002a32c                __crypto_data_load_start__ = ALIGN (__cli_command_end__, 0x4)

.crypto_data    0x000000000002a32c        0x0
                0x000000000002a32c                __crypto_data_start__ = .
                0x000000000002a32c                __start_crypto_data = __crypto_data_start__
 *(SORT_BY_NAME(.crypto_data*))
                0x000000000002a32c                __crypto_data_end__ = (__crypto_data_start__ + SIZEOF (.crypto_data))
                0x0000000000000000                __crypto_data_size__ = SIZEOF (.crypto_data)
                0x000000000002a32c                __stop_crypto_data = __crypto_data_end__
                0x000000000002a32c                __crypto_data_load_end__ = __crypto_data_end__
                0x0000000000000001                . = ASSERT (((__crypto_data_start__ == __crypto_data_end__) || ((__crypto_data_end__ - __FLASH1_segment_start__) <= __FLASH1_segment_size__)), error: .crypto_data is too large to fit in FLASH1 memory segment)
                0x000000000002a32c                __log_const_data_load_start__ = ALIGN (__crypto_data_end__, 0x4)

.log_const_data
                0x000000000002a32c       0x78
                0x000000000002a32c                __log_const_data_start__ = .
                0x000000000002a32c                __start_log_const_data = __log_const_data_start__
 *(SORT_BY_NAME(.log_const_data*))
 .log_const_data_CLOCK
                0x000000000002a32c        0x8 Output/Release/Obj/ble_app_beacon_pca10040_s132/nrfx_clock.o
                0x000000000002a32c                m_nrf_log_CLOCK_logs_data_const
 .log_const_data_GPIOTE
                0x000000000002a334        0x8 Output/Release/Obj/ble_app_beacon_pca10040_s132/nrfx_gpiote.o
                0x000000000002a334                m_nrf_log_GPIOTE_logs_data_const
 .log_const_data_PRS
                0x000000000002a33c        0x8 Output/Release/Obj/ble_app_beacon_pca10040_s132/nrfx_prs.o
                0x000000000002a33c                m_nrf_log_PRS_logs_data_const
 .log_const_data_SAADC
                0x000000000002a344        0x8 Output/Release/Obj/ble_app_beacon_pca10040_s132/nrfx_saadc.o
                0x000000000002a344                m_nrf_log_SAADC_logs_data_const
 .log_const_data_UART
                0x000000000002a34c        0x8 Output/Release/Obj/ble_app_beacon_pca10040_s132/nrfx_uart.o
                0x000000000002a34c                m_nrf_log_UART_logs_data_const
 .log_const_data_UARTE
                0x000000000002a354        0x8 Output/Release/Obj/ble_app_beacon_pca10040_s132/nrfx_uarte.o
                0x000000000002a354                m_nrf_log_UARTE_logs_data_const
 .log_const_data_app
                0x000000000002a35c        0x8 Output/Release/Obj/ble_app_beacon_pca10040_s132/nrf_log_frontend.o
                0x000000000002a35c                m_nrf_log_app_logs_data_const
 .log_const_data_app_button
                0x000000000002a364        0x8 Output/Release/Obj/ble_app_beacon_pca10040_s132/app_button.o
                0x000000000002a364                m_nrf_log_app_button_logs_data_const
 .log_const_data_app_timer
                0x000000000002a36c        0x8 Output/Release/Obj/ble_app_beacon_pca10040_s132/app_timer2.o
                0x000000000002a36c                m_nrf_log_app_timer_logs_data_const
 .log_const_data_clock
                0x000000000002a374        0x8 Output/Release/Obj/ble_app_beacon_pca10040_s132/nrf_drv_clock.o
                0x000000000002a374                m_nrf_log_clock_logs_data_const
 .log_const_data_nrf_sdh
                0x000000000002a37c        0x8 Output/Release/Obj/ble_app_beacon_pca10040_s132/nrf_sdh.o
                0x000000000002a37c                m_nrf_log_nrf_sdh_logs_data_const
 .log_const_data_nrf_sdh_ble
                0x000000000002a384        0x8 Output/Release/Obj/ble_app_beacon_pca10040_s132/nrf_sdh_ble.o
                0x000000000002a384                m_nrf_log_nrf_sdh_ble_logs_data_const
 .log_const_data_nrf_sdh_soc
                0x000000000002a38c        0x8 Output/Release/Obj/ble_app_beacon_pca10040_s132/nrf_sdh_soc.o
                0x000000000002a38c                m_nrf_log_nrf_sdh_soc_logs_data_const
 .log_const_data_pwr_mgmt
                0x000000000002a394        0x8 Output/Release/Obj/ble_app_beacon_pca10040_s132/nrf_pwr_mgmt.o
                0x000000000002a394                m_nrf_log_pwr_mgmt_logs_data_const
 .log_const_data_sortlist
                0x000000000002a39c        0x8 Output/Release/Obj/ble_app_beacon_pca10040_s132/nrf_sortlist.o
                0x000000000002a39c                m_nrf_log_sortlist_logs_data_const
                0x000000000002a3a4                __log_const_data_end__ = (__log_const_data_start__ + SIZEOF (.log_const_data))
                0x0000000000000078                __log_const_data_size__ = SIZEOF (.log_const_data)
                0x000000000002a3a4                __stop_log_const_data = __log_const_data_end__
                0x000000000002a3a4                __log_const_data_load_end__ = __log_const_data_end__
                0x0000000000000001                . = ASSERT (((__log_const_data_start__ == __log_const_data_end__) || ((__log_const_data_end__ - __FLASH1_segment_start__) <= __FLASH1_segment_size__)), error: .log_const_data is too large to fit in FLASH1 memory segment)
                0x000000000002a3a4                __log_backends_load_start__ = ALIGN (__log_const_data_end__, 0x4)

.log_backends   0x000000000002a3a4       0x20
                0x000000000002a3a4                __log_backends_start__ = .
                0x000000000002a3a4                __start_log_backends = __log_backends_start__
 *(SORT_BY_NAME(.log_backends*))
 .log_backends  0x000000000002a3a4       0x20 Output/Release/Obj/ble_app_beacon_pca10040_s132/nrf_log_default_backends.o
                0x000000000002a3c4                __log_backends_end__ = (__log_backends_start__ + SIZEOF (.log_backends))
                0x0000000000000020                __log_backends_size__ = SIZEOF (.log_backends)
                0x000000000002a3c4                __stop_log_backends = __log_backends_end__
                0x000000000002a3c4                __log_backends_load_end__ = __log_backends_end__
                0x0000000000000001                . = ASSERT (((__log_backends_start__ == __log_backends_end__) || ((__log_backends_end__ - __FLASH1_segment_start__) <= __FLASH1_segment_size__)), error: .log_backends is too large to fit in FLASH1 memory segment)
                0x000000000002a3c4                __nrf_sections_load_start__ = ALIGN (__log_backends_end__, 0x4)

.nrf_sections   0x000000000002a3c4        0x0
                0x000000000002a3c4                __nrf_sections_start__ = .
                0x000000000002a3c4                __start_nrf_sections = __nrf_sections_start__
 *(.nrf_sections .nrf_sections.*)
                0x000000000002a3c4                __nrf_sections_end__ = (__nrf_sections_start__ + SIZEOF (.nrf_sections))
                0x0000000000000000                __nrf_sections_size__ = SIZEOF (.nrf_sections)
                0x000000000002a3c4                __nrf_sections_load_end__ = __nrf_sections_end__
                0x0000000000000001                . = ASSERT (((__nrf_sections_start__ == __nrf_sections_end__) || ((__nrf_sections_end__ - __FLASH1_segment_start__) <= __FLASH1_segment_size__)), error: .nrf_sections is too large to fit in FLASH1 memory segment)
                0x000000000002a3c4                __cli_sorted_cmd_ptrs_load_start__ = ALIGN (__nrf_sections_end__, 0x4)

.cli_sorted_cmd_ptrs
                0x00000000200018c8        0x0 load address 0x000000000002a3c4
                0x00000000200018c8                __cli_sorted_cmd_ptrs_start__ = .
 *(.cli_sorted_cmd_ptrs*)
                0x00000000200018c8                __cli_sorted_cmd_ptrs_end__ = (__cli_sorted_cmd_ptrs_start__ + SIZEOF (.cli_sorted_cmd_ptrs))
                0x0000000000000000                __cli_sorted_cmd_ptrs_size__ = SIZEOF (.cli_sorted_cmd_ptrs)
                0x000000000002a3c4                __cli_sorted_cmd_ptrs_load_end__ = (__cli_sorted_cmd_ptrs_load_start__ + SIZEOF (.cli_sorted_cmd_ptrs))
                0x0000000000000001                . = ASSERT (((__cli_sorted_cmd_ptrs_load_start__ == __cli_sorted_cmd_ptrs_load_end__) || ((__cli_sorted_cmd_ptrs_load_end__ - __FLASH1_segment_start__) <= __FLASH1_segment_size__)), error: .cli_sorted_cmd_ptrs is too large to fit in FLASH1 memory segment)

.cli_sorted_cmd_ptrs_run
                0x00000000200018c8        0x0
                0x00000000200018c8                __cli_sorted_cmd_ptrs_run_start__ = .
                0x00000000200018c8                __start_cli_sorted_cmd_ptrs = __cli_sorted_cmd_ptrs_run_start__
                0x00000000200018c8                __cli_sorted_cmd_ptrs_run_end__ = (__cli_sorted_cmd_ptrs_run_start__ + SIZEOF (.cli_sorted_cmd_ptrs))
                0x0000000000000000                __cli_sorted_cmd_ptrs_run_size__ = (__cli_sorted_cmd_ptrs_run_end__ - __cli_sorted_cmd_ptrs_run_start__)
                0x00000000200018c8                __stop_cli_sorted_cmd_ptrs = __cli_sorted_cmd_ptrs_run_end__
                0x00000000200018c8                __cli_sorted_cmd_ptrs_run_load_end__ = __cli_sorted_cmd_ptrs_run_end__
                0x0000000000000001                . = ASSERT (((__cli_sorted_cmd_ptrs_run_start__ == __cli_sorted_cmd_ptrs_run_end__) || ((__cli_sorted_cmd_ptrs_run_end__ - __RAM1_segment_start__) <= __RAM1_segment_size__)), error: .cli_sorted_cmd_ptrs_run is too large to fit in RAM1 memory segment)
                0x000000000002a3c4                __fs_data_load_start__ = ALIGN ((__cli_sorted_cmd_ptrs_load_start__ + SIZEOF (.cli_sorted_cmd_ptrs)), 0x4)

.fs_data        0x00000000200018c8        0x0 load address 0x000000000002a3c4
                0x00000000200018c8                __fs_data_start__ = .
 *(.fs_data*)
                0x00000000200018c8                __fs_data_end__ = (__fs_data_start__ + SIZEOF (.fs_data))
                0x0000000000000000                __fs_data_size__ = SIZEOF (.fs_data)
                0x000000000002a3c4                __fs_data_load_end__ = (__fs_data_load_start__ + SIZEOF (.fs_data))
                0x0000000000000001                . = ASSERT (((__fs_data_load_start__ == __fs_data_load_end__) || ((__fs_data_load_end__ - __FLASH1_segment_start__) <= __FLASH1_segment_size__)), error: .fs_data is too large to fit in FLASH1 memory segment)

.fs_data_run    0x00000000200018c8        0x0
                0x00000000200018c8                __fs_data_run_start__ = .
                0x00000000200018c8                __start_fs_data = __fs_data_run_start__
                0x00000000200018c8                __fs_data_run_end__ = (__fs_data_run_start__ + SIZEOF (.fs_data))
                0x0000000000000000                __fs_data_run_size__ = (__fs_data_run_end__ - __fs_data_run_start__)
                0x00000000200018c8                __stop_fs_data = __fs_data_run_end__
                0x00000000200018c8                __fs_data_run_load_end__ = __fs_data_run_end__
                0x0000000000000001                . = ASSERT (((__fs_data_run_start__ == __fs_data_run_end__) || ((__fs_data_run_end__ - __RAM1_segment_start__) <= __RAM1_segment_size__)), error: .fs_data_run is too large to fit in RAM1 memory segment)
                0x000000000002a3c4                __log_dynamic_data_load_start__ = ALIGN ((__fs_data_load_start__ + SIZEOF (.fs_data)), 0x4)

.log_dynamic_data
                0x00000000200018c8        0x0 load address 0x000000000002a3c4
                0x00000000200018c8                __log_dynamic_data_start__ = .
 *(SORT_BY_NAME(.log_dynamic_data*))
                0x00000000200018c8                __log_dynamic_data_end__ = (__log_dynamic_data_start__ + SIZEOF (.log_dynamic_data))
                0x0000000000000000                __log_dynamic_data_size__ = SIZEOF (.log_dynamic_data)
                0x000000000002a3c4                __log_dynamic_data_load_end__ = (__log_dynamic_data_load_start__ + SIZEOF (.log_dynamic_data))
                0x0000000000000001                . = ASSERT (((__log_dynamic_data_load_start__ == __log_dynamic_data_load_end__) || ((__log_dynamic_data_load_end__ - __FLASH1_segment_start__) <= __FLASH1_segment_size__)), error: .log_dynamic_data is too large to fit in FLASH1 memory segment)

.log_dynamic_data_run
                0x00000000200018c8        0x0
                0x00000000200018c8                __log_dynamic_data_run_start__ = .
                0x00000000200018c8                __start_log_dynamic_data = __log_dynamic_data_run_start__
                0x00000000200018c8                __log_dynamic_data_run_end__ = (__log_dynamic_data_run_start__ + SIZEOF (.log_dynamic_data))
                0x0000000000000000                __log_dynamic_data_run_size__ = (__log_dynamic_data_run_end__ - __log_dynamic_data_run_start__)
                0x00000000200018c8                __stop_log_dynamic_data = __log_dynamic_data_run_end__
                0x00000000200018c8                __log_dynamic_data_run_load_end__ = __log_dynamic_data_run_end__
                0x0000000000000001                . = ASSERT (((__log_dynamic_data_run_start__ == __log_dynamic_data_run_end__) || ((__log_dynamic_data_run_end__ - __RAM1_segment_start__) <= __RAM1_segment_size__)), error: .log_dynamic_data_run is too large to fit in RAM1 memory segment)
                0x000000000002a3c4                __log_filter_data_load_start__ = ALIGN ((__log_dynamic_data_load_start__ + SIZEOF (.log_dynamic_data)), 0x4)

.log_filter_data
                0x00000000200018c8        0x0 load address 0x000000000002a3c4
                0x00000000200018c8                __log_filter_data_start__ = .
 *(SORT_BY_NAME(.log_filter_data*))
                0x00000000200018c8                __log_filter_data_end__ = (__log_filter_data_start__ + SIZEOF (.log_filter_data))
                0x0000000000000000                __log_filter_data_size__ = SIZEOF (.log_filter_data)
                0x000000000002a3c4                __log_filter_data_load_end__ = (__log_filter_data_load_start__ + SIZEOF (.log_filter_data))
                0x0000000000000001                . = ASSERT (((__log_filter_data_load_start__ == __log_filter_data_load_end__) || ((__log_filter_data_load_end__ - __FLASH1_segment_start__) <= __FLASH1_segment_size__)), error: .log_filter_data is too large to fit in FLASH1 memory segment)

.log_filter_data_run
                0x00000000200018c8        0x0
                0x00000000200018c8                __log_filter_data_run_start__ = .
                0x00000000200018c8                __start_log_filter_data = __log_filter_data_run_start__
                0x00000000200018c8                __log_filter_data_run_end__ = (__log_filter_data_run_start__ + SIZEOF (.log_filter_data))
                0x0000000000000000                __log_filter_data_run_size__ = (__log_filter_data_run_end__ - __log_filter_data_run_start__)
                0x00000000200018c8                __stop_log_filter_data = __log_filter_data_run_end__
                0x00000000200018c8                __log_filter_data_run_load_end__ = __log_filter_data_run_end__
                0x0000000000000001                . = ASSERT (((__log_filter_data_run_start__ == __log_filter_data_run_end__) || ((__log_filter_data_run_end__ - __RAM1_segment_start__) <= __RAM1_segment_size__)), error: .log_filter_data_run is too large to fit in RAM1 memory segment)
                0x00000000200018c8                __nrf_sections_run_end_load_start__ = ALIGN (__log_filter_data_run_end__, 0x4)

.nrf_sections_run_end
                0x00000000200018c8        0x0
                0x00000000200018c8                __nrf_sections_run_end_start__ = .
                0x00000000200018c8                __end_nrf_sections_run = __nrf_sections_run_end_start__
 *(.nrf_sections_run_end .nrf_sections_run_end.*)
                0x00000000200018c8                __nrf_sections_run_end_end__ = (__nrf_sections_run_end_start__ + SIZEOF (.nrf_sections_run_end))
                0x0000000000000000                __nrf_sections_run_end_size__ = SIZEOF (.nrf_sections_run_end)
                0x00000000200018c8                __nrf_sections_run_end_load_end__ = __nrf_sections_run_end_end__
                0x0000000000000001                . = ASSERT (((__nrf_sections_run_end_start__ == __nrf_sections_run_end_end__) || ((__nrf_sections_run_end_end__ - __RAM1_segment_start__) <= __RAM1_segment_size__)), error: .nrf_sections_run_end is too large to fit in RAM1 memory segment)
                0x000000000002a3c4                __dtors_load_start__ = ALIGN ((__log_filter_data_load_start__ + SIZEOF (.log_filter_data)), 0x4)

.dtors          0x000000000002a3c4        0x0
                0x000000000002a3c4                __dtors_start__ = .
 *(SORT_BY_NAME(.dtors.*))
 *(.dtors)
 *(.fini_array)
 *(SORT_BY_NAME(.fini_array.*))
                0x000000000002a3c4                __dtors_end__ = (__dtors_start__ + SIZEOF (.dtors))
                0x0000000000000000                __dtors_size__ = SIZEOF (.dtors)
                0x000000000002a3c4                __dtors_load_end__ = __dtors_end__
                0x0000000000000001                . = ASSERT (((__dtors_start__ == __dtors_end__) || ((__dtors_end__ - __FLASH1_segment_start__) <= __FLASH1_segment_size__)), error: .dtors is too large to fit in FLASH1 memory segment)
                0x000000000002a3c4                __ctors_load_start__ = ALIGN (__dtors_end__, 0x4)

.ctors          0x000000000002a3c4        0x0
                0x000000000002a3c4                __ctors_start__ = .
 *(SORT_BY_NAME(.ctors.*))
 *(.ctors)
 *(.init_array)
 *(SORT_BY_NAME(.init_array.*))
                0x000000000002a3c4                __ctors_end__ = (__ctors_start__ + SIZEOF (.ctors))
                0x0000000000000000                __ctors_size__ = SIZEOF (.ctors)
                0x000000000002a3c4                __ctors_load_end__ = __ctors_end__
                0x0000000000000001                . = ASSERT (((__ctors_start__ == __ctors_end__) || ((__ctors_end__ - __FLASH1_segment_start__) <= __FLASH1_segment_size__)), error: .ctors is too large to fit in FLASH1 memory segment)
                0x000000000002a3c4                __rodata_load_start__ = ALIGN (__ctors_end__, 0x4)

.rodata         0x000000000002a3c4      0xccc
                0x000000000002a3c4                __rodata_start__ = .
 *(.rodata .rodata.* .gnu.linkonce.r.*)
 *fill*         0x000000000002a3c4        0xc 
 .rodata.delay_machine_code.0
                0x000000000002a3d0        0x6 Output/Release/Obj/ble_app_beacon_pca10040_s132/nrf_log_backend_rtt.o
 *fill*         0x000000000002a3d6        0x2 
 .rodata.nrf_log_backend_rtt_api
                0x000000000002a3d8        0xc Output/Release/Obj/ble_app_beacon_pca10040_s132/nrf_log_backend_rtt.o
                0x000000000002a3d8                nrf_log_backend_rtt_api
 .rodata        0x000000000002a3e4       0x20 Output/Release/Obj/ble_app_beacon_pca10040_s132/nrf_log_backend_uart.o
 .rodata.nrf_log_backend_uart_api
                0x000000000002a404        0xc Output/Release/Obj/ble_app_beacon_pca10040_s132/nrf_log_backend_uart.o
                0x000000000002a404                nrf_log_backend_uart_api
 .rodata.str1.1
                0x000000000002a410       0x21 Output/Release/Obj/ble_app_beacon_pca10040_s132/nrf_log_default_backends.o
 .rodata.nrf_log_frontend_dequeue.str1.1
                0x000000000002a431       0x11 Output/Release/Obj/ble_app_beacon_pca10040_s132/nrf_log_frontend.o
 .rodata.str1.1
                0x000000000002a442        0x4 Output/Release/Obj/ble_app_beacon_pca10040_s132/nrf_log_frontend.o
 *fill*         0x000000000002a446        0x2 
 .rodata.m_log_push_ringbuf
                0x000000000002a448        0xc Output/Release/Obj/ble_app_beacon_pca10040_s132/nrf_log_frontend.o
 .rodata.prefix_process.str1.1
                0x000000000002a454       0x32 Output/Release/Obj/ble_app_beacon_pca10040_s132/nrf_log_str_formatter.o
 .rodata.postfix_process.str1.1
                0x000000000002a486       0x32 Output/Release/Obj/ble_app_beacon_pca10040_s132/nrf_log_str_formatter.o
                                          0x3 (size before relaxing)
 .rodata.nrf_log_hexdump_entry_process.str1.1
                0x000000000002a486        0xf Output/Release/Obj/ble_app_beacon_pca10040_s132/nrf_log_str_formatter.o
                                         0x11 (size before relaxing)
 .rodata.str1.1
                0x000000000002a495       0x4b Output/Release/Obj/ble_app_beacon_pca10040_s132/nrf_log_str_formatter.o
                                         0x51 (size before relaxing)
 .rodata.m_colors
                0x000000000002a4e0       0x24 Output/Release/Obj/ble_app_beacon_pca10040_s132/nrf_log_str_formatter.o
 .rodata.severity_names
                0x000000000002a504       0x14 Output/Release/Obj/ble_app_beacon_pca10040_s132/nrf_log_str_formatter.o
 .rodata.str1.1
                0x000000000002a518        0xb Output/Release/Obj/ble_app_beacon_pca10040_s132/app_button.o
 .rodata.app_error_fault_handler.str1.1
                0x000000000002a523       0x19 Output/Release/Obj/ble_app_beacon_pca10040_s132/app_error_weak.o
 .rodata.str1.1
                0x000000000002a53c        0xa Output/Release/Obj/ble_app_beacon_pca10040_s132/app_timer2.o
 .rodata        0x000000000002a546        0x4 Output/Release/Obj/ble_app_beacon_pca10040_s132/app_timer2.o
 *fill*         0x000000000002a54a        0x2 
 .rodata.m_app_timer_sortlist
                0x000000000002a54c        0xc Output/Release/Obj/ble_app_beacon_pca10040_s132/app_timer2.o
 .rodata.drv_rtc_init.str1.1
                0x000000000002a558       0x34 Output/Release/Obj/ble_app_beacon_pca10040_s132/drv_rtc.o
 *fill*         0x000000000002a58c        0x4 
 .rodata.delay_machine_code.0
                0x000000000002a590        0x6 Output/Release/Obj/ble_app_beacon_pca10040_s132/drv_rtc.o
 .rodata._aV2C.0
                0x000000000002a596       0x10 Output/Release/Obj/ble_app_beacon_pca10040_s132/nrf_fprintf_format.o
 .rodata.str1.1
                0x000000000002a5a6        0x9 Output/Release/Obj/ble_app_beacon_pca10040_s132/nrf_pwr_mgmt.o
 *fill*         0x000000000002a5af        0x1 
 .rodata.pwr_mgmt_data
                0x000000000002a5b0        0xc Output/Release/Obj/ble_app_beacon_pca10040_s132/nrf_pwr_mgmt.o
 .rodata.str1.1
                0x000000000002a5bc        0x9 Output/Release/Obj/ble_app_beacon_pca10040_s132/nrf_sortlist.o
 .rodata.str1.1
                0x000000000002a5c5      0x3ba Output/Release/Obj/ble_app_beacon_pca10040_s132/nrf_strerror.o
 .rodata.m_unknown_str
                0x000000000002a97f       0x13 Output/Release/Obj/ble_app_beacon_pca10040_s132/nrf_strerror.o
 *fill*         0x000000000002a992        0x2 
 .rodata.nrf_strerror_array
                0x000000000002a994      0x128 Output/Release/Obj/ble_app_beacon_pca10040_s132/nrf_strerror.o
 .rodata.CSWTCH.15
                0x000000000002aabc        0x5 Output/Release/Obj/ble_app_beacon_pca10040_s132/system_nrf52.o
 .rodata.CSWTCH.19
                0x000000000002aac1        0x5 Output/Release/Obj/ble_app_beacon_pca10040_s132/system_nrf52.o
 .rodata.CSWTCH.21
                0x000000000002aac6        0x5 Output/Release/Obj/ble_app_beacon_pca10040_s132/system_nrf52.o
 .rodata.CSWTCH.5
                0x000000000002aacb        0x5 Output/Release/Obj/ble_app_beacon_pca10040_s132/system_nrf52.o
 .rodata.m_board_led_list
                0x000000000002aad0        0x4 Output/Release/Obj/ble_app_beacon_pca10040_s132/boards.o
 .rodata.str1.1
                0x000000000002aad4        0x6 Output/Release/Obj/ble_app_beacon_pca10040_s132/nrf_drv_clock.o
 .rodata.str1.1
                0x000000000002aada        0x6 Output/Release/Obj/ble_app_beacon_pca10040_s132/nrfx_clock.o
 .rodata.str1.1
                0x000000000002aae0        0x7 Output/Release/Obj/ble_app_beacon_pca10040_s132/nrfx_gpiote.o
 .rodata.str1.1
                0x000000000002aae7        0x4 Output/Release/Obj/ble_app_beacon_pca10040_s132/nrfx_prs.o
 .rodata.str1.1
                0x000000000002aaeb        0x5 Output/Release/Obj/ble_app_beacon_pca10040_s132/nrfx_uart.o
 .rodata.str1.1
                0x000000000002aaf0        0x6 Output/Release/Obj/ble_app_beacon_pca10040_s132/nrfx_uarte.o
 .rodata.str1.1
                0x000000000002aaf6        0x6 Output/Release/Obj/ble_app_beacon_pca10040_s132/nrfx_saadc.o
 .rodata.advertising_findmy_init.str1.1
                0x000000000002aafc       0x2a Output/Release/Obj/ble_app_beacon_pca10040_s132/main.o
                                         0x2c (size before relaxing)
 .rodata.saadc_callback.str1.1
                0x000000000002ab26       0x12 Output/Release/Obj/ble_app_beacon_pca10040_s132/main.o
 .rodata.print_ble_address.str1.1
                0x000000000002ab38       0x33 Output/Release/Obj/ble_app_beacon_pca10040_s132/main.o
 .rodata.main.str1.1
                0x000000000002ab6b       0x20 Output/Release/Obj/ble_app_beacon_pca10040_s132/main.o
 *fill*         0x000000000002ab8b        0x1 
 .rodata        0x000000000002ab8c       0x19 Output/Release/Obj/ble_app_beacon_pca10040_s132/main.o
 *fill*         0x000000000002aba5        0x3 
 .rodata.BLE_timer
                0x000000000002aba8        0x4 Output/Release/Obj/ble_app_beacon_pca10040_s132/main.o
 .rodata.default_config.0
                0x000000000002abac        0x4 Output/Release/Obj/ble_app_beacon_pca10040_s132/main.o
 .rodata._DoInit.str1.1
                0x000000000002abb0       0x14 Output/Release/Obj/ble_app_beacon_pca10040_s132/SEGGER_RTT.o
 .rodata.str1.1
                0x000000000002abc4        0x8 Output/Release/Obj/ble_app_beacon_pca10040_s132/nrf_sdh.o
 .rodata        0x000000000002abcc        0x4 Output/Release/Obj/ble_app_beacon_pca10040_s132/nrf_sdh.o
 .rodata.sdh_req_observers
                0x000000000002abd0        0xc Output/Release/Obj/ble_app_beacon_pca10040_s132/nrf_sdh.o
 .rodata.sdh_stack_observers
                0x000000000002abdc        0xc Output/Release/Obj/ble_app_beacon_pca10040_s132/nrf_sdh.o
 .rodata.sdh_state_observers
                0x000000000002abe8        0xc Output/Release/Obj/ble_app_beacon_pca10040_s132/nrf_sdh.o
 .rodata.nrf_sdh_ble_default_cfg_set.str1.1
                0x000000000002abf4      0x182 Output/Release/Obj/ble_app_beacon_pca10040_s132/nrf_sdh_ble.o
 .rodata.nrf_sdh_ble_enable.str1.1
                0x000000000002ad76       0xa7 Output/Release/Obj/ble_app_beacon_pca10040_s132/nrf_sdh_ble.o
 .rodata.str1.1
                0x000000000002ae1d        0xc Output/Release/Obj/ble_app_beacon_pca10040_s132/nrf_sdh_ble.o
 *fill*         0x000000000002ae29        0x3 
 .rodata.sdh_ble_observers
                0x000000000002ae2c        0xc Output/Release/Obj/ble_app_beacon_pca10040_s132/nrf_sdh_ble.o
 .rodata.str1.1
                0x000000000002ae38        0xc Output/Release/Obj/ble_app_beacon_pca10040_s132/nrf_sdh_soc.o
 .rodata.sdh_soc_observers
                0x000000000002ae44        0xc Output/Release/Obj/ble_app_beacon_pca10040_s132/nrf_sdh_soc.o
 .rodata.libc.__RAL_find_locale.str1.4
                0x000000000002ae50        0xa C:/Program Files/SEGGER/SEGGER Embedded Studio for ARM 5.68/lib/libc_v7em_fpv4_sp_d16_hard_t_le_eabi.a(libc2.o)
 *fill*         0x000000000002ae5a        0x2 
 .rodata.libc.__RAL_ascii_ctype_map
                0x000000000002ae5c       0x80 C:/Program Files/SEGGER/SEGGER Embedded Studio for ARM 5.68/lib/libc_v7em_fpv4_sp_d16_hard_t_le_eabi.a(libc2.o)
                0x000000000002ae5c                __RAL_ascii_ctype_map
 .rodata.libc.__RAL_ascii_ctype_mask
                0x000000000002aedc        0xd C:/Program Files/SEGGER/SEGGER Embedded Studio for ARM 5.68/lib/libc_v7em_fpv4_sp_d16_hard_t_le_eabi.a(libc2.o)
 *fill*         0x000000000002aee9        0x3 
 .rodata.libc.__RAL_c_locale
                0x000000000002aeec        0xc C:/Program Files/SEGGER/SEGGER Embedded Studio for ARM 5.68/lib/libc_v7em_fpv4_sp_d16_hard_t_le_eabi.a(libc2.o)
                0x000000000002aeec                __RAL_c_locale
 .rodata.libc.__RAL_c_locale_abbrev_day_names
                0x000000000002aef8       0x1d C:/Program Files/SEGGER/SEGGER Embedded Studio for ARM 5.68/lib/libc_v7em_fpv4_sp_d16_hard_t_le_eabi.a(libc2.o)
                0x000000000002aef8                __RAL_c_locale_abbrev_day_names
 *fill*         0x000000000002af15        0x3 
 .rodata.libc.__RAL_c_locale_abbrev_month_names
                0x000000000002af18       0x31 C:/Program Files/SEGGER/SEGGER Embedded Studio for ARM 5.68/lib/libc_v7em_fpv4_sp_d16_hard_t_le_eabi.a(libc2.o)
                0x000000000002af18                __RAL_c_locale_abbrev_month_names
 *fill*         0x000000000002af49        0x3 
 .rodata.libc.__RAL_c_locale_am_pm_indicator
                0x000000000002af4c        0x7 C:/Program Files/SEGGER/SEGGER Embedded Studio for ARM 5.68/lib/libc_v7em_fpv4_sp_d16_hard_t_le_eabi.a(libc2.o)
                0x000000000002af4c                __RAL_c_locale_am_pm_indicator
 *fill*         0x000000000002af53        0x1 
 .rodata.libc.__RAL_c_locale_data
                0x000000000002af54       0x58 C:/Program Files/SEGGER/SEGGER Embedded Studio for ARM 5.68/lib/libc_v7em_fpv4_sp_d16_hard_t_le_eabi.a(libc2.o)
                0x000000000002af54                __RAL_c_locale_data
 .rodata.libc.__RAL_c_locale_date_format
                0x000000000002afac        0x9 C:/Program Files/SEGGER/SEGGER Embedded Studio for ARM 5.68/lib/libc_v7em_fpv4_sp_d16_hard_t_le_eabi.a(libc2.o)
                0x000000000002afac                __RAL_c_locale_date_format
 *fill*         0x000000000002afb5        0x3 
 .rodata.libc.__RAL_c_locale_date_time_format
                0x000000000002afb8        0xf C:/Program Files/SEGGER/SEGGER Embedded Studio for ARM 5.68/lib/libc_v7em_fpv4_sp_d16_hard_t_le_eabi.a(libc2.o)
                0x000000000002afb8                __RAL_c_locale_date_time_format
 *fill*         0x000000000002afc7        0x1 
 .rodata.libc.__RAL_c_locale_day_names
                0x000000000002afc8       0x3a C:/Program Files/SEGGER/SEGGER Embedded Studio for ARM 5.68/lib/libc_v7em_fpv4_sp_d16_hard_t_le_eabi.a(libc2.o)
                0x000000000002afc8                __RAL_c_locale_day_names
 *fill*         0x000000000002b002        0x2 
 .rodata.libc.__RAL_c_locale_month_names
                0x000000000002b004       0x57 C:/Program Files/SEGGER/SEGGER Embedded Studio for ARM 5.68/lib/libc_v7em_fpv4_sp_d16_hard_t_le_eabi.a(libc2.o)
                0x000000000002b004                __RAL_c_locale_month_names
 *fill*         0x000000000002b05b        0x1 
 .rodata.libc.__RAL_c_locale_time_format