Archive member included to satisfy reference by file (symbol)

C:/Program Files/SEGGER/SEGGER Embedded Studio for ARM 5.68/lib/libc_v7em_t_le_eabi.a(libc_asm.o)
                              Output/Release/Obj/ble_app_beacon_pca10056e_s112/nrfx_wdt.o (__aeabi_uldivmod)
C:/Program Files/SEGGER/SEGGER Embedded Studio for ARM 5.68/lib/libc_v7em_t_le_eabi.a(libc2.o)
                              Output/Release/Obj/ble_app_beacon_pca10056e_s112/openhaystack.o (malloc)
C:/Program Files/SEGGER/SEGGER Embedded Studio for ARM 5.68/lib/libc_v7em_t_le_eabi.a(libc2_asm.o)
                              Output/Release/Obj/ble_app_beacon_pca10056e_s112/app_scheduler.o (memcpy)
C:/Program Files/SEGGER/SEGGER Embedded Studio for ARM 5.68/lib/libc_v7em_t_le_eabi.a(libvfprintf.o)
                              (__vfprintf_long)
C:/Program Files/SEGGER/SEGGER Embedded Studio for ARM 5.68/lib/libc_v7em_t_le_eabi.a(libvfscanf.o)
                              (__vfscanf_long)
C:/Program Files/SEGGER/SEGGER Embedded Studio for ARM 5.68/lib/libc_v7em_t_le_eabi.a(libc.o)
                              C:/Program Files/SEGGER/SEGGER Embedded Studio for ARM 5.68/lib/libc_v7em_t_le_eabi.a(libc2.o) (__heap_lock)
C:/Program Files/SEGGER/SEGGER Embedded Studio for ARM 5.68/lib/libdebugio_v7em_t_le_eabi.a(libdebugio.o)
                              Output/Release/Obj/ble_app_beacon_pca10056e_s112/thumb_crt0.o (debug_fopen)
C:/Program Files/SEGGER/SEGGER Embedded Studio for ARM 5.68/lib/libdebugio_v7em_t_le_eabi.a(do_nv_debug_operation.o)
                              C:/Program Files/SEGGER/SEGGER Embedded Studio for ARM 5.68/lib/libdebugio_v7em_t_le_eabi.a(libdebugio.o) (__do_nvdebug_operation)
C:/Program Files/SEGGER/SEGGER Embedded Studio for ARM 5.68/lib/libdebugio_v7em_t_le_eabi.a(mempoll_debug_operations.o)
                              (__do_debug_operation_mempoll)
C:/Program Files/SEGGER/SEGGER Embedded Studio for ARM 5.68/lib/libm_v7em_t_le_eabi.a(libm_asm.o)
                              C:/Program Files/SEGGER/SEGGER Embedded Studio for ARM 5.68/lib/libc_v7em_t_le_eabi.a(libc2.o) (__aeabi_fadd)
C:/Program Files/SEGGER/SEGGER Embedded Studio for ARM 5.68/lib/libm_v7em_t_le_eabi.a(libm2.o)
                              C:/Program Files/SEGGER/SEGGER Embedded Studio for ARM 5.68/lib/libc_v7em_t_le_eabi.a(libvfprintf.o) (frexp)

Discarded input sections

 .text          0x0000000000000000        0x0 Output/Release/Obj/ble_app_beacon_pca10056e_s112/thumb_crt0.o
 .data          0x0000000000000000        0x0 Output/Release/Obj/ble_app_beacon_pca10056e_s112/thumb_crt0.o
 .bss           0x0000000000000000        0x0 Output/Release/Obj/ble_app_beacon_pca10056e_s112/thumb_crt0.o
 .text.__aeabi_read_tp
                0x0000000000000000        0x8 Output/Release/Obj/ble_app_beacon_pca10056e_s112/thumb_crt0.o
 .text.abort    0x0000000000000000        0x2 Output/Release/Obj/ble_app_beacon_pca10056e_s112/thumb_crt0.o
 .text.__assert
                0x0000000000000000        0x2 Output/Release/Obj/ble_app_beacon_pca10056e_s112/thumb_crt0.o
 .text.__assert_func
                0x0000000000000000        0x2 Output/Release/Obj/ble_app_beacon_pca10056e_s112/thumb_crt0.o
 .text.__aeabi_assert
                0x0000000000000000        0x2 Output/Release/Obj/ble_app_beacon_pca10056e_s112/thumb_crt0.o
 .text.__sync_synchronize
                0x0000000000000000        0x2 Output/Release/Obj/ble_app_beacon_pca10056e_s112/thumb_crt0.o
 .text.__getchar
                0x0000000000000000        0x4 Output/Release/Obj/ble_app_beacon_pca10056e_s112/thumb_crt0.o
 .text.__putchar
                0x0000000000000000        0x4 Output/Release/Obj/ble_app_beacon_pca10056e_s112/thumb_crt0.o
 .text.__open   0x0000000000000000        0x4 Output/Release/Obj/ble_app_beacon_pca10056e_s112/thumb_crt0.o
 .text.__close  0x0000000000000000        0x4 Output/Release/Obj/ble_app_beacon_pca10056e_s112/thumb_crt0.o
 .text.__write  0x0000000000000000        0xa Output/Release/Obj/ble_app_beacon_pca10056e_s112/thumb_crt0.o
 .text.__read   0x0000000000000000        0xa Output/Release/Obj/ble_app_beacon_pca10056e_s112/thumb_crt0.o
 .text.__seek   0x0000000000000000       0x1a Output/Release/Obj/ble_app_beacon_pca10056e_s112/thumb_crt0.o
 .text.remove   0x0000000000000000        0x4 Output/Release/Obj/ble_app_beacon_pca10056e_s112/thumb_crt0.o
 .text.rename   0x0000000000000000        0x4 Output/Release/Obj/ble_app_beacon_pca10056e_s112/thumb_crt0.o
 .bss.__user_locale_name_buffer
                0x0000000000000000        0x4 Output/Release/Obj/ble_app_beacon_pca10056e_s112/thumb_crt0.o
 .stack         0x0000000000000000        0x0 Output/Release/Obj/ble_app_beacon_pca10056e_s112/thumb_crt0.o
 .stack_process
                0x0000000000000000        0x0 Output/Release/Obj/ble_app_beacon_pca10056e_s112/thumb_crt0.o
 .heap          0x0000000000000000        0x0 Output/Release/Obj/ble_app_beacon_pca10056e_s112/thumb_crt0.o
[...]
Memory Configuration

Name             Origin             Length             Attributes
UNPLACED_SECTIONS 0x0000000100000000 0x0000000000000000 xw
RAM1             0x0000000020000000 0x0000000000006000 xw
FLASH1           0x0000000000000000 0x0000000000030000 xw
*default*        0x0000000000000000 0xffffffffffffffff

Linker script and memory map

                0x0000000000000000                __do_debug_operation = __do_debug_operation_mempoll
                0x0000000000000000                __vfprintf = __vfprintf_long
                0x0000000000000000                __vfscanf = __vfscanf_long
                0x0000000020000000                __RAM1_segment_start__ = 0x20000000
                0x0000000020006000                __RAM1_segment_end__ = 0x20006000
                0x0000000000006000                __RAM1_segment_size__ = 0x6000
                0x0000000000000000                __FLASH1_segment_start__ = 0x0
                0x0000000000030000                __FLASH1_segment_end__ = 0x30000
                0x0000000000030000                __FLASH1_segment_size__ = 0x30000
                0x0000000000000800                __HEAPSIZE__ = 0x800
                0x0000000000000000                __STACKSIZE_PROCESS__ = 0x0
                0x0000000000000800                __STACKSIZE__ = 0x800
                0x0000000020000000                __reserved_ram_load_start__ = 0x20000000

.reserved_ram   0x0000000020000000     0x1118
                0x0000000020000000                __reserved_ram_start__ = .
 *(.reserved_ram .reserved_ram.*)
                0x0000000020001118                . = MAX (((__reserved_ram_start__ + 0x20001118) - 0x20000000), .)
 *fill*         0x0000000020000000     0x1118 
                0x0000000020001118                __reserved_ram_end__ = (__reserved_ram_start__ + SIZEOF (.reserved_ram))
                0x0000000000001118                __reserved_ram_size__ = SIZEOF (.reserved_ram)
                0x0000000020001118                __reserved_ram_load_end__ = __reserved_ram_end__
                0x0000000000000001                . = ASSERT (((__reserved_ram_start__ == __reserved_ram_end__) || ((__reserved_ram_end__ - __RAM1_segment_start__) <= __RAM1_segment_size__)), error: .reserved_ram is too large to fit in RAM1 memory segment)
                0x0000000020001118                __vectors_ram_load_start__ = 0x20001118

.vectors_ram    0x0000000020001118        0x0
                0x0000000020001118                __vectors_ram_start__ = .
                0x0000000020001118                __app_ram_start__ = __vectors_ram_start__
 *(.vectors_ram .vectors_ram.*)
                0x0000000020001118                __vectors_ram_end__ = (__vectors_ram_start__ + SIZEOF (.vectors_ram))
                0x0000000000000000                __vectors_ram_size__ = SIZEOF (.vectors_ram)
                0x0000000020001118                __vectors_ram_load_end__ = __vectors_ram_end__
                0x0000000000000001                . = ASSERT (((__vectors_ram_start__ == __vectors_ram_end__) || ((__vectors_ram_end__ - __RAM1_segment_start__) <= __RAM1_segment_size__)), error: .vectors_ram is too large to fit in RAM1 memory segment)
                0x0000000000000001                . = ASSERT ((__reserved_ram_end__ <= __vectors_ram_start__), error: section .reserved_ram overlaps absolute placed section .vectors_ram)
                0x0000000020001118                __nrf_sections_run_load_start__ = ALIGN (__vectors_ram_end__, 0x4)

.nrf_sections_run
                0x0000000020001118        0x0
                0x0000000020001118                __nrf_sections_run_start__ = .
                0x0000000020001118                __start_nrf_sections_run = __nrf_sections_run_start__
 *(.nrf_sections_run .nrf_sections_run.*)
                0x0000000020001118                __nrf_sections_run_end__ = (__nrf_sections_run_start__ + SIZEOF (.nrf_sections_run))
                0x0000000000000000                __nrf_sections_run_size__ = SIZEOF (.nrf_sections_run)
                0x0000000020001118                __nrf_sections_run_load_end__ = __nrf_sections_run_end__
                0x0000000000000001                . = ASSERT (((__nrf_sections_run_start__ == __nrf_sections_run_end__) || ((__nrf_sections_run_end__ - __RAM1_segment_start__) <= __RAM1_segment_size__)), error: .nrf_sections_run is too large to fit in RAM1 memory segment)
                0x0000000000000000                __reserved_flash_load_start__ = 0x0

.reserved_flash
                0x0000000000000000    0x19000
                0x0000000000000000                __reserved_flash_start__ = .
 *(.reserved_flash .reserved_flash.*)
                0x0000000000019000                . = MAX (((__reserved_flash_start__ + 0x19000) - 0x0), .)
 *fill*         0x0000000000000000    0x19000 
                0x0000000000019000                __reserved_flash_end__ = (__reserved_flash_start__ + SIZEOF (.reserved_flash))
                0x0000000000019000                __reserved_flash_size__ = SIZEOF (.reserved_flash)
                0x0000000000019000                __reserved_flash_load_end__ = __reserved_flash_end__
                0x0000000000000001                . = ASSERT (((__reserved_flash_start__ == __reserved_flash_end__) || ((__reserved_flash_end__ - __FLASH1_segment_start__) <= __FLASH1_segment_size__)), error: .reserved_flash is too large to fit in FLASH1 memory segment)
                0x0000000000019000                __vectors_load_start__ = 0x19000

.vectors        0x0000000000019000      0x200
                0x0000000000019000                __vectors_start__ = .
 *(.vectors .vectors.*)
 .vectors       0x0000000000019000      0x200 Output/Release/Obj/ble_app_beacon_pca10056e_s112/ses_startup_nrf52811.o
                0x0000000000019000                _vectors
                0x0000000000019200                __vectors_end__ = (__vectors_start__ + SIZEOF (.vectors))
                0x0000000000000200                __vectors_size__ = SIZEOF (.vectors)
                0x0000000000019200                __vectors_load_end__ = __vectors_end__
                0x0000000000000001                . = ASSERT (((__vectors_start__ == __vectors_end__) || ((__vectors_end__ - __FLASH1_segment_start__) <= __FLASH1_segment_size__)), error: .vectors is too large to fit in FLASH1 memory segment)
                0x0000000000000001                . = ASSERT ((__reserved_flash_end__ <= __vectors_start__), error: section .reserved_flash overlaps absolute placed section .vectors)
                0x0000000000019200                __init_load_start__ = ALIGN (__vectors_end__, 0x4)

.init           0x0000000000019200      0x1bc
                0x0000000000019200                __init_start__ = .
 *(.init .init.*)
 .init          0x0000000000019200      0x15c Output/Release/Obj/ble_app_beacon_pca10056e_s112/thumb_crt0.o
                0x0000000000019200                _start
                0x00000000000192b4                exit
 .init          0x000000000001935c       0x18 Output/Release/Obj/ble_app_beacon_pca10056e_s112/ses_startup_nrf52811.o
                0x000000000001935c                NMI_Handler
                0x000000000001935e                HardFault_Handler
                0x0000000000019360                MemoryManagement_Handler
                0x0000000000019362                BusFault_Handler
                0x0000000000019364                UsageFault_Handler
                0x0000000000019366                SVC_Handler
                0x0000000000019368                DebugMon_Handler
                0x000000000001936a                PendSV_Handler
                0x000000000001936c                SysTick_Handler
                0x000000000001936e                SWI0_EGU0_IRQHandler
                0x000000000001936e                RADIO_IRQHandler
                0x000000000001936e                PDM_IRQHandler
                0x000000000001936e                SWI4_IRQHandler
                0x000000000001936e                TEMP_IRQHandler
                0x000000000001936e                QDEC_IRQHandler
                0x000000000001936e                TWIM0_TWIS0_TWI0_SPIM1_SPIS1_SPI1_IRQHandler
                0x000000000001936e                SWI5_IRQHandler
                0x000000000001936e                TIMER0_IRQHandler
                0x000000000001936e                TIMER2_IRQHandler
                0x000000000001936e                TIMER1_IRQHandler
                0x000000000001936e                ECB_IRQHandler
                0x000000000001936e                SWI3_IRQHandler
                0x000000000001936e                SPIM0_SPIS0_SPI0_IRQHandler
                0x000000000001936e                CCM_AAR_IRQHandler
                0x000000000001936e                RTC0_IRQHandler
                0x000000000001936e                RNG_IRQHandler
                0x000000000001936e                COMP_IRQHandler
                0x000000000001936e                PWM0_IRQHandler
                0x000000000001936e                SWI1_EGU1_IRQHandler
                0x000000000001936e                Dummy_Handler
                0x0000000000019370                nRFInitialize
 .init          0x0000000000019374       0x48 Output/Release/Obj/ble_app_beacon_pca10056e_s112/ses_startup_nrf_common.o
                0x0000000000019374                Reset_Handler
                0x0000000000019378                afterInitialize
                0x000000000001938a                InitializeUserMemorySections
                0x00000000000193bc                __init_end__ = (__init_start__ + SIZEOF (.init))
                0x00000000000001bc                __init_size__ = SIZEOF (.init)
                0x00000000000193bc                __init_load_end__ = __init_end__
                0x0000000000000001                . = ASSERT (((__init_start__ == __init_end__) || ((__init_end__ - __FLASH1_segment_start__) <= __FLASH1_segment_size__)), error: .init is too large to fit in FLASH1 memory segment)
                0x00000000000193bc                __init_rodata_load_start__ = ALIGN (__init_end__, 0x4)

.init_rodata    0x00000000000193bc        0x0
                0x00000000000193bc                __init_rodata_start__ = .
 *(.init_rodata .init_rodata.*)
                0x00000000000193bc                __init_rodata_end__ = (__init_rodata_start__ + SIZEOF (.init_rodata))
                0x0000000000000000                __init_rodata_size__ = SIZEOF (.init_rodata)
                0x00000000000193bc                __init_rodata_load_end__ = __init_rodata_end__
                0x0000000000000001                . = ASSERT (((__init_rodata_start__ == __init_rodata_end__) || ((__init_rodata_end__ - __FLASH1_segment_start__) <= __FLASH1_segment_size__)), error: .init_rodata is too large to fit in FLASH1 memory segment)
                0x00000000000193bc                __text_load_start__ = ALIGN (__init_rodata_end__, 0x4)

.text           0x00000000000193bc     0x23b0
                0x00000000000193bc                __text_start__ = .
 *(.text .text.* .glue_7t .glue_7 .gnu.linkonce.t.* .gcc_except_table .ARM.extab* .gnu.linkonce.armextab.*)
 .glue_7        0x00000000000193bc        0x0 linker stubs
 .glue_7t       0x00000000000193bc        0x0 linker stubs
 .text.app_error_handler_bare
                0x00000000000193bc       0x1a Output/Release/Obj/ble_app_beacon_pca10056e_s112/app_error.o
                0x00000000000193bc                app_error_handler_bare
 *fill*         0x00000000000193d6        0x2 
 .text.app_error_fault_handler
                0x00000000000193d8       0x30 Output/Release/Obj/ble_app_beacon_pca10056e_s112/app_error_weak.o
                0x00000000000193d8                app_error_fault_handler
 .text.compare_func
                0x0000000000019408       0x18 Output/Release/Obj/ble_app_beacon_pca10056e_s112/app_timer2.o
 .text.get_now  0x0000000000019420       0x38 Output/Release/Obj/ble_app_beacon_pca10056e_s112/app_timer2.o
 .text.timer_req_schedule
                0x0000000000019458       0x38 Output/Release/Obj/ble_app_beacon_pca10056e_s112/app_timer2.o
 .text.timer_expire
                0x0000000000019490       0xb0 Output/Release/Obj/ble_app_beacon_pca10056e_s112/app_timer2.o
 .text.app_timer_init
                0x0000000000019540       0x64 Output/Release/Obj/ble_app_beacon_pca10056e_s112/app_timer2.o
                0x0000000000019540                app_timer_init
 .text.app_timer_create
                0x00000000000195a4       0x24 Output/Release/Obj/ble_app_beacon_pca10056e_s112/app_timer2.o
                0x00000000000195a4                app_timer_create
 .text.app_timer_start
                0x00000000000195c8       0x5c Output/Release/Obj/ble_app_beacon_pca10056e_s112/app_timer2.o
                0x00000000000195c8                app_timer_start
 .text.app_timer_stop
                0x0000000000019624       0x4e Output/Release/Obj/ble_app_beacon_pca10056e_s112/app_timer2.o
                0x0000000000019624                app_timer_stop
 *fill*         0x0000000000019672        0x2 
 .text.app_timer_cnt_get
                0x0000000000019674        0xc Output/Release/Obj/ble_app_beacon_pca10056e_s112/app_timer2.o
                0x0000000000019674                app_timer_cnt_get
 .text.rtc_irq  0x0000000000019680      0x1bc Output/Release/Obj/ble_app_beacon_pca10056e_s112/app_timer2.o
 .text.app_util_critical_region_enter
                0x000000000001983c       0x48 Output/Release/Obj/ble_app_beacon_pca10056e_s112/app_util_platform.o
                0x000000000001983c                app_util_critical_region_enter
 .text.app_util_critical_region_exit
                0x0000000000019884       0x2c Output/Release/Obj/ble_app_beacon_pca10056e_s112/app_util_platform.o
                0x0000000000019884                app_util_critical_region_exit
 .text.evt_pending.isra.0
                0x00000000000198b0       0x18 Output/Release/Obj/ble_app_beacon_pca10056e_s112/drv_rtc.o
 .text.drv_rtc_init
                0x00000000000198c8       0x74 Output/Release/Obj/ble_app_beacon_pca10056e_s112/drv_rtc.o
                0x00000000000198c8                drv_rtc_init
 .text.drv_rtc_start
                0x000000000001993c        0x8 Output/Release/Obj/ble_app_beacon_pca10056e_s112/drv_rtc.o
                0x000000000001993c                drv_rtc_start
 .text.drv_rtc_stop
                0x0000000000019944        0x8 Output/Release/Obj/ble_app_beacon_pca10056e_s112/drv_rtc.o
                0x0000000000019944                drv_rtc_stop
 .text.drv_rtc_compare_set
                0x000000000001994c       0x3e Output/Release/Obj/ble_app_beacon_pca10056e_s112/drv_rtc.o
                0x000000000001994c                drv_rtc_compare_set
 *fill*         0x000000000001998a        0x2 
 .text.drv_rtc_windowed_compare_set
                0x000000000001998c       0xf0 Output/Release/Obj/ble_app_beacon_pca10056e_s112/drv_rtc.o
                0x000000000001998c                drv_rtc_windowed_compare_set
 .text.drv_rtc_overflow_enable
                0x0000000000019a7c       0x10 Output/Release/Obj/ble_app_beacon_pca10056e_s112/drv_rtc.o
                0x0000000000019a7c                drv_rtc_overflow_enable
 .text.drv_rtc_overflow_pending
                0x0000000000019a8c        0xa Output/Release/Obj/ble_app_beacon_pca10056e_s112/drv_rtc.o
                0x0000000000019a8c                drv_rtc_overflow_pending
 .text.drv_rtc_compare_disable
                0x0000000000019a96       0x14 Output/Release/Obj/ble_app_beacon_pca10056e_s112/drv_rtc.o
                0x0000000000019a96                drv_rtc_compare_disable
 .text.drv_rtc_compare_pending
                0x0000000000019aaa        0xc Output/Release/Obj/ble_app_beacon_pca10056e_s112/drv_rtc.o
                0x0000000000019aaa                drv_rtc_compare_pending
 .text.drv_rtc_counter_get
                0x0000000000019ab6        0x8 Output/Release/Obj/ble_app_beacon_pca10056e_s112/drv_rtc.o
                0x0000000000019ab6                drv_rtc_counter_get
 *fill*         0x0000000000019abe        0x2 
 .text.drv_rtc_irq_trigger
                0x0000000000019ac0       0x24 Output/Release/Obj/ble_app_beacon_pca10056e_s112/drv_rtc.o
                0x0000000000019ac0                drv_rtc_irq_trigger
 .text.RTC1_IRQHandler
                0x0000000000019ae4       0x14 Output/Release/Obj/ble_app_beacon_pca10056e_s112/drv_rtc.o
                0x0000000000019ae4                RTC1_IRQHandler
 .text.nrf_atfifo_init
                0x0000000000019af8       0x26 Output/Release/Obj/ble_app_beacon_pca10056e_s112/nrf_atfifo.o
                0x0000000000019af8                nrf_atfifo_init
 .text.nrf_atfifo_item_alloc
                0x0000000000019b1e       0x54 Output/Release/Obj/ble_app_beacon_pca10056e_s112/nrf_atfifo.o
                0x0000000000019b1e                nrf_atfifo_item_alloc
 .text.nrf_atfifo_item_put
                0x0000000000019b72       0x20 Output/Release/Obj/ble_app_beacon_pca10056e_s112/nrf_atfifo.o
                0x0000000000019b72                nrf_atfifo_item_put
 .text.nrf_atfifo_item_get
                0x0000000000019b92       0x56 Output/Release/Obj/ble_app_beacon_pca10056e_s112/nrf_atfifo.o
                0x0000000000019b92                nrf_atfifo_item_get
 .text.nrf_atfifo_item_free
                0x0000000000019be8       0x20 Output/Release/Obj/ble_app_beacon_pca10056e_s112/nrf_atfifo.o
                0x0000000000019be8                nrf_atfifo_item_free
 .text.sd_app_evt_wait
                0x0000000000019c08        0x4 Output/Release/Obj/ble_app_beacon_pca10056e_s112/nrf_pwr_mgmt.o
 .text.nrf_pwr_mgmt_init
                0x0000000000019c0c       0x2c Output/Release/Obj/ble_app_beacon_pca10056e_s112/nrf_pwr_mgmt.o
                0x0000000000019c0c                nrf_pwr_mgmt_init
 .text.nrf_pwr_mgmt_run
                0x0000000000019c38       0x18 Output/Release/Obj/ble_app_beacon_pca10056e_s112/nrf_pwr_mgmt.o
                0x0000000000019c38                nrf_pwr_mgmt_run
 .text.nrf_section_iter_init
                0x0000000000019c50       0x14 Output/Release/Obj/ble_app_beacon_pca10056e_s112/nrf_section_iter.o
                0x0000000000019c50                nrf_section_iter_init
 .text.nrf_section_iter_next
                0x0000000000019c64       0x18 Output/Release/Obj/ble_app_beacon_pca10056e_s112/nrf_section_iter.o
                0x0000000000019c64                nrf_section_iter_next
 .text.nrf_sortlist_add
                0x0000000000019c7c       0x20 Output/Release/Obj/ble_app_beacon_pca10056e_s112/nrf_sortlist.o
                0x0000000000019c7c                nrf_sortlist_add
 .text.nrf_sortlist_pop
                0x0000000000019c9c        0xc Output/Release/Obj/ble_app_beacon_pca10056e_s112/nrf_sortlist.o
                0x0000000000019c9c                nrf_sortlist_pop
 .text.nrf_sortlist_peek
                0x0000000000019ca8        0x6 Output/Release/Obj/ble_app_beacon_pca10056e_s112/nrf_sortlist.o
                0x0000000000019ca8                nrf_sortlist_peek
 .text.nrf_sortlist_remove
                0x0000000000019cae       0x1a Output/Release/Obj/ble_app_beacon_pca10056e_s112/nrf_sortlist.o
                0x0000000000019cae                nrf_sortlist_remove
 .text.__NVIC_SystemReset
                0x0000000000019cc8       0x24 Output/Release/Obj/ble_app_beacon_pca10056e_s112/system_nrf52811.o
 .text.nrf52_errata_36
                0x0000000000019cec       0x1a Output/Release/Obj/ble_app_beacon_pca10056e_s112/system_nrf52811.o
 *fill*         0x0000000000019d06        0x2 
 .text.nrf52_errata_98
                0x0000000000019d08       0x24 Output/Release/Obj/ble_app_beacon_pca10056e_s112/system_nrf52811.o
 .text.nvmc_wait
                0x0000000000019d2c       0x10 Output/Release/Obj/ble_app_beacon_pca10056e_s112/system_nrf52811.o
                0x0000000000019d2c                nvmc_wait
 .text.SystemInit
                0x0000000000019d3c      0x210 Output/Release/Obj/ble_app_beacon_pca10056e_s112/system_nrf52811.o
                0x0000000000019d3c                SystemInit
 .text.bsp_board_led_state_get
                0x0000000000019f4c       0x1c Output/Release/Obj/ble_app_beacon_pca10056e_s112/boards.o
                0x0000000000019f4c                bsp_board_led_state_get
 .text.bsp_board_led_on
                0x0000000000019f68       0x18 Output/Release/Obj/ble_app_beacon_pca10056e_s112/boards.o
                0x0000000000019f68                bsp_board_led_on
 .text.bsp_board_led_off
                0x0000000000019f80       0x18 Output/Release/Obj/ble_app_beacon_pca10056e_s112/boards.o
                0x0000000000019f80                bsp_board_led_off
 .text.bsp_board_leds_off
                0x0000000000019f98       0x1e Output/Release/Obj/ble_app_beacon_pca10056e_s112/boards.o
                0x0000000000019f98                bsp_board_leds_off
 .text.bsp_board_leds_on
                0x0000000000019fb6       0x1e Output/Release/Obj/ble_app_beacon_pca10056e_s112/boards.o
                0x0000000000019fb6                bsp_board_leds_on
 .text.bsp_board_led_invert
                0x0000000000019fd4       0x24 Output/Release/Obj/ble_app_beacon_pca10056e_s112/boards.o
                0x0000000000019fd4                bsp_board_led_invert
 .text.clock_clk_started_notify
                0x0000000000019ff8       0x24 Output/Release/Obj/ble_app_beacon_pca10056e_s112/nrf_drv_clock.o
 .text.clock_irq_handler
                0x000000000001a01c       0x1c Output/Release/Obj/ble_app_beacon_pca10056e_s112/nrf_drv_clock.o
 .text.soc_evt_handler
                0x000000000001a038       0x14 Output/Release/Obj/ble_app_beacon_pca10056e_s112/nrf_drv_clock.o
 .text.nrf_drv_clock_init
                0x000000000001a04c       0x48 Output/Release/Obj/ble_app_beacon_pca10056e_s112/nrf_drv_clock.o
                0x000000000001a04c                nrf_drv_clock_init
 .text.nrf_drv_clock_lfclk_request
                0x000000000001a094       0x68 Output/Release/Obj/ble_app_beacon_pca10056e_s112/nrf_drv_clock.o
                0x000000000001a094                nrf_drv_clock_lfclk_request
 .text.nrf_drv_clock_lfclk_release
                0x000000000001a0fc       0x40 Output/Release/Obj/ble_app_beacon_pca10056e_s112/nrf_drv_clock.o
                0x000000000001a0fc                nrf_drv_clock_lfclk_release
 .text.sd_state_evt_handler
                0x000000000001a13c       0x64 Output/Release/Obj/ble_app_beacon_pca10056e_s112/nrf_drv_clock.o
 .text.nrf_clock_event_clear
                0x000000000001a1a0       0x14 Output/Release/Obj/ble_app_beacon_pca10056e_s112/nrfx_clock.o
 .text.nrfx_clock_init
                0x000000000001a1b4       0x18 Output/Release/Obj/ble_app_beacon_pca10056e_s112/nrfx_clock.o
                0x000000000001a1b4                nrfx_clock_init
 .text.nrfx_clock_enable
                0x000000000001a1cc       0x24 Output/Release/Obj/ble_app_beacon_pca10056e_s112/nrfx_clock.o
                0x000000000001a1cc                nrfx_clock_enable
 .text.nrfx_clock_lfclk_start
                0x000000000001a1f0       0x1a Output/Release/Obj/ble_app_beacon_pca10056e_s112/nrfx_clock.o
                0x000000000001a1f0                nrfx_clock_lfclk_start
 .text.nrfx_clock_lfclk_stop
                0x000000000001a20a       0x22 Output/Release/Obj/ble_app_beacon_pca10056e_s112/nrfx_clock.o
                0x000000000001a20a                nrfx_clock_lfclk_stop
 .text.POWER_CLOCK_IRQHandler
                0x000000000001a22c       0x4c Output/Release/Obj/ble_app_beacon_pca10056e_s112/nrfx_clock.o
                0x000000000001a22c                POWER_CLOCK_IRQHandler
 .text.nrf_gpiote_event_clear
                0x000000000001a278       0x18 Output/Release/Obj/ble_app_beacon_pca10056e_s112/nrfx_gpiote.o
 .text.nrf_gpio_cfg_sense_set
                0x000000000001a290       0x20 Output/Release/Obj/ble_app_beacon_pca10056e_s112/nrfx_gpiote.o
 .text.GPIOTE_IRQHandler
                0x000000000001a2b0      0x14c Output/Release/Obj/ble_app_beacon_pca10056e_s112/nrfx_gpiote.o
                0x000000000001a2b0                GPIOTE_IRQHandler
 .text.UARTE0_UART0_IRQHandler
                0x000000000001a3fc        0xc Output/Release/Obj/ble_app_beacon_pca10056e_s112/nrfx_prs.o
                0x000000000001a3fc                UARTE0_UART0_IRQHandler
 .text.nrf_saadc_event_clear
                0x000000000001a408       0x18 Output/Release/Obj/ble_app_beacon_pca10056e_s112/nrfx_saadc.o
 .text.SAADC_IRQHandler
                0x000000000001a420      0x154 Output/Release/Obj/ble_app_beacon_pca10056e_s112/nrfx_saadc.o
                0x000000000001a420                SAADC_IRQHandler
 .text.nrfx_saadc_init
                0x000000000001a574       0x90 Output/Release/Obj/ble_app_beacon_pca10056e_s112/nrfx_saadc.o
                0x000000000001a574                nrfx_saadc_init
 .text.nrfx_saadc_channel_init
                0x000000000001a604       0x90 Output/Release/Obj/ble_app_beacon_pca10056e_s112/nrfx_saadc.o
                0x000000000001a604                nrfx_saadc_channel_init
 .text.nrfx_saadc_buffer_convert
                0x000000000001a694       0xa4 Output/Release/Obj/ble_app_beacon_pca10056e_s112/nrfx_saadc.o
                0x000000000001a694                nrfx_saadc_buffer_convert
 .text.nrfx_saadc_sample
                0x000000000001a738       0x28 Output/Release/Obj/ble_app_beacon_pca10056e_s112/nrfx_saadc.o
                0x000000000001a738                nrfx_saadc_sample
 .text.WDT_IRQHandler
                0x000000000001a760       0x2c Output/Release/Obj/ble_app_beacon_pca10056e_s112/nrfx_wdt.o
                0x000000000001a760                WDT_IRQHandler
 .text.nrfx_wdt_init
                0x000000000001a78c       0x58 Output/Release/Obj/ble_app_beacon_pca10056e_s112/nrfx_wdt.o
                0x000000000001a78c                nrfx_wdt_init
 .text.nrfx_wdt_enable
                0x000000000001a7e4       0x1c Output/Release/Obj/ble_app_beacon_pca10056e_s112/nrfx_wdt.o
                0x000000000001a7e4                nrfx_wdt_enable
 .text.nrfx_wdt_channel_alloc
                0x000000000001a800       0x4c Output/Release/Obj/ble_app_beacon_pca10056e_s112/nrfx_wdt.o
                0x000000000001a800                nrfx_wdt_channel_alloc
 .text.nrfx_wdt_channel_feed
                0x000000000001a84c       0x18 Output/Release/Obj/ble_app_beacon_pca10056e_s112/nrfx_wdt.o
                0x000000000001a84c                nrfx_wdt_channel_feed
 .text.leds_off
                0x000000000001a864       0x2c Output/Release/Obj/ble_app_beacon_pca10056e_s112/bsp.o
 .text.bsp_led_indication
                0x000000000001a890      0x200 Output/Release/Obj/ble_app_beacon_pca10056e_s112/bsp.o
 .text.bsp_indication_set
                0x000000000001aa90       0x18 Output/Release/Obj/ble_app_beacon_pca10056e_s112/bsp.o
                0x000000000001aa90                bsp_indication_set
 .text.sd_ble_gap_addr_set
                0x000000000001aaa8        0x4 Output/Release/Obj/ble_app_beacon_pca10056e_s112/main.o
 .text.sd_ble_gap_adv_set_configure
                0x000000000001aaac        0x4 Output/Release/Obj/ble_app_beacon_pca10056e_s112/main.o
 .text.sd_ble_gap_adv_start
                0x000000000001aab0        0x4 Output/Release/Obj/ble_app_beacon_pca10056e_s112/main.o
 .text.wdt_event_handler
                0x000000000001aab4        0x2 Output/Release/Obj/ble_app_beacon_pca10056e_s112/main.o
                0x000000000001aab4                wdt_event_handler
 *fill*         0x000000000001aab6        0x2 
 .text.BLE_ctrl
                0x000000000001aab8        0xc Output/Release/Obj/ble_app_beacon_pca10056e_s112/main.o
 .text.advertising_findmy_init
                0x000000000001aac4       0x54 Output/Release/Obj/ble_app_beacon_pca10056e_s112/main.o
 .text.advertising_start
                0x000000000001ab18       0x28 Output/Release/Obj/ble_app_beacon_pca10056e_s112/main.o
 .text.ble_evt_handler
                0x000000000001ab40       0x24 Output/Release/Obj/ble_app_beacon_pca10056e_s112/main.o
                0x000000000001ab40                ble_evt_handler
 .text.saadc_callback
                0x000000000001ab64       0x64 Output/Release/Obj/ble_app_beacon_pca10056e_s112/main.o
 .text.setMacAddress
                0x000000000001abc8       0x2c Output/Release/Obj/ble_app_beacon_pca10056e_s112/main.o
                0x000000000001abc8                setMacAddress
 .text.fill_adv_template_from_key
                0x000000000001abf4       0x2c Output/Release/Obj/ble_app_beacon_pca10056e_s112/main.o
                0x000000000001abf4                fill_adv_template_from_key
 .text.BLE_process_exec
                0x000000000001ac20       0x9c Output/Release/Obj/ble_app_beacon_pca10056e_s112/main.o
                0x000000000001ac20                BLE_process_exec
 .text.startup.main
                0x000000000001acbc      0x144 Output/Release/Obj/ble_app_beacon_pca10056e_s112/main.o
                0x000000000001acbc                main
 .text.set_addr_from_key
                0x000000000001ae00       0x24 Output/Release/Obj/ble_app_beacon_pca10056e_s112/openhaystack.o
                0x000000000001ae00                set_addr_from_key
 .text.setAdvertisementKey
                0x000000000001ae24       0x24 Output/Release/Obj/ble_app_beacon_pca10056e_s112/openhaystack.o
                0x000000000001ae24                setAdvertisementKey
 .text.sd_ble_gap_addr_get
                0x000000000001ae48        0x4 Output/Release/Obj/ble_app_beacon_pca10056e_s112/ble_advdata.o
 .text.sd_ble_gap_appearance_get
                0x000000000001ae4c        0x4 Output/Release/Obj/ble_app_beacon_pca10056e_s112/ble_advdata.o
 .text.sd_ble_gap_device_name_get
                0x000000000001ae50        0x4 Output/Release/Obj/ble_app_beacon_pca10056e_s112/ble_advdata.o
 .text.sd_ble_uuid_encode
                0x000000000001ae54        0x4 Output/Release/Obj/ble_app_beacon_pca10056e_s112/ble_advdata.o
 .text.uuid_list_sized_encode
                0x000000000001ae58       0xac Output/Release/Obj/ble_app_beacon_pca10056e_s112/ble_advdata.o
 .text.uuid_list_encode
                0x000000000001af04       0x38 Output/Release/Obj/ble_app_beacon_pca10056e_s112/ble_advdata.o
 .text.ble_advdata_encode
                0x000000000001af3c      0x394 Output/Release/Obj/ble_app_beacon_pca10056e_s112/ble_advdata.o
                0x000000000001af3c                ble_advdata_encode
 .text.sd_softdevice_enable
                0x000000000001b2d0        0x4 Output/Release/Obj/ble_app_beacon_pca10056e_s112/nrf_sdh.o
 .text.sdh_request_observer_notify
                0x000000000001b2d4       0x30 Output/Release/Obj/ble_app_beacon_pca10056e_s112/nrf_sdh.o
 .text.sdh_state_observer_notify
                0x000000000001b304       0x28 Output/Release/Obj/ble_app_beacon_pca10056e_s112/nrf_sdh.o
 .text.softdevices_evt_irq_enable
                0x000000000001b32c       0x38 Output/Release/Obj/ble_app_beacon_pca10056e_s112/nrf_sdh.o
 .text.nrf_sdh_enable_request
                0x000000000001b364       0x7c Output/Release/Obj/ble_app_beacon_pca10056e_s112/nrf_sdh.o
                0x000000000001b364                nrf_sdh_enable_request
 .text.nrf_sdh_is_enabled
                0x000000000001b3e0        0xc Output/Release/Obj/ble_app_beacon_pca10056e_s112/nrf_sdh.o
                0x000000000001b3e0                nrf_sdh_is_enabled
 .text.nrf_sdh_evts_poll
                0x000000000001b3ec       0x28 Output/Release/Obj/ble_app_beacon_pca10056e_s112/nrf_sdh.o
                0x000000000001b3ec                nrf_sdh_evts_poll
 .text.SWI2_IRQHandler
                0x000000000001b414        0x4 Output/Release/Obj/ble_app_beacon_pca10056e_s112/nrf_sdh.o
                0x000000000001b414                SWI2_IRQHandler
 .text.sd_ble_enable
                0x000000000001b418        0x4 Output/Release/Obj/ble_app_beacon_pca10056e_s112/nrf_sdh_ble.o
 .text.sd_ble_cfg_set
                0x000000000001b41c        0x4 Output/Release/Obj/ble_app_beacon_pca10056e_s112/nrf_sdh_ble.o
 .text.sd_ble_evt_get
                0x000000000001b420        0x4 Output/Release/Obj/ble_app_beacon_pca10056e_s112/nrf_sdh_ble.o
 .text.nrf_sdh_ble_evts_poll
                0x000000000001b424       0x58 Output/Release/Obj/ble_app_beacon_pca10056e_s112/nrf_sdh_ble.o
 .text.nrf_sdh_ble_default_cfg_set
                0x000000000001b47c       0x7c Output/Release/Obj/ble_app_beacon_pca10056e_s112/nrf_sdh_ble.o
                0x000000000001b47c                nrf_sdh_ble_default_cfg_set
 .text.nrf_sdh_ble_enable
                0x000000000001b4f8       0x14 Output/Release/Obj/ble_app_beacon_pca10056e_s112/nrf_sdh_ble.o
                0x000000000001b4f8                nrf_sdh_ble_enable
 .text.sd_evt_get
                0x000000000001b50c        0x4 Output/Release/Obj/ble_app_beacon_pca10056e_s112/nrf_sdh_soc.o
 .text.nrf_sdh_soc_evts_poll
                0x000000000001b510       0x40 Output/Release/Obj/ble_app_beacon_pca10056e_s112/nrf_sdh_soc.o
 .text.libc.__int64_udivmod
                0x000000000001b550       0xce C:/Program Files/SEGGER/SEGGER Embedded Studio for ARM 5.68/lib/libc_v7em_t_le_eabi.a(libc_asm.o)
                0x000000000001b550                __aeabi_uldivmod
                0x000000000001b550                __int64_udiv
                0x000000000001b550                __udivdi3
                0x000000000001b550                __int64_udivmod
 *fill*         0x000000000001b61e        0x2 
 .text.libc.malloc
                0x000000000001b620       0x8c C:/Program Files/SEGGER/SEGGER Embedded Studio for ARM 5.68/lib/libc_v7em_t_le_eabi.a(libc2.o)
                0x000000000001b620                malloc
 .text.libc.memcpy
                0x000000000001b6ac       0x52 C:/Program Files/SEGGER/SEGGER Embedded Studio for ARM 5.68/lib/libc_v7em_t_le_eabi.a(libc2_asm.o)
                0x000000000001b6ac                __aeabi_memcpy
                0x000000000001b6ac                memcpy
                0x000000000001b6b8                __aeabi_memcpy8
                0x000000000001b6b8                __aeabi_memcpy4
 .text.libc.memset
                0x000000000001b6fe       0x66 C:/Program Files/SEGGER/SEGGER Embedded Studio for ARM 5.68/lib/libc_v7em_t_le_eabi.a(libc2_asm.o)
                0x000000000001b6fe                memset
 .text.libc.__heap_lock
                0x000000000001b764        0x4 C:/Program Files/SEGGER/SEGGER Embedded Studio for ARM 5.68/lib/libc_v7em_t_le_eabi.a(libc.o)
                0x000000000001b764                __heap_lock
 .text.libc.__heap_unlock
                0x000000000001b768        0x4 C:/Program Files/SEGGER/SEGGER Embedded Studio for ARM 5.68/lib/libc_v7em_t_le_eabi.a(libc.o)
                0x000000000001b768                __heap_unlock
                0x000000000001b76c                . = ALIGN (MAX ((__text_start__ + 0x4), .), 0x4)
                0x000000000001b76c                __text_end__ = (__text_start__ + SIZEOF (.text))
                0x00000000000023b0                __text_size__ = SIZEOF (.text)
                0x000000000001b76c                __text_load_end__ = __text_end__

.vfp11_veneer   0x0000000100000000        0x0
 .vfp11_veneer  0x0000000100000000        0x0 linker stubs

.v4_bx          0x0000000100000000        0x0
 .v4_bx         0x0000000100000000        0x0 linker stubs

.iplt           0x0000000100000000        0x0
 .iplt          0x0000000100000000        0x0 Output/Release/Obj/ble_app_beacon_pca10056e_s112/thumb_crt0.o
                0x0000000000000001                . = ASSERT (((__text_start__ == __text_end__) || ((__text_end__ - __FLASH1_segment_start__) <= __FLASH1_segment_size__)), error: .text is too large to fit in FLASH1 memory segment)
                0x000000000001b76c                __sdh_soc_observers_load_start__ = ALIGN (__text_end__, 0x4)

.sdh_soc_observers
                0x000000000001b76c        0x8
                0x000000000001b76c                __sdh_soc_observers_start__ = .
                0x000000000001b76c                __start_sdh_soc_observers = __sdh_soc_observers_start__
 *(SORT_BY_NAME(.sdh_soc_observers*))
 .sdh_soc_observers0
                0x000000000001b76c        0x8 Output/Release/Obj/ble_app_beacon_pca10056e_s112/nrf_drv_clock.o
                0x000000000001b774                __sdh_soc_observers_end__ = (__sdh_soc_observers_start__ + SIZEOF (.sdh_soc_observers))
                0x0000000000000008                __sdh_soc_observers_size__ = SIZEOF (.sdh_soc_observers)
                0x000000000001b774                __stop_sdh_soc_observers = __sdh_soc_observers_end__
                0x000000000001b774                __sdh_soc_observers_load_end__ = __sdh_soc_observers_end__
                0x0000000000000001                . = ASSERT (((__sdh_soc_observers_start__ == __sdh_soc_observers_end__) || ((__sdh_soc_observers_end__ - __FLASH1_segment_start__) <= __FLASH1_segment_size__)), error: .sdh_soc_observers is too large to fit in FLASH1 memory segment)
                0x000000000001b774                __sdh_ble_observers_load_start__ = ALIGN (__sdh_soc_observers_end__, 0x4)

.sdh_ble_observers
                0x000000000001b774        0x8
                0x000000000001b774                __sdh_ble_observers_start__ = .
                0x000000000001b774                __start_sdh_ble_observers = __sdh_ble_observers_start__
 *(SORT_BY_NAME(.sdh_ble_observers*))
 .sdh_ble_observers3
                0x000000000001b774        0x8 Output/Release/Obj/ble_app_beacon_pca10056e_s112/main.o
                0x000000000001b77c                __sdh_ble_observers_end__ = (__sdh_ble_observers_start__ + SIZEOF (.sdh_ble_observers))
                0x0000000000000008                __sdh_ble_observers_size__ = SIZEOF (.sdh_ble_observers)
                0x000000000001b77c                __stop_sdh_ble_observers = __sdh_ble_observers_end__
                0x000000000001b77c                __sdh_ble_observers_load_end__ = __sdh_ble_observers_end__
                0x0000000000000001                . = ASSERT (((__sdh_ble_observers_start__ == __sdh_ble_observers_end__) || ((__sdh_ble_observers_end__ - __FLASH1_segment_start__) <= __FLASH1_segment_size__)), error: .sdh_ble_observers is too large to fit in FLASH1 memory segment)
                0x000000000001b77c                __pwr_mgmt_data_load_start__ = ALIGN (__sdh_ble_observers_end__, 0x4)

.pwr_mgmt_data  0x000000000001b77c        0x0
                0x000000000001b77c                __pwr_mgmt_data_start__ = .
                0x000000000001b77c                __start_pwr_mgmt_data = __pwr_mgmt_data_start__
 *(SORT_BY_NAME(.pwr_mgmt_data*))
                0x000000000001b77c                __pwr_mgmt_data_end__ = (__pwr_mgmt_data_start__ + SIZEOF (.pwr_mgmt_data))
                0x0000000000000000                __pwr_mgmt_data_size__ = SIZEOF (.pwr_mgmt_data)
                0x000000000001b77c                __stop_pwr_mgmt_data = __pwr_mgmt_data_end__
                0x000000000001b77c                __pwr_mgmt_data_load_end__ = __pwr_mgmt_data_end__
                0x0000000000000001                . = ASSERT (((__pwr_mgmt_data_start__ == __pwr_mgmt_data_end__) || ((__pwr_mgmt_data_end__ - __FLASH1_segment_start__) <= __FLASH1_segment_size__)), error: .pwr_mgmt_data is too large to fit in FLASH1 memory segment)
                0x000000000001b77c                __sdh_req_observers_load_start__ = ALIGN (__pwr_mgmt_data_end__, 0x4)

.sdh_req_observers
                0x000000000001b77c        0x0
                0x000000000001b77c                __sdh_req_observers_start__ = .
                0x000000000001b77c                __start_sdh_req_observers = __sdh_req_observers_start__
 *(SORT_BY_NAME(.sdh_req_observers*))
                0x000000000001b77c                __sdh_req_observers_end__ = (__sdh_req_observers_start__ + SIZEOF (.sdh_req_observers))
                0x0000000000000000                __sdh_req_observers_size__ = SIZEOF (.sdh_req_observers)
                0x000000000001b77c                __stop_sdh_req_observers = __sdh_req_observers_end__
                0x000000000001b77c                __sdh_req_observers_load_end__ = __sdh_req_observers_end__
                0x0000000000000001                . = ASSERT (((__sdh_req_observers_start__ == __sdh_req_observers_end__) || ((__sdh_req_observers_end__ - __FLASH1_segment_start__) <= __FLASH1_segment_size__)), error: .sdh_req_observers is too large to fit in FLASH1 memory segment)
                0x000000000001b77c                __sdh_state_observers_load_start__ = ALIGN (__sdh_req_observers_end__, 0x4)

.sdh_state_observers
                0x000000000001b77c        0x8
                0x000000000001b77c                __sdh_state_observers_start__ = .
                0x000000000001b77c                __start_sdh_state_observers = __sdh_state_observers_start__
 *(SORT_BY_NAME(.sdh_state_observers*))
 .sdh_state_observers0
                0x000000000001b77c        0x8 Output/Release/Obj/ble_app_beacon_pca10056e_s112/nrf_drv_clock.o
                0x000000000001b784                __sdh_state_observers_end__ = (__sdh_state_observers_start__ + SIZEOF (.sdh_state_observers))
                0x0000000000000008                __sdh_state_observers_size__ = SIZEOF (.sdh_state_observers)
                0x000000000001b784                __stop_sdh_state_observers = __sdh_state_observers_end__
                0x000000000001b784                __sdh_state_observers_load_end__ = __sdh_state_observers_end__
                0x0000000000000001                . = ASSERT (((__sdh_state_observers_start__ == __sdh_state_observers_end__) || ((__sdh_state_observers_end__ - __FLASH1_segment_start__) <= __FLASH1_segment_size__)), error: .sdh_state_observers is too large to fit in FLASH1 memory segment)
                0x000000000001b784                __sdh_stack_observers_load_start__ = ALIGN (__sdh_state_observers_end__, 0x4)

.sdh_stack_observers
                0x000000000001b784       0x10
                0x000000000001b784                __sdh_stack_observers_start__ = .
                0x000000000001b784                __start_sdh_stack_observers = __sdh_stack_observers_start__
 *(SORT_BY_NAME(.sdh_stack_observers*))
 .sdh_stack_observers0
                0x000000000001b784        0x8 Output/Release/Obj/ble_app_beacon_pca10056e_s112/nrf_sdh_ble.o
 .sdh_stack_observers0
                0x000000000001b78c        0x8 Output/Release/Obj/ble_app_beacon_pca10056e_s112/nrf_sdh_soc.o
                0x000000000001b794                __sdh_stack_observers_end__ = (__sdh_stack_observers_start__ + SIZEOF (.sdh_stack_observers))
                0x0000000000000010                __sdh_stack_observers_size__ = SIZEOF (.sdh_stack_observers)
                0x000000000001b794                __stop_sdh_stack_observers = __sdh_stack_observers_end__
                0x000000000001b794                __sdh_stack_observers_load_end__ = __sdh_stack_observers_end__
                0x0000000000000001                . = ASSERT (((__sdh_stack_observers_start__ == __sdh_stack_observers_end__) || ((__sdh_stack_observers_end__ - __FLASH1_segment_start__) <= __FLASH1_segment_size__)), error: .sdh_stack_observers is too large to fit in FLASH1 memory segment)
                0x000000000001b794                __nrf_queue_load_start__ = ALIGN (__sdh_stack_observers_end__, 0x4)

.nrf_queue      0x000000000001b794        0x0
                0x000000000001b794                __nrf_queue_start__ = .
                0x000000000001b794                __start_nrf_queue = __nrf_queue_start__
 *(.nrf_queue*)
                0x000000000001b794                __nrf_queue_end__ = (__nrf_queue_start__ + SIZEOF (.nrf_queue))
                0x0000000000000000                __nrf_queue_size__ = SIZEOF (.nrf_queue)
                0x000000000001b794                __stop_nrf_queue = __nrf_queue_end__
                0x000000000001b794                __nrf_queue_load_end__ = __nrf_queue_end__
                0x0000000000000001                . = ASSERT (((__nrf_queue_start__ == __nrf_queue_end__) || ((__nrf_queue_end__ - __FLASH1_segment_start__) <= __FLASH1_segment_size__)), error: .nrf_queue is too large to fit in FLASH1 memory segment)
                0x000000000001b794                __nrf_balloc_load_start__ = ALIGN (__nrf_queue_end__, 0x4)

.nrf_balloc     0x000000000001b794        0x0
                0x000000000001b794                __nrf_balloc_start__ = .
                0x000000000001b794                __start_nrf_balloc = __nrf_balloc_start__
 *(.nrf_balloc*)
                0x000000000001b794                __nrf_balloc_end__ = (__nrf_balloc_start__ + SIZEOF (.nrf_balloc))
                0x0000000000000000                __nrf_balloc_size__ = SIZEOF (.nrf_balloc)
                0x000000000001b794                __stop_nrf_balloc = __nrf_balloc_end__
                0x000000000001b794                __nrf_balloc_load_end__ = __nrf_balloc_end__
                0x0000000000000001                . = ASSERT (((__nrf_balloc_start__ == __nrf_balloc_end__) || ((__nrf_balloc_end__ - __FLASH1_segment_start__) <= __FLASH1_segment_size__)), error: .nrf_balloc is too large to fit in FLASH1 memory segment)
                0x000000000001b794                __cli_command_load_start__ = ALIGN (__nrf_balloc_end__, 0x4)

.cli_command    0x000000000001b794        0x0
                0x000000000001b794                __cli_command_start__ = .
                0x000000000001b794                __start_cli_command = __cli_command_start__
 *(.cli_command*)
                0x000000000001b794                __cli_command_end__ = (__cli_command_start__ + SIZEOF (.cli_command))
                0x0000000000000000                __cli_command_size__ = SIZEOF (.cli_command)
                0x000000000001b794                __stop_cli_command = __cli_command_end__
                0x000000000001b794                __cli_command_load_end__ = __cli_command_end__
                0x0000000000000001                . = ASSERT (((__cli_command_start__ == __cli_command_end__) || ((__cli_command_end__ - __FLASH1_segment_start__) <= __FLASH1_segment_size__)), error: .cli_command is too large to fit in FLASH1 memory segment)
                0x000000000001b794                __crypto_data_load_start__ = ALIGN (__cli_command_end__, 0x4)

.crypto_data    0x000000000001b794        0x0
                0x000000000001b794                __crypto_data_start__ = .
                0x000000000001b794                __start_crypto_data = __crypto_data_start__
 *(SORT_BY_NAME(.crypto_data*))
                0x000000000001b794                __crypto_data_end__ = (__crypto_data_start__ + SIZEOF (.crypto_data))
                0x0000000000000000                __crypto_data_size__ = SIZEOF (.crypto_data)
                0x000000000001b794                __stop_crypto_data = __crypto_data_end__
                0x000000000001b794                __crypto_data_load_end__ = __crypto_data_end__
                0x0000000000000001                . = ASSERT (((__crypto_data_start__ == __crypto_data_end__) || ((__crypto_data_end__ - __FLASH1_segment_start__) <= __FLASH1_segment_size__)), error: .crypto_data is too large to fit in FLASH1 memory segment)
                0x000000000001b794                __log_const_data_load_start__ = ALIGN (__crypto_data_end__, 0x4)

.log_const_data
                0x000000000001b794        0x0
                0x000000000001b794                __log_const_data_start__ = .
                0x000000000001b794                __start_log_const_data = __log_const_data_start__
 *(SORT_BY_NAME(.log_const_data*))
                0x000000000001b794                __log_const_data_end__ = (__log_const_data_start__ + SIZEOF (.log_const_data))
                0x0000000000000000                __log_const_data_size__ = SIZEOF (.log_const_data)
                0x000000000001b794                __stop_log_const_data = __log_const_data_end__
                0x000000000001b794                __log_const_data_load_end__ = __log_const_data_end__
                0x0000000000000001                . = ASSERT (((__log_const_data_start__ == __log_const_data_end__) || ((__log_const_data_end__ - __FLASH1_segment_start__) <= __FLASH1_segment_size__)), error: .log_const_data is too large to fit in FLASH1 memory segment)
                0x000000000001b794                __log_backends_load_start__ = ALIGN (__log_const_data_end__, 0x4)

.log_backends   0x000000000001b794        0x0
                0x000000000001b794                __log_backends_start__ = .
                0x000000000001b794                __start_log_backends = __log_backends_start__
 *(SORT_BY_NAME(.log_backends*))
                0x000000000001b794                __log_backends_end__ = (__log_backends_start__ + SIZEOF (.log_backends))
                0x0000000000000000                __log_backends_size__ = SIZEOF (.log_backends)
                0x000000000001b794                __stop_log_backends = __log_backends_end__
                0x000000000001b794                __log_backends_load_end__ = __log_backends_end__
                0x0000000000000001                . = ASSERT (((__log_backends_start__ == __log_backends_end__) || ((__log_backends_end__ - __FLASH1_segment_start__) <= __FLASH1_segment_size__)), error: .log_backends is too large to fit in FLASH1 memory segment)
                0x000000000001b794                __nrf_sections_load_start__ = ALIGN (__log_backends_end__, 0x4)

.nrf_sections   0x000000000001b794        0x0
                0x000000000001b794                __nrf_sections_start__ = .
                0x000000000001b794                __start_nrf_sections = __nrf_sections_start__
 *(.nrf_sections .nrf_sections.*)
                0x000000000001b794                __nrf_sections_end__ = (__nrf_sections_start__ + SIZEOF (.nrf_sections))
                0x0000000000000000                __nrf_sections_size__ = SIZEOF (.nrf_sections)
                0x000000000001b794                __nrf_sections_load_end__ = __nrf_sections_end__
                0x0000000000000001                . = ASSERT (((__nrf_sections_start__ == __nrf_sections_end__) || ((__nrf_sections_end__ - __FLASH1_segment_start__) <= __FLASH1_segment_size__)), error: .nrf_sections is too large to fit in FLASH1 memory segment)
                0x000000000001b794                __cli_sorted_cmd_ptrs_load_start__ = ALIGN (__nrf_sections_end__, 0x4)

.cli_sorted_cmd_ptrs
                0x0000000020001118        0x0 load address 0x000000000001b794
                0x0000000020001118                __cli_sorted_cmd_ptrs_start__ = .
 *(.cli_sorted_cmd_ptrs*)
                0x0000000020001118                __cli_sorted_cmd_ptrs_end__ = (__cli_sorted_cmd_ptrs_start__ + SIZEOF (.cli_sorted_cmd_ptrs))
                0x0000000000000000                __cli_sorted_cmd_ptrs_size__ = SIZEOF (.cli_sorted_cmd_ptrs)
                0x000000000001b794                __cli_sorted_cmd_ptrs_load_end__ = (__cli_sorted_cmd_ptrs_load_start__ + SIZEOF (.cli_sorted_cmd_ptrs))
                0x0000000000000001                . = ASSERT (((__cli_sorted_cmd_ptrs_load_start__ == __cli_sorted_cmd_ptrs_load_end__) || ((__cli_sorted_cmd_ptrs_load_end__ - __FLASH1_segment_start__) <= __FLASH1_segment_size__)), error: .cli_sorted_cmd_ptrs is too large to fit in FLASH1 memory segment)

.cli_sorted_cmd_ptrs_run
                0x0000000020001118        0x0
                0x0000000020001118                __cli_sorted_cmd_ptrs_run_start__ = .
                0x0000000020001118                __start_cli_sorted_cmd_ptrs = __cli_sorted_cmd_ptrs_run_start__
                0x0000000020001118                __cli_sorted_cmd_ptrs_run_end__ = (__cli_sorted_cmd_ptrs_run_start__ + SIZEOF (.cli_sorted_cmd_ptrs))
                0x0000000000000000                __cli_sorted_cmd_ptrs_run_size__ = (__cli_sorted_cmd_ptrs_run_end__ - __cli_sorted_cmd_ptrs_run_start__)
                0x0000000020001118                __stop_cli_sorted_cmd_ptrs = __cli_sorted_cmd_ptrs_run_end__
                0x0000000020001118                __cli_sorted_cmd_ptrs_run_load_end__ = __cli_sorted_cmd_ptrs_run_end__
                0x0000000000000001                . = ASSERT (((__cli_sorted_cmd_ptrs_run_start__ == __cli_sorted_cmd_ptrs_run_end__) || ((__cli_sorted_cmd_ptrs_run_end__ - __RAM1_segment_start__) <= __RAM1_segment_size__)), error: .cli_sorted_cmd_ptrs_run is too large to fit in RAM1 memory segment)
                0x000000000001b794                __fs_data_load_start__ = ALIGN ((__cli_sorted_cmd_ptrs_load_start__ + SIZEOF (.cli_sorted_cmd_ptrs)), 0x4)

.fs_data        0x0000000020001118        0x0 load address 0x000000000001b794
                0x0000000020001118                __fs_data_start__ = .
 *(.fs_data*)
                0x0000000020001118                __fs_data_end__ = (__fs_data_start__ + SIZEOF (.fs_data))
                0x0000000000000000                __fs_data_size__ = SIZEOF (.fs_data)
                0x000000000001b794                __fs_data_load_end__ = (__fs_data_load_start__ + SIZEOF (.fs_data))
                0x0000000000000001                . = ASSERT (((__fs_data_load_start__ == __fs_data_load_end__) || ((__fs_data_load_end__ - __FLASH1_segment_start__) <= __FLASH1_segment_size__)), error: .fs_data is too large to fit in FLASH1 memory segment)

.fs_data_run    0x0000000020001118        0x0
                0x0000000020001118                __fs_data_run_start__ = .
                0x0000000020001118                __start_fs_data = __fs_data_run_start__
                0x0000000020001118                __fs_data_run_end__ = (__fs_data_run_start__ + SIZEOF (.fs_data))
                0x0000000000000000                __fs_data_run_size__ = (__fs_data_run_end__ - __fs_data_run_start__)
                0x0000000020001118                __stop_fs_data = __fs_data_run_end__
                0x0000000020001118                __fs_data_run_load_end__ = __fs_data_run_end__
                0x0000000000000001                . = ASSERT (((__fs_data_run_start__ == __fs_data_run_end__) || ((__fs_data_run_end__ - __RAM1_segment_start__) <= __RAM1_segment_size__)), error: .fs_data_run is too large to fit in RAM1 memory segment)
                0x000000000001b794                __log_dynamic_data_load_start__ = ALIGN ((__fs_data_load_start__ + SIZEOF (.fs_data)), 0x4)

.log_dynamic_data
                0x0000000020001118        0x0 load address 0x000000000001b794
                0x0000000020001118                __log_dynamic_data_start__ = .
 *(SORT_BY_NAME(.log_dynamic_data*))
                0x0000000020001118                __log_dynamic_data_end__ = (__log_dynamic_data_start__ + SIZEOF (.log_dynamic_data))
                0x0000000000000000                __log_dynamic_data_size__ = SIZEOF (.log_dynamic_data)
                0x000000000001b794                __log_dynamic_data_load_end__ = (__log_dynamic_data_load_start__ + SIZEOF (.log_dynamic_data))
                0x0000000000000001                . = ASSERT (((__log_dynamic_data_load_start__ == __log_dynamic_data_load_end__) || ((__log_dynamic_data_load_end__ - __FLASH1_segment_start__) <= __FLASH1_segment_size__)), error: .log_dynamic_data is too large to fit in FLASH1 memory segment)

.log_dynamic_data_run
                0x0000000020001118        0x0
                0x0000000020001118                __log_dynamic_data_run_start__ = .
                0x0000000020001118                __start_log_dynamic_data = __log_dynamic_data_run_start__
                0x0000000020001118                __log_dynamic_data_run_end__ = (__log_dynamic_data_run_start__ + SIZEOF (.log_dynamic_data))
                0x0000000000000000                __log_dynamic_data_run_size__ = (__log_dynamic_data_run_end__ - __log_dynamic_data_run_start__)
                0x0000000020001118                __stop_log_dynamic_data = __log_dynamic_data_run_end__
                0x0000000020001118                __log_dynamic_data_run_load_end__ = __log_dynamic_data_run_end__
                0x0000000000000001                . = ASSERT (((__log_dynamic_data_run_start__ == __log_dynamic_data_run_end__) || ((__log_dynamic_data_run_end__ - __RAM1_segment_start__) <= __RAM1_segment_size__)), error: .log_dynamic_data_run is too large to fit in RAM1 memory segment)
                0x000000000001b794                __log_filter_data_load_start__ = ALIGN ((__log_dynamic_data_load_start__ + SIZEOF (.log_dynamic_data)), 0x4)

.log_filter_data
                0x0000000020001118        0x0 load address 0x000000000001b794
                0x0000000020001118                __log_filter_data_start__ = .
 *(SORT_BY_NAME(.log_filter_data*))
                0x0000000020001118                __log_filter_data_end__ = (__log_filter_data_start__ + SIZEOF (.log_filter_data))
                0x0000000000000000                __log_filter_data_size__ = SIZEOF (.log_filter_data)
                0x000000000001b794                __log_filter_data_load_end__ = (__log_filter_data_load_start__ + SIZEOF (.log_filter_data))
                0x0000000000000001                . = ASSERT (((__log_filter_data_load_start__ == __log_filter_data_load_end__) || ((__log_filter_data_load_end__ - __FLASH1_segment_start__) <= __FLASH1_segment_size__)), error: .log_filter_data is too large to fit in FLASH1 memory segment)

.log_filter_data_run
                0x0000000020001118        0x0
                0x0000000020001118                __log_filter_data_run_start__ = .
                0x0000000020001118                __start_log_filter_data = __log_filter_data_run_start__
                0x0000000020001118                __log_filter_data_run_end__ = (__log_filter_data_run_start__ + SIZEOF (.log_filter_data))
                0x0000000000000000                __log_filter_data_run_size__ = (__log_filter_data_run_end__ - __log_filter_data_run_start__)
                0x0000000020001118                __stop_log_filter_data = __log_filter_data_run_end__
                0x0000000020001118                __log_filter_data_run_load_end__ = __log_filter_data_run_end__
                0x0000000000000001                . = ASSERT (((__log_filter_data_run_start__ == __log_filter_data_run_end__) || ((__log_filter_data_run_end__ - __RAM1_segment_start__) <= __RAM1_segment_size__)), error: .log_filter_data_run is too large to fit in RAM1 memory segment)
                0x0000000020001118                __nrf_sections_run_end_load_start__ = ALIGN (__log_filter_data_run_end__, 0x4)

.nrf_sections_run_end
                0x0000000020001118        0x0
                0x0000000020001118                __nrf_sections_run_end_start__ = .
                0x0000000020001118                __end_nrf_sections_run = __nrf_sections_run_end_start__
 *(.nrf_sections_run_end .nrf_sections_run_end.*)
                0x0000000020001118                __nrf_sections_run_end_end__ = (__nrf_sections_run_end_start__ + SIZEOF (.nrf_sections_run_end))
                0x0000000000000000                __nrf_sections_run_end_size__ = SIZEOF (.nrf_sections_run_end)
                0x0000000020001118                __nrf_sections_run_end_load_end__ = __nrf_sections_run_end_end__
                0x0000000000000001                . = ASSERT (((__nrf_sections_run_end_start__ == __nrf_sections_run_end_end__) || ((__nrf_sections_run_end_end__ - __RAM1_segment_start__) <= __RAM1_segment_size__)), error: .nrf_sections_run_end is too large to fit in RAM1 memory segment)
                0x000000000001b794                __dtors_load_start__ = ALIGN ((__log_filter_data_load_start__ + SIZEOF (.log_filter_data)), 0x4)

.dtors          0x000000000001b794        0x0
                0x000000000001b794                __dtors_start__ = .
 *(SORT_BY_NAME(.dtors.*))
 *(.dtors)
 *(.fini_array)
 *(SORT_BY_NAME(.fini_array.*))
                0x000000000001b794                __dtors_end__ = (__dtors_start__ + SIZEOF (.dtors))
                0x0000000000000000                __dtors_size__ = SIZEOF (.dtors)
                0x000000000001b794                __dtors_load_end__ = __dtors_end__
                0x0000000000000001                . = ASSERT (((__dtors_start__ == __dtors_end__) || ((__dtors_end__ - __FLASH1_segment_start__) <= __FLASH1_segment_size__)), error: .dtors is too large to fit in FLASH1 memory segment)
                0x000000000001b794                __ctors_load_start__ = ALIGN (__dtors_end__, 0x4)

.ctors          0x000000000001b794        0x0
                0x000000000001b794                __ctors_start__ = .
 *(SORT_BY_NAME(.ctors.*))
 *(.ctors)
 *(.init_array)
 *(SORT_BY_NAME(.init_array.*))
                0x000000000001b794                __ctors_end__ = (__ctors_start__ + SIZEOF (.ctors))
                0x0000000000000000                __ctors_size__ = SIZEOF (.ctors)
                0x000000000001b794                __ctors_load_end__ = __ctors_end__
                0x0000000000000001                . = ASSERT (((__ctors_start__ == __ctors_end__) || ((__ctors_end__ - __FLASH1_segment_start__) <= __FLASH1_segment_size__)), error: .ctors is too large to fit in FLASH1 memory segment)
                0x000000000001b794                __rodata_load_start__ = ALIGN (__ctors_end__, 0x4)

.rodata         0x000000000001b794       0xb0
                0x000000000001b794                __rodata_start__ = .
 *(.rodata .rodata.* .gnu.linkonce.r.*)
 .rodata        0x000000000001b794        0x4 Output/Release/Obj/ble_app_beacon_pca10056e_s112/app_timer2.o
 .rodata.m_app_timer_sortlist
                0x000000000001b798        0xc Output/Release/Obj/ble_app_beacon_pca10056e_s112/app_timer2.o
 *fill*         0x000000000001b7a4        0xc 
 .rodata.delay_machine_code.0
                0x000000000001b7b0        0x6 Output/Release/Obj/ble_app_beacon_pca10056e_s112/drv_rtc.o
 *fill*         0x000000000001b7b6        0x2 
 .rodata.pwr_mgmt_data
                0x000000000001b7b8        0xc Output/Release/Obj/ble_app_beacon_pca10056e_s112/nrf_pwr_mgmt.o
 .rodata.CSWTCH.16
                0x000000000001b7c4        0x6 Output/Release/Obj/ble_app_beacon_pca10056e_s112/system_nrf52811.o
 .rodata.CSWTCH.6
                0x000000000001b7ca        0x6 Output/Release/Obj/ble_app_beacon_pca10056e_s112/system_nrf52811.o
 .rodata.m_board_led_list
                0x000000000001b7d0        0x4 Output/Release/Obj/ble_app_beacon_pca10056e_s112/boards.o
 .rodata        0x000000000001b7d4       0x28 Output/Release/Obj/ble_app_beacon_pca10056e_s112/main.o
 .rodata.BLE_timer
                0x000000000001b7fc        0x4 Output/Release/Obj/ble_app_beacon_pca10056e_s112/main.o
 .rodata.default_config.1
                0x000000000001b800        0x4 Output/Release/Obj/ble_app_beacon_pca10056e_s112/main.o
 .rodata        0x000000000001b804        0x4 Output/Release/Obj/ble_app_beacon_pca10056e_s112/nrf_sdh.o
 .rodata.sdh_req_observers
                0x000000000001b808        0xc Output/Release/Obj/ble_app_beacon_pca10056e_s112/nrf_sdh.o
 .rodata.sdh_stack_observers
                0x000000000001b814        0xc Output/Release/Obj/ble_app_beacon_pca10056e_s112/nrf_sdh.o
 .rodata.sdh_state_observers
                0x000000000001b820        0xc Output/Release/Obj/ble_app_beacon_pca10056e_s112/nrf_sdh.o
 .rodata.sdh_ble_observers
                0x000000000001b82c        0xc Output/Release/Obj/ble_app_beacon_pca10056e_s112/nrf_sdh_ble.o
 .rodata.sdh_soc_observers
                0x000000000001b838        0xc Output/Release/Obj/ble_app_beacon_pca10056e_s112/nrf_sdh_soc.o
                0x000000000001b844                . = ALIGN (MAX ((__rodata_start__ + 0x4), .), 0x4)
                0x000000000001b844                __rodata_end__ = (__rodata_start__ + SIZEOF (.rodata))
                0x00000000000000b0                __rodata_size__ = SIZEOF (.rodata)
                0x000000000001b844                __rodata_load_end__ = __rodata_end__

.rel.dyn        0x000000000001b844        0x0
 .rel.iplt      0x000000000001b844        0x0 Output/Release/Obj/ble_app_beacon_pca10056e_s112/thumb_crt0.o
                0x0000000000000001                . = ASSERT (((__rodata_start__ == __rodata_end__) || ((__rodata_end__ - __FLASH1_segment_start__) <= __FLASH1_segment_size__)), error: .rodata is too large to fit in FLASH1 memory segment)
                0x000000000001b844                __ARM.exidx_load_start__ = ALIGN (__rodata_end__, 0x4)

.ARM.exidx      0x000000000001b844        0x0
                0x000000000001b844                __ARM.exidx_start__ = .
                0x000000000001b844                __exidx_start = __ARM.exidx_start__
 *(.ARM.exidx .ARM.exidx.*)
                0x000000000001b844                __ARM.exidx_end__ = (__ARM.exidx_start__ + SIZEOF (.ARM.exidx))
                0x0000000000000000                __ARM.exidx_size__ = SIZEOF (.ARM.exidx)
                0x000000000001b844                __exidx_end = __ARM.exidx_end__
                0x000000000001b844                __ARM.exidx_load_end__ = __ARM.exidx_end__
                0x0000000000000001                . = ASSERT (((__ARM.exidx_start__ == __ARM.exidx_end__) || ((__ARM.exidx_end__ - __FLASH1_segment_start__) <= __FLASH1_segment_size__)), error: .ARM.exidx is too large to fit in FLASH1 memory segment)
                0x000000000001b844                __fast_load_start__ = ALIGN (__ARM.exidx_end__, 0x4)

.fast           0x0000000020001118        0x0 load address 0x000000000001b844
                0x0000000020001118                __fast_start__ = .
 *(.fast .fast.*)
                0x0000000020001118                __fast_end__ = (__fast_start__ + SIZEOF (.fast))
                0x0000000000000000                __fast_size__ = SIZEOF (.fast)
                0x000000000001b844                __fast_load_end__ = (__fast_load_start__ + SIZEOF (.fast))
                0x0000000000000001                . = ASSERT (((__fast_load_start__ == __fast_load_end__) || ((__fast_load_end__ - __FLASH1_segment_start__) <= __FLASH1_segment_size__)), error: .fast is too large to fit in FLASH1 memory segment)

.fast_run       0x0000000020001118        0x0
                0x0000000020001118                __fast_run_start__ = .
                0x0000000020001118                __fast_run_end__ = (__fast_run_start__ + SIZEOF (.fast))
                0x0000000000000000                __fast_run_size__ = (__fast_run_end__ - __fast_run_start__)
                0x0000000020001118                __fast_run_load_end__ = __fast_run_end__
                0x0000000000000001                . = ASSERT (((__fast_run_start__ == __fast_run_end__) || ((__fast_run_end__ - __RAM1_segment_start__) <= __RAM1_segment_size__)), error: .fast_run is too large to fit in RAM1 memory segment)
                0x000000000001b844                __data_load_start__ = ALIGN ((__fast_load_start__ + SIZEOF (.fast)), 0x4)

.data           0x0000000020001118       0xe0 load address 0x000000000001b844
                0x0000000020001118                __data_start__ = .
 *(.data .data.* .gnu.linkonce.d.*)
 .data.m_rtc_inst
                0x0000000020001118        0x8 Output/Release/Obj/ble_app_beacon_pca10056e_s112/app_timer2.o
 .data.SystemCoreClock
                0x0000000020001120        0x4 Output/Release/Obj/ble_app_beacon_pca10056e_s112/system_nrf52811.o
                0x0000000020001120                SystemCoreClock
 *fill*         0x0000000020001124        0x4 
 .data.m_bsp_alert_tmr_data
                0x0000000020001128       0x20 Output/Release/Obj/ble_app_beacon_pca10056e_s112/bsp.o
 .data.m_bsp_leds_tmr_data
                0x0000000020001148       0x20 Output/Release/Obj/ble_app_beacon_pca10056e_s112/bsp.o
 .data.BLE_timer_data
                0x0000000020001168       0x20 Output/Release/Obj/ble_app_beacon_pca10056e_s112/main.o
 .data.ibeacon_adv_template
                0x0000000020001188       0x17 Output/Release/Obj/ble_app_beacon_pca10056e_s112/main.o
 *fill*         0x000000002000119f        0x1 
 .data.m_adv_data.2
                0x00000000200011a0       0x10 Output/Release/Obj/ble_app_beacon_pca10056e_s112/main.o
 .data.m_adv_handle
                0x00000000200011b0        0x1 Output/Release/Obj/ble_app_beacon_pca10056e_s112/main.o
 .data.offline_finding_adv_template
                0x00000000200011b1       0x1f Output/Release/Obj/ble_app_beacon_pca10056e_s112/main.o
 .data.public_key
                0x00000000200011d0       0x1c Output/Release/Obj/ble_app_beacon_pca10056e_s112/main.o
 .data.addr     0x00000000200011ec        0x6 Output/Release/Obj/ble_app_beacon_pca10056e_s112/openhaystack.o
 *fill*         0x00000000200011f2        0x2 
 .data.libc.heap
                0x00000000200011f4        0x4 C:/Program Files/SEGGER/SEGGER Embedded Studio for ARM 5.68/lib/libc_v7em_t_le_eabi.a(libc2.o)
                0x00000000200011f8                __data_end__ = (__data_start__ + SIZEOF (.data))
                0x00000000000000e0                __data_size__ = SIZEOF (.data)
                0x000000000001b924                __data_load_end__ = (__data_load_start__ + SIZEOF (.data))

.igot.plt       0x0000000100000000        0x0
 .igot.plt      0x0000000100000000        0x0 Output/Release/Obj/ble_app_beacon_pca10056e_s112/thumb_crt0.o
                0x0000000000000001                . = ASSERT (((__data_load_start__ == __data_load_end__) || ((__data_load_end__ - __FLASH1_segment_start__) <= __FLASH1_segment_size__)), error: .data is too large to fit in FLASH1 memory segment)

.data_run       0x0000000020001118        0x0
                0x0000000020001118                __data_run_start__ = .
                0x00000000200011f8                __data_run_end__ = (__data_run_start__ + SIZEOF (.data))
                0x00000000000000e0                __data_run_size__ = (__data_run_end__ - __data_run_start__)
                0x00000000200011f8                __data_run_load_end__ = __data_run_end__
                0x0000000000000001                . = ASSERT (((__data_run_start__ == __data_run_end__) || ((__data_run_end__ - __RAM1_segment_start__) <= __RAM1_segment_size__)), error: .data_run is too large to fit in RAM1 memory segment)
                0x000000000001b924                __tdata_load_start__ = ALIGN ((__data_load_start__ + SIZEOF (.data)), 0x4)

.tdata          0x00000000200011f8        0x0 load address 0x000000000001b924
                0x00000000200011f8                __tdata_start__ = .
 *(.tdata .tdata.*)
                0x00000000200011f8                __tdata_end__ = (__tdata_start__ + SIZEOF (.tdata))
                0x0000000000000000                __tdata_size__ = SIZEOF (.tdata)
                0x000000000001b924                __tdata_load_end__ = (__tdata_load_start__ + SIZEOF (.tdata))
                0x000000000001b924                __FLASH1_segment_used_end__ = (ALIGN ((__data_load_start__ + SIZEOF (.data)), 0x4) + SIZEOF (.tdata))
                0x000000000001b924                __FLASH1_segment_used_size__ = (__FLASH1_segment_used_end__ - __FLASH1_segment_start__)
                0x0000000000000001                . = ASSERT (((__tdata_load_start__ == __tdata_load_end__) || ((__tdata_load_end__ - __FLASH1_segment_start__) <= __FLASH1_segment_size__)), error: .tdata is too large to fit in FLASH1 memory segment)

.tdata_run      0x00000000200011f8        0x0
                0x00000000200011f8                __tdata_run_start__ = .
                0x00000000200011f8                __tdata_run_end__ = (__tdata_run_start__ + SIZEOF (.tdata))
                0x0000000000000000                __tdata_run_size__ = (__tdata_run_end__ - __tdata_run_start__)
                0x00000000200011f8                __tdata_run_load_end__ = __tdata_run_end__
                0x0000000000000001                . = ASSERT (((__tdata_run_start__ == __tdata_run_end__) || ((__tdata_run_end__ - __RAM1_segment_start__) <= __RAM1_segment_size__)), error: .tdata_run is too large to fit in RAM1 memory segment)
                0x00000000200011f8                __bss_load_start__ = ALIGN (__tdata_run_end__, 0x4)

.bss            0x00000000200011f8      0x203
                0x00000000200011f8                __bss_start__ = .
 *(.bss .bss.* .gnu.linkonce.b.*)
 .bss.m_app_timer_sortlist_sortlist_cb
                0x00000000200011f8        0x4 Output/Release/Obj/ble_app_beacon_pca10056e_s112/app_timer2.o
 *fill*         0x00000000200011fc        0x4 
 .bss.m_base_counter
                0x0000000020001200        0x8 Output/Release/Obj/ble_app_beacon_pca10056e_s112/app_timer2.o
 .bss.m_global_active
                0x0000000020001208        0x1 Output/Release/Obj/ble_app_beacon_pca10056e_s112/app_timer2.o
 *fill*         0x0000000020001209        0x3 
 .bss.m_req_fifo_data
                0x000000002000120c       0x58 Output/Release/Obj/ble_app_beacon_pca10056e_s112/app_timer2.o
 .bss.m_req_fifo_inst
                0x0000000020001264       0x10 Output/Release/Obj/ble_app_beacon_pca10056e_s112/app_timer2.o
 *fill*         0x0000000020001274        0x4 
 .bss.m_stamp64
                0x0000000020001278        0x8 Output/Release/Obj/ble_app_beacon_pca10056e_s112/app_timer2.o
 .bss.mp_active_timer
                0x0000000020001280        0x4 Output/Release/Obj/ble_app_beacon_pca10056e_s112/app_timer2.o
 .bss.nrf_nvic_state
                0x0000000020001284        0xc Output/Release/Obj/ble_app_beacon_pca10056e_s112/app_util_platform.o
                0x0000000020001284                nrf_nvic_state
 .bss.m_cb      0x0000000020001290        0x8 Output/Release/Obj/ble_app_beacon_pca10056e_s112/drv_rtc.o
 .bss.m_handlers
                0x0000000020001298        0x4 Output/Release/Obj/ble_app_beacon_pca10056e_s112/drv_rtc.o
 .bss.m_handlers_iter
                0x000000002000129c        0x8 Output/Release/Obj/ble_app_beacon_pca10056e_s112/nrf_pwr_mgmt.o
 .bss.m_shutdown_started
                0x00000000200012a4        0x1 Output/Release/Obj/ble_app_beacon_pca10056e_s112/nrf_pwr_mgmt.o
 *fill*         0x00000000200012a5        0x3 
 .bss.m_sysoff_mtx
                0x00000000200012a8        0x4 Output/Release/Obj/ble_app_beacon_pca10056e_s112/nrf_pwr_mgmt.o
 .bss.m_clock_cb
                0x00000000200012ac       0x14 Output/Release/Obj/ble_app_beacon_pca10056e_s112/nrf_drv_clock.o
 .bss.m_clock_cb
                0x00000000200012c0        0x8 Output/Release/Obj/ble_app_beacon_pca10056e_s112/nrfx_clock.o
 .bss.m_cb      0x00000000200012c8       0x5c Output/Release/Obj/ble_app_beacon_pca10056e_s112/nrfx_gpiote.o
 .bss.m_prs_box_2
                0x0000000020001324        0x8 Output/Release/Obj/ble_app_beacon_pca10056e_s112/nrfx_prs.o
 .bss.m_cb      0x000000002000132c       0x30 Output/Release/Obj/ble_app_beacon_pca10056e_s112/nrfx_saadc.o
 .bss.m_alloc_index
                0x000000002000135c        0x1 Output/Release/Obj/ble_app_beacon_pca10056e_s112/nrfx_wdt.o
 .bss.m_state   0x000000002000135d        0x1 Output/Release/Obj/ble_app_beacon_pca10056e_s112/nrfx_wdt.o
 *fill*         0x000000002000135e        0x2 
 .bss.m_wdt_event_handler
                0x0000000020001360        0x4 Output/Release/Obj/ble_app_beacon_pca10056e_s112/nrfx_wdt.o
 .bss.m_alert_on
                0x0000000020001364        0x1 Output/Release/Obj/ble_app_beacon_pca10056e_s112/bsp.o
 *fill*         0x0000000020001365        0x3 
 .bss.m_indication_type
                0x0000000020001368        0x4 Output/Release/Obj/ble_app_beacon_pca10056e_s112/bsp.o
 .bss.m_leds_clear
                0x000000002000136c        0x1 Output/Release/Obj/ble_app_beacon_pca10056e_s112/bsp.o
 .bss.m_stable_state
                0x000000002000136d        0x1 Output/Release/Obj/ble_app_beacon_pca10056e_s112/bsp.o
 .bss.StateMachine
                0x000000002000136e        0x1 Output/Release/Obj/ble_app_beacon_pca10056e_s112/main.o
 *fill*         0x000000002000136f        0x1 
 .bss.advdata.3
                0x0000000020001370       0x3c Output/Release/Obj/ble_app_beacon_pca10056e_s112/main.o
 .bss.m_adv_params
                0x00000000200013ac       0x18 Output/Release/Obj/ble_app_beacon_pca10056e_s112/main.o
 .bss.m_buffer_pool
                0x00000000200013c4        0x4 Output/Release/Obj/ble_app_beacon_pca10056e_s112/main.o
 .bss.m_channel_id
                0x00000000200013c8        0x1 Output/Release/Obj/ble_app_beacon_pca10056e_s112/main.o
 .bss.m_enc_advdata
                0x00000000200013c9       0x1f Output/Release/Obj/ble_app_beacon_pca10056e_s112/main.o
 .bss.manuf_specific_data.4
                0x00000000200013e8        0xc Output/Release/Obj/ble_app_beacon_pca10056e_s112/main.o
 .bss.vBat      0x00000000200013f4        0x2 Output/Release/Obj/ble_app_beacon_pca10056e_s112/main.o
 .bss.which_template
                0x00000000200013f6        0x1 Output/Release/Obj/ble_app_beacon_pca10056e_s112/main.o
                0x00000000200013f6                which_template
 .bss.m_nrf_sdh_continue
                0x00000000200013f7        0x1 Output/Release/Obj/ble_app_beacon_pca10056e_s112/nrf_sdh.o
 .bss.m_nrf_sdh_enabled
                0x00000000200013f8        0x1 Output/Release/Obj/ble_app_beacon_pca10056e_s112/nrf_sdh.o
 .bss.m_nrf_sdh_suspended
                0x00000000200013f9        0x1 Output/Release/Obj/ble_app_beacon_pca10056e_s112/nrf_sdh.o
 .bss.m_stack_is_enabled
                0x00000000200013fa        0x1 Output/Release/Obj/ble_app_beacon_pca10056e_s112/nrf_sdh_ble.o
 *(COMMON)
                0x00000000200013fb                __bss_end__ = (__bss_start__ + SIZEOF (.bss))
                0x0000000000000203                __bss_size__ = SIZEOF (.bss)
                0x00000000200013fb                __bss_load_end__ = __bss_end__
                0x0000000000000001                . = ASSERT (((__bss_start__ == __bss_end__) || ((__bss_end__ - __RAM1_segment_start__) <= __RAM1_segment_size__)), error: .bss is too large to fit in RAM1 memory segment)
                0x00000000200013fc                __tbss_load_start__ = ALIGN (__bss_end__, 0x4)

.tbss           0x00000000200013fc        0x0
                0x00000000200013fc                __tbss_start__ = .
 *(.tbss .tbss.*)
                0x00000000200013fc                __tbss_end__ = (__tbss_start__ + SIZEOF (.tbss))
                0x0000000000000000                __tbss_size__ = SIZEOF (.tbss)
                0x00000000200013fc                __tbss_load_end__ = __tbss_end__
                0x0000000000000001                . = ASSERT (((__tbss_start__ == __tbss_end__) || ((__tbss_end__ - __RAM1_segment_start__) <= __RAM1_segment_size__)), error: .tbss is too large to fit in RAM1 memory segment)
                0x00000000200013fc                __non_init_load_start__ = ALIGN (__tbss_end__, 0x4)

.non_init       0x00000000200013fc        0x0
                0x00000000200013fc                __non_init_start__ = .
 *(.non_init .non_init.*)
                0x00000000200013fc                __non_init_end__ = (__non_init_start__ + SIZEOF (.non_init))
                0x0000000000000000                __non_init_size__ = SIZEOF (.non_init)
                0x00000000200013fc                __non_init_load_end__ = __non_init_end__
                0x0000000000000001                . = ASSERT (((__non_init_start__ == __non_init_end__) || ((__non_init_end__ - __RAM1_segment_start__) <= __RAM1_segment_size__)), error: .non_init is too large to fit in RAM1 memory segment)
                0x00000000200013fc                __heap_load_start__ = ALIGN (__non_init_end__, 0x4)

.heap           0x00000000200013fc      0x800
                0x00000000200013fc                __heap_start__ = .
 *(.heap .heap.*)
                0x0000000020001bfc                . = ALIGN (MAX ((__heap_start__ + __HEAPSIZE__), .), 0x4)
 *fill*         0x00000000200013fc      0x800 
                0x0000000020001bfc                __heap_end__ = (__heap_start__ + SIZEOF (.heap))
                0x0000000000000800                __heap_size__ = SIZEOF (.heap)
                0x0000000020001bfc                __heap_load_end__ = __heap_end__
                0x0000000000000001                . = ASSERT (((__heap_start__ == __heap_end__) || ((__heap_end__ - __RAM1_segment_start__) <= __RAM1_segment_size__)), error: .heap is too large to fit in RAM1 memory segment)
                0x0000000020005800                __stack_load_start__ = (__RAM1_segment_start__ + (__RAM1_segment_size__ - 0x800))

.stack          0x0000000020005800      0x800
                0x0000000020005800                __stack_start__ = .
                0x0000000020005800                __StackLimit = __stack_start__
 *(.stack .stack.*)
                0x0000000020006000                . = ALIGN (MAX ((__stack_start__ + __STACKSIZE__), .), 0x8)
 *fill*         0x0000000020005800      0x800 
                0x0000000020006000                __stack_end__ = (__stack_start__ + SIZEOF (.stack))
                0x0000000000000800                __stack_size__ = SIZEOF (.stack)
                0x0000000020006000                __StackTop = __stack_end__
                0x0000000020006000                __stack_load_end__ = __stack_end__
                0x0000000000000001                . = ASSERT (((__stack_start__ == __stack_end__) || ((__stack_end__ - __RAM1_segment_start__) <= __RAM1_segment_size__)), error: .stack is too large to fit in RAM1 memory segment)
                0x0000000000000001                . = ASSERT ((__heap_end__ <= __stack_start__), error: section .heap overlaps absolute placed section .stack)
                0x0000000020006000                __stack_process_load_start__ = ALIGN (__stack_end__, 0x8)

.stack_process  0x0000000020006000        0x0
                0x0000000020006000                __stack_process_start__ = .
 *(.stack_process .stack_process.*)
                0x0000000020006000                . = ALIGN (MAX ((__stack_process_start__ + __STACKSIZE_PROCESS__), .), 0x8)
                0x0000000020006000                __stack_process_end__ = (__stack_process_start__ + SIZEOF (.stack_process))
                0x0000000000000000                __stack_process_size__ = SIZEOF (.stack_process)
                0x0000000020006000                __stack_process_load_end__ = __stack_process_end__
                0x0000000020006000                __RAM1_segment_used_end__ = (ALIGN (__stack_end__, 0x8) + SIZEOF (.stack_process))
                0x0000000000006000                __RAM1_segment_used_size__ = (__RAM1_segment_used_end__ - __RAM1_segment_start__)
                0x0000000000000001                . = ASSERT (((__stack_process_start__ == __stack_process_end__) || ((__stack_process_end__ - __RAM1_segment_start__) <= __RAM1_segment_size__)), error: .stack_process is too large to fit in RAM1 memory segment)
START GROUP
LOAD Output/Release/Obj/ble_app_beacon_pca10056e_s112/thumb_crt0.o
LOAD Output/Release/Obj/ble_app_beacon_pca10056e_s112/nrf_log_backend_rtt.o
LOAD Output/Release/Obj/ble_app_beacon_pca10056e_s112/nrf_log_backend_serial.o
LOAD Output/Release/Obj/ble_app_beacon_pca10056e_s112/nrf_log_backend_uart.o
LOAD Output/Release/Obj/ble_app_beacon_pca10056e_s112/nrf_log_default_backends.o
LOAD Output/Release/Obj/ble_app_beacon_pca10056e_s112/nrf_log_frontend.o
LOAD Output/Release/Obj/ble_app_beacon_pca10056e_s112/nrf_log_str_formatter.o
LOAD Output/Release/Obj/ble_app_beacon_pca10056e_s112/app_button.o
LOAD Output/Release/Obj/ble_app_beacon_pca10056e_s112/app_error.o
LOAD Output/Release/Obj/ble_app_beacon_pca10056e_s112/app_error_handler_gcc.o
LOAD Output/Release/Obj/ble_app_beacon_pca10056e_s112/app_error_weak.o
LOAD Output/Release/Obj/ble_app_beacon_pca10056e_s112/app_scheduler.o
LOAD Output/Release/Obj/ble_app_beacon_pca10056e_s112/app_timer2.o
LOAD Output/Release/Obj/ble_app_beacon_pca10056e_s112/app_util_platform.o
LOAD Output/Release/Obj/ble_app_beacon_pca10056e_s112/drv_rtc.o
LOAD Output/Release/Obj/ble_app_beacon_pca10056e_s112/hardfault_implementation.o
LOAD Output/Release/Obj/ble_app_beacon_pca10056e_s112/nrf_assert.o
LOAD Output/Release/Obj/ble_app_beacon_pca10056e_s112/nrf_atfifo.o
LOAD Output/Release/Obj/ble_app_beacon_pca10056e_s112/nrf_atomic.o
LOAD Output/Release/Obj/ble_app_beacon_pca10056e_s112/nrf_balloc.o
LOAD Output/Release/Obj/ble_app_beacon_pca10056e_s112/nrf_fprintf.o
LOAD Output/Release/Obj/ble_app_beacon_pca10056e_s112/nrf_fprintf_format.o
LOAD Output/Release/Obj/ble_app_beacon_pca10056e_s112/nrf_memobj.o
LOAD Output/Release/Obj/ble_app_beacon_pca10056e_s112/nrf_pwr_mgmt.o
LOAD Output/Release/Obj/ble_app_beacon_pca10056e_s112/nrf_ringbuf.o
LOAD Output/Release/Obj/ble_app_beacon_pca10056e_s112/nrf_section_iter.o
LOAD Output/Release/Obj/ble_app_beacon_pca10056e_s112/nrf_sortlist.o
LOAD Output/Release/Obj/ble_app_beacon_pca10056e_s112/nrf_strerror.o
LOAD Output/Release/Obj/ble_app_beacon_pca10056e_s112/ses_startup_nrf52811.o
LOAD Output/Release/Obj/ble_app_beacon_pca10056e_s112/ses_startup_nrf_common.o
LOAD Output/Release/Obj/ble_app_beacon_pca10056e_s112/system_nrf52811.o
LOAD Output/Release/Obj/ble_app_beacon_pca10056e_s112/boards.o
LOAD Output/Release/Obj/ble_app_beacon_pca10056e_s112/nrf_drv_clock.o
LOAD Output/Release/Obj/ble_app_beacon_pca10056e_s112/nrf_drv_uart.o
LOAD Output/Release/Obj/ble_app_beacon_pca10056e_s112/nrfx_atomic.o
LOAD Output/Release/Obj/ble_app_beacon_pca10056e_s112/nrfx_clock.o
LOAD Output/Release/Obj/ble_app_beacon_pca10056e_s112/nrfx_gpiote.o
LOAD Output/Release/Obj/ble_app_beacon_pca10056e_s112/nrfx_prs.o
LOAD Output/Release/Obj/ble_app_beacon_pca10056e_s112/nrfx_uart.o
LOAD Output/Release/Obj/ble_app_beacon_pca10056e_s112/nrfx_uarte.o
LOAD Output/Release/Obj/ble_app_beacon_pca10056e_s112/nrfx_saadc.o
LOAD Output/Release/Obj/ble_app_beacon_pca10056e_s112/nrfx_wdt.o
LOAD Output/Release/Obj/ble_app_beacon_pca10056e_s112/bsp.o
LOAD Output/Release/Obj/ble_app_beacon_pca10056e_s112/main.o
LOAD Output/Release/Obj/ble_app_beacon_pca10056e_s112/openhaystack.o
LOAD Output/Release/Obj/ble_app_beacon_pca10056e_s112/dong_printer.o
LOAD Output/Release/Obj/ble_app_beacon_pca10056e_s112/SEGGER_RTT.o
LOAD Output/Release/Obj/ble_app_beacon_pca10056e_s112/SEGGER_RTT_Syscalls_SES.o
LOAD Output/Release/Obj/ble_app_beacon_pca10056e_s112/SEGGER_RTT_printf.o
LOAD Output/Release/Obj/ble_app_beacon_pca10056e_s112/ble_advdata.o
LOAD Output/Release/Obj/ble_app_beacon_pca10056e_s112/ble_srv_common.o
LOAD Output/Release/Obj/ble_app_beacon_pca10056e_s112/utf.o
LOAD Output/Release/Obj/ble_app_beacon_pca10056e_s112/nrf_sdh.o
LOAD Output/Release/Obj/ble_app_beacon_pca10056e_s112/nrf_sdh_ble.o
LOAD Output/Release/Obj/ble_app_beacon_pca10056e_s112/nrf_sdh_soc.o
LOAD C:/Program Files/SEGGER/SEGGER Embedded Studio for ARM 5.68/lib/libm_v7em_t_le_eabi.a
LOAD C:/Program Files/SEGGER/SEGGER Embedded Studio for ARM 5.68/lib/libc_v7em_t_le_eabi.a
LOAD C:/Program Files/SEGGER/SEGGER Embedded Studio for ARM 5.68/lib/libdebugio_v7em_t_le_eabi.a
END GROUP
OUTPUT(Output/Release/Exe/ble_app_beacon_pca10056e_s112.elf elf32-littlearm)
LOAD linker stubs

.ARM.attributes
                0x0000000000000000       0x2c
 .ARM.attributes
                0x0000000000000000       0x1c Output/Release/Obj/ble_app_beacon_pca10056e_s112/thumb_crt0.o
 .ARM.attributes
                0x000000000000001c       0x30 Output/Release/Obj/ble_app_beacon_pca10056e_s112/app_error.o
 .ARM.attributes
                0x000000000000004c       0x30 Output/Release/Obj/ble_app_beacon_pca10056e_s112/app_error_weak.o
 .ARM.attributes
                0x000000000000007c       0x30 Output/Release/Obj/ble_app_beacon_pca10056e_s112/app_timer2.o
 .ARM.attributes
                0x00000000000000ac       0x30 Output/Release/Obj/ble_app_beacon_pca10056e_s112/app_util_platform.o
 .ARM.attributes
                0x00000000000000dc       0x30 Output/Release/Obj/ble_app_beacon_pca10056e_s112/drv_rtc.o
 .ARM.attributes
                0x000000000000010c       0x30 Output/Release/Obj/ble_app_beacon_pca10056e_s112/nrf_atfifo.o
 .ARM.attributes
                0x000000000000013c       0x30 Output/Release/Obj/ble_app_beacon_pca10056e_s112/nrf_pwr_mgmt.o
 .ARM.attributes
                0x000000000000016c       0x30 Output/Release/Obj/ble_app_beacon_pca10056e_s112/nrf_section_iter.o
 .ARM.attributes
                0x000000000000019c       0x30 Output/Release/Obj/ble_app_beacon_pca10056e_s112/nrf_sortlist.o
 .ARM.attributes
                0x00000000000001cc       0x1c Output/Release/Obj/ble_app_beacon_pca10056e_s112/ses_startup_nrf52811.o
 .ARM.attributes
                0x00000000000001e8       0x1c Output/Release/Obj/ble_app_beacon_pca10056e_s112/ses_startup_nrf_common.o
 .ARM.attributes
                0x0000000000000204       0x30 Output/Release/Obj/ble_app_beacon_pca10056e_s112/system_nrf52811.o
 .ARM.attributes
                0x0000000000000234       0x30 Output/Release/Obj/ble_app_beacon_pca10056e_s112/boards.o
 .ARM.attributes
                0x0000000000000264       0x30 Output/Release/Obj/ble_app_beacon_pca10056e_s112/nrf_drv_clock.o
 .ARM.attributes
                0x0000000000000294       0x30 Output/Release/Obj/ble_app_beacon_pca10056e_s112/nrfx_clock.o
 .ARM.attributes
                0x00000000000002c4       0x30 Output/Release/Obj/ble_app_beacon_pca10056e_s112/nrfx_gpiote.o
 .ARM.attributes
                0x00000000000002f4       0x30 Output/Release/Obj/ble_app_beacon_pca10056e_s112/nrfx_prs.o
 .ARM.attributes
                0x0000000000000324       0x30 Output/Release/Obj/ble_app_beacon_pca10056e_s112/nrfx_saadc.o
 .ARM.attributes
                0x0000000000000354       0x30 Output/Release/Obj/ble_app_beacon_pca10056e_s112/nrfx_wdt.o
 .ARM.attributes
                0x0000000000000384       0x30 Output/Release/Obj/ble_app_beacon_pca10056e_s112/bsp.o
 .ARM.attributes
                0x00000000000003b4       0x30 Output/Release/Obj/ble_app_beacon_pca10056e_s112/main.o
 .ARM.attributes
                0x00000000000003e4       0x30 Output/Release/Obj/ble_app_beacon_pca10056e_s112/openhaystack.o
 .ARM.attributes
                0x0000000000000414       0x30 Output/Release/Obj/ble_app_beacon_pca10056e_s112/ble_advdata.o
 .ARM.attributes
                0x0000000000000444       0x30 Output/Release/Obj/ble_app_beacon_pca10056e_s112/nrf_sdh.o
 .ARM.attributes
                0x0000000000000474       0x30 Output/Release/Obj/ble_app_beacon_pca10056e_s112/nrf_sdh_ble.o
 .ARM.attributes
                0x00000000000004a4       0x30 Output/Release/Obj/ble_app_beacon_pca10056e_s112/nrf_sdh_soc.o
 .ARM.attributes
                0x00000000000004d4       0x1c C:/Program Files/SEGGER/SEGGER Embedded Studio for ARM 5.68/lib/libc_v7em_t_le_eabi.a(libc_asm.o)
 .ARM.attributes
                0x00000000000004f0       0x30 C:/Program Files/SEGGER/SEGGER Embedded Studio for ARM 5.68/lib/libc_v7em_t_le_eabi.a(libc2.o)
 .ARM.attributes
                0x0000000000000520       0x1c C:/Program Files/SEGGER/SEGGER Embedded Studio for ARM 5.68/lib/libc_v7em_t_le_eabi.a(libc2_asm.o)
 .ARM.attributes
                0x000000000000053c       0x30 C:/Program Files/SEGGER/SEGGER Embedded Studio for ARM 5.68/lib/libc_v7em_t_le_eabi.a(libc.o)

.comment        0x0000000000000000       0x3f
 .comment       0x0000000000000000       0x3f Output/Release/Obj/ble_app_beacon_pca10056e_s112/app_error.o
                                         0x40 (size before relaxing)
 .comment       0x000000000000003f       0x40 Output/Release/Obj/ble_app_beacon_pca10056e_s112/app_error_weak.o
 .comment       0x000000000000003f       0x40 Output/Release/Obj/ble_app_beacon_pca10056e_s112/app_timer2.o
 .comment       0x000000000000003f       0x40 Output/Release/Obj/ble_app_beacon_pca10056e_s112/app_util_platform.o
 .comment       0x000000000000003f       0x40 Output/Release/Obj/ble_app_beacon_pca10056e_s112/drv_rtc.o
 .comment       0x000000000000003f       0x40 Output/Release/Obj/ble_app_beacon_pca10056e_s112/nrf_atfifo.o
 .comment       0x000000000000003f       0x40 Output/Release/Obj/ble_app_beacon_pca10056e_s112/nrf_pwr_mgmt.o
 .comment       0x000000000000003f       0x40 Output/Release/Obj/ble_app_beacon_pca10056e_s112/nrf_section_iter.o
 .comment       0x000000000000003f       0x40 Output/Release/Obj/ble_app_beacon_pca10056e_s112/nrf_sortlist.o
 .comment       0x000000000000003f       0x40 Output/Release/Obj/ble_app_beacon_pca10056e_s112/system_nrf52811.o
 .comment       0x000000000000003f       0x40 Output/Release/Obj/ble_app_beacon_pca10056e_s112/boards.o
 .comment       0x000000000000003f       0x40 Output/Release/Obj/ble_app_beacon_pca10056e_s112/nrf_drv_clock.o
 .comment       0x000000000000003f       0x40 Output/Release/Obj/ble_app_beacon_pca10056e_s112/nrfx_clock.o
 .comment       0x000000000000003f       0x40 Output/Release/Obj/ble_app_beacon_pca10056e_s112/nrfx_gpiote.o
 .comment       0x000000000000003f       0x40 Output/Release/Obj/ble_app_beacon_pca10056e_s112/nrfx_prs.o
 .comment       0x000000000000003f       0x40 Output/Release/Obj/ble_app_beacon_pca10056e_s112/nrfx_saadc.o
 .comment       0x000000000000003f       0x40 Output/Release/Obj/ble_app_beacon_pca10056e_s112/nrfx_wdt.o
 .comment       0x000000000000003f       0x40 Output/Release/Obj/ble_app_beacon_pca10056e_s112/bsp.o
 .comment       0x000000000000003f       0x40 Output/Release/Obj/ble_app_beacon_pca10056e_s112/main.o
 .comment       0x000000000000003f       0x40 Output/Release/Obj/ble_app_beacon_pca10056e_s112/openhaystack.o
 .comment       0x000000000000003f       0x40 Output/Release/Obj/ble_app_beacon_pca10056e_s112/ble_advdata.o
 .comment       0x000000000000003f       0x40 Output/Release/Obj/ble_app_beacon_pca10056e_s112/nrf_sdh.o
 .comment       0x000000000000003f       0x40 Output/Release/Obj/ble_app_beacon_pca10056e_s112/nrf_sdh_ble.o
 .comment       0x000000000000003f       0x40 Output/Release/Obj/ble_app_beacon_pca10056e_s112/nrf_sdh_soc.o
 .comment       0x000000000000003f       0x40 C:/Program Files/SEGGER/SEGGER Embedded Studio for ARM 5.68/lib/libc_v7em_t_le_eabi.a(libc2.o)
 .comment       0x000000000000003f       0x40 C:/Program Files/SEGGER/SEGGER Embedded Studio for ARM 5.68/lib/libc_v7em_t_le_eabi.a(libc.o)

.debug_line     0x0000000000000000    0x11087
 .debug_line    0x0000000000000000      0x21e Output/Release/Obj/ble_app_beacon_pca10056e_s112/thumb_crt0.o
 .debug_line    0x000000000000021e      0x3d3 Output/Release/Obj/ble_app_beacon_pca10056e_s112/app_error.o
 .debug_line    0x00000000000005f1      0x6c3 Output/Release/Obj/ble_app_beacon_pca10056e_s112/app_error_weak.o
 .debug_line    0x0000000000000cb4      0xe85 Output/Release/Obj/ble_app_beacon_pca10056e_s112/app_timer2.o